Archive member included to satisfy reference by file (symbol)

obj_cooja/mtype502.a(simEnvChange.o)
                              obj_cooja/mtype502.o (simDontFallAsleep)
obj_cooja/mtype502.a(cooja_mt.o)
                              obj_cooja/mtype502.o (cooja_mt_start)
obj_cooja/mtype502.a(cooja_mtarch.o)
                              obj_cooja/mtype502.a(cooja_mt.o) (cooja_mtarch_start)
obj_cooja/mtype502.a(rtimer-arch.o)
                              obj_cooja/mtype502.o (rtimer_arch_check)
obj_cooja/mtype502.a(beep.o)  obj_cooja/mtype502.o (beep_interface)
obj_cooja/mtype502.a(button-sensor.o)
                              obj_cooja/mtype502.o (button_interface)
obj_cooja/mtype502.a(leds-arch.o)
                              obj_cooja/mtype502.o (leds_interface)
obj_cooja/mtype502.a(moteid.o)
                              obj_cooja/mtype502.o (moteid_interface)
obj_cooja/mtype502.a(pir-sensor.o)
                              obj_cooja/mtype502.o (pir_interface)
obj_cooja/mtype502.a(rs232.o)
                              obj_cooja/mtype502.o (rs232_interface)
obj_cooja/mtype502.a(vib-sensor.o)
                              obj_cooja/mtype502.o (vib_interface)
obj_cooja/mtype502.a(clock.o)
                              obj_cooja/mtype502.o (clock_interface)
obj_cooja/mtype502.a(cooja-log.o)
                              obj_cooja/mtype502.o (simlog_interface)
obj_cooja/mtype502.a(cfs-cooja.o)
                              obj_cooja/mtype502.o (cfs_interface)
obj_cooja/mtype502.a(cooja-radio.o)
                              obj_cooja/mtype502.o (radio_interface)
obj_cooja/mtype502.a(eeprom.o)
                              obj_cooja/mtype502.o (eeprom_interface)
obj_cooja/mtype502.a(random.o)
                              obj_cooja/mtype502.a(moteid.o) (random_init)
obj_cooja/mtype502.a(sensors.o)
                              obj_cooja/mtype502.a(button-sensor.o) (sensors_changed)
obj_cooja/mtype502.a(leds.o)  hum_s.o (leds_on)
obj_cooja/mtype502.a(mqtt.o)  hum_s.o (mqtt_disconnect)
obj_cooja/mtype502.a(contiki-main.o)
                              obj_cooja/mtype502.o (main)
obj_cooja/mtype502.a(autostart.o)
                              obj_cooja/mtype502.a(contiki-main.o) (autostart_start)
obj_cooja/mtype502.a(ctimer.o)
                              obj_cooja/mtype502.a(contiki-main.o) (ctimer_init)
obj_cooja/mtype502.a(energest.o)
                              obj_cooja/mtype502.a(contiki-main.o) (energest_init)
obj_cooja/mtype502.a(etimer.o)
                              obj_cooja/mtype502.a(contiki-main.o) (etimer_process)
obj_cooja/mtype502.a(log.o)   obj_cooja/mtype502.a(contiki-main.o) (curr_log_level_main)
obj_cooja/mtype502.a(process.o)
                              obj_cooja/mtype502.a(mqtt.o) (process_current)
obj_cooja/mtype502.a(rtimer.o)
                              obj_cooja/mtype502.a(contiki-main.o) (rtimer_init)
obj_cooja/mtype502.a(node-id.o)
                              obj_cooja/mtype502.a(contiki-main.o) (node_id)
obj_cooja/mtype502.a(timer.o)
                              hum_s.o (timer_set)
obj_cooja/mtype502.a(serial-line.o)
                              obj_cooja/mtype502.a(rs232.o) (serial_line_input_byte)
obj_cooja/mtype502.a(list.o)  obj_cooja/mtype502.a(mqtt.o) (list_init)
obj_cooja/mtype502.a(ringbuf.o)
                              obj_cooja/mtype502.a(serial-line.o) (ringbuf_init)
obj_cooja/mtype502.a(packetbuf.o)
                              obj_cooja/mtype502.a(cooja-radio.o) (packetbuf_clear)
obj_cooja/mtype502.a(netstack.o)
                              obj_cooja/mtype502.a(contiki-main.o) (netstack_init)
obj_cooja/mtype502.a(linkaddr.o)
                              hum_s.o (linkaddr_node_addr)
obj_cooja/mtype502.a(csma.o)  obj_cooja/mtype502.a(cooja-radio.o) (csma_driver)
obj_cooja/mtype502.a(csma-output.o)
                              obj_cooja/mtype502.a(csma.o) (csma_output_packet)
obj_cooja/mtype502.a(uip-ds6.o)
                              obj_cooja/mtype502.a(contiki-main.o) (uip_ds6_get_link_local)
obj_cooja/mtype502.a(tcp-socket.o)
                              obj_cooja/mtype502.a(mqtt.o) (tcp_socket_register)
obj_cooja/mtype502.a(tcpip.o)
                              obj_cooja/mtype502.a(tcp-socket.o) (tcpip_event)
obj_cooja/mtype502.a(uip-ds6-route.o)
                              obj_cooja/mtype502.a(uip-ds6.o) (uip_ds6_route_init)
obj_cooja/mtype502.a(uip6.o)  obj_cooja/mtype502.a(contiki-main.o) (uip_lladdr)
obj_cooja/mtype502.a(uip-ds6-nbr.o)
                              obj_cooja/mtype502.a(uip-ds6.o) (uip_ds6_neighbors_init)
obj_cooja/mtype502.a(uip-nd6.o)
                              obj_cooja/mtype502.a(uip6.o) (uip_nd6_init)
obj_cooja/mtype502.a(sicslowpan.o)
                              obj_cooja/mtype502.a(contiki-main.o) (sicslowpan_driver)
obj_cooja/mtype502.a(uiplib.o)
                              obj_cooja/mtype502.a(mqtt.o) (uiplib_ip6addrconv)
obj_cooja/mtype502.a(rpl.o)   obj_cooja/mtype502.a(contiki-main.o) (rpl_lite_driver)
[...]
Memory Configuration

Name             Origin             Length             Attributes
*default*        0x0000000000000000 0xffffffffffffffff

Linker script and memory map

LOAD /usr/lib/gcc/i686-linux-gnu/5/../../../i386-linux-gnu/crti.o
LOAD /usr/lib/gcc/i686-linux-gnu/5/crtbeginS.o
LOAD hum_s.o
LOAD obj_cooja/mtype502.o
LOAD obj_cooja/mtype502.a
LOAD /usr/lib/gcc/i686-linux-gnu/5/libgcc.a
LOAD /usr/lib/gcc/i686-linux-gnu/5/libgcc_s.so
LOAD /usr/lib/gcc/i686-linux-gnu/5/../../../i386-linux-gnu/libc.so
START GROUP
LOAD /lib/i386-linux-gnu/libc.so.6
LOAD /usr/lib/i386-linux-gnu/libc_nonshared.a
LOAD /lib/i386-linux-gnu/ld-linux.so.2
END GROUP
LOAD /usr/lib/gcc/i686-linux-gnu/5/libgcc.a
LOAD /usr/lib/gcc/i686-linux-gnu/5/libgcc_s.so
LOAD /usr/lib/gcc/i686-linux-gnu/5/crtendS.o
LOAD /usr/lib/gcc/i686-linux-gnu/5/../../../i386-linux-gnu/crtn.o
                0x0000000000000114                . = (0x0 + SIZEOF_HEADERS)

.note.gnu.build-id
                0x0000000000000114       0x24
 *(.note.gnu.build-id)
 .note.gnu.build-id
                0x0000000000000114       0x24 /usr/lib/gcc/i686-linux-gnu/5/../../../i386-linux-gnu/crti.o

.hash
 *(.hash)

.gnu.hash       0x0000000000000138     0x13c8
 *(.gnu.hash)
 .gnu.hash      0x0000000000000138     0x13c8 /usr/lib/gcc/i686-linux-gnu/5/../../../i386-linux-gnu/crti.o

.dynsym         0x0000000000001500     0x2780
 *(.dynsym)
 .dynsym        0x0000000000001500     0x2780 /usr/lib/gcc/i686-linux-gnu/5/../../../i386-linux-gnu/crti.o

.dynstr         0x0000000000003c80     0x2ae3
 *(.dynstr)
 .dynstr        0x0000000000003c80     0x2ae3 /usr/lib/gcc/i686-linux-gnu/5/../../../i386-linux-gnu/crti.o

.gnu.version    0x0000000000006764      0x4f0
 *(.gnu.version)
 .gnu.version   0x0000000000006764      0x4f0 /usr/lib/gcc/i686-linux-gnu/5/../../../i386-linux-gnu/crti.o

.gnu.version_d  0x0000000000006c54        0x0
 *(.gnu.version_d)
 .gnu.version_d
                0x0000000000006c54        0x0 /usr/lib/gcc/i686-linux-gnu/5/../../../i386-linux-gnu/crti.o

.gnu.version_r  0x0000000000006c54       0x40
 *(.gnu.version_r)
 .gnu.version_r
                0x0000000000006c54       0x40 /usr/lib/gcc/i686-linux-gnu/5/../../../i386-linux-gnu/crti.o

.rel.dyn        0x0000000000006c94     0xa390
 *(.rel.init)
 .rel.init      0x0000000000006c94        0x0 /usr/lib/gcc/i686-linux-gnu/5/../../../i386-linux-gnu/crti.o
 *(.rel.text .rel.text.* .rel.gnu.linkonce.t.*)
 .rel.text      0x0000000000006c94     0x9a88 /usr/lib/gcc/i686-linux-gnu/5/../../../i386-linux-gnu/crti.o
 *(.rel.fini)
 .rel.fini      0x000000000001071c        0x0 /usr/lib/gcc/i686-linux-gnu/5/../../../i386-linux-gnu/crti.o
 *(.rel.rodata .rel.rodata.* .rel.gnu.linkonce.r.*)
 .rel.rodata    0x000000000001071c      0x578 /usr/lib/gcc/i686-linux-gnu/5/../../../i386-linux-gnu/crti.o
 *(.rel.data.rel.ro .rel.data.rel.ro.* .rel.gnu.linkonce.d.rel.ro.*)
 *(.rel.data .rel.data.* .rel.gnu.linkonce.d.*)
 .rel.data.rel.local
                0x0000000000010c94        0x8 /usr/lib/gcc/i686-linux-gnu/5/../../../i386-linux-gnu/crti.o
 .rel.data      0x0000000000010c9c      0x350 /usr/lib/gcc/i686-linux-gnu/5/../../../i386-linux-gnu/crti.o
 *(.rel.tdata .rel.tdata.* .rel.gnu.linkonce.td.*)
 *(.rel.tbss .rel.tbss.* .rel.gnu.linkonce.tb.*)
 *(.rel.ctors)
 *(.rel.dtors)
 *(.rel.got)
 .rel.got       0x0000000000010fec       0x28 /usr/lib/gcc/i686-linux-gnu/5/../../../i386-linux-gnu/crti.o
 *(.rel.bss .rel.bss.* .rel.gnu.linkonce.b.*)
 *(.rel.ifunc)
 .rel.ifunc     0x0000000000011014        0x0 /usr/lib/gcc/i686-linux-gnu/5/../../../i386-linux-gnu/crti.o
 .rel.fini_array
                0x0000000000011014        0x8 /usr/lib/gcc/i686-linux-gnu/5/../../../i386-linux-gnu/crti.o
 .rel.init_array
                0x000000000001101c        0x8 /usr/lib/gcc/i686-linux-gnu/5/../../../i386-linux-gnu/crti.o

.rel.plt        0x0000000000011024        0x0
 *(.rel.plt)
 .rel.plt       0x0000000000011024        0x0 /usr/lib/gcc/i686-linux-gnu/5/../../../i386-linux-gnu/crti.o
 *(.rel.iplt)

.init           0x0000000000011024       0x23
 *(SORT(.init))
 .init          0x0000000000011024       0x1e /usr/lib/gcc/i686-linux-gnu/5/../../../i386-linux-gnu/crti.o
                0x0000000000011024                _init
 .init          0x0000000000011042        0x5 /usr/lib/gcc/i686-linux-gnu/5/../../../i386-linux-gnu/crtn.o

.plt            0x0000000000011050       0x10
 *(.plt)
 .plt           0x0000000000011050       0x10 /usr/lib/gcc/i686-linux-gnu/5/../../../i386-linux-gnu/crti.o
 *(.iplt)

.plt.got        0x0000000000011060       0x10
 *(.plt.got)
 .plt.got       0x0000000000011060       0x10 /usr/lib/gcc/i686-linux-gnu/5/../../../i386-linux-gnu/crti.o

.text           0x0000000000011070    0x19970
 *(.text.unlikely .text.*_unlikely .text.unlikely.*)
 .text.unlikely
                0x0000000000011070        0x0 /usr/lib/gcc/i686-linux-gnu/5/crtbeginS.o
 *(.text.exit .text.exit.*)
 *(.text.startup .text.startup.*)
 *(.text.hot .text.hot.*)
 *(.text .stub .text.* .gnu.linkonce.t.*)
 .text          0x0000000000011070        0x0 /usr/lib/gcc/i686-linux-gnu/5/../../../i386-linux-gnu/crti.o
 .gnu.linkonce.t.__x86.get_pc_thunk.bx
                0x0000000000011070        0x4 /usr/lib/gcc/i686-linux-gnu/5/../../../i386-linux-gnu/crti.o
                0x0000000000011070                __x86.get_pc_thunk.bx
 *fill*         0x0000000000011074        0xc 
 .text          0x0000000000011080      0x11c /usr/lib/gcc/i686-linux-gnu/5/crtbeginS.o
 .text.__x86.get_pc_thunk.dx
                0x000000000001119c        0x4 /usr/lib/gcc/i686-linux-gnu/5/crtbeginS.o
                0x000000000001119c                __x86.get_pc_thunk.dx
 .text          0x00000000000111a0     0x1169 hum_s.o
                0x00000000000111a0                ipaddr_sprintf
 .text          0x0000000000012309      0x271 obj_cooja/mtype502.o
                0x000000000001239b                platform_init_stage_one
                0x00000000000123a1                platform_init_stage_two
                0x00000000000123af                platform_init_stage_three
                0x00000000000123c2                platform_main_loop
                0x0000000000012435                Java_org_contikios_cooja_corecomm_Lib15_init
                0x000000000001246c                Java_org_contikios_cooja_corecomm_Lib15_getMemory
                0x000000000001249f                Java_org_contikios_cooja_corecomm_Lib15_setMemory
                0x00000000000124ff                Java_org_contikios_cooja_corecomm_Lib15_tick
                0x0000000000012567                Java_org_contikios_cooja_corecomm_Lib15_setReferenceAddress
 .text          0x000000000001257a       0x65 obj_cooja/mtype502.a(simEnvChange.o)
                0x000000000001257a                doActionsBeforeTick
                0x00000000000125ac                doActionsAfterTick
 .text          0x00000000000125df       0x83 obj_cooja/mtype502.a(cooja_mt.o)
                0x00000000000125df                cooja_mt_start
                0x0000000000012609                cooja_mt_exec
                0x000000000001263f                cooja_mt_yield
 .text          0x0000000000012662       0xbe obj_cooja/mtype502.a(cooja_mtarch.o)
                0x0000000000012662                cooja_mtarch_start
                0x00000000000126d5                cooja_sw
                0x00000000000126f8                cooja_mtarch_exec
                0x0000000000012715                cooja_mtarch_yield
 .text          0x0000000000012720       0xc5 obj_cooja/mtype502.a(rtimer-arch.o)
                0x0000000000012720                rtimer_arch_init
                0x0000000000012744                rtimer_arch_schedule
                0x0000000000012774                rtimer_arch_next
                0x0000000000012784                rtimer_arch_pending
                0x000000000001278e                rtimer_arch_check
                0x00000000000127d5                rtimer_arch_now
 .text          0x00000000000127e5       0x81 obj_cooja/mtype502.a(beep.o)
                0x00000000000127e5                beep_alarm
                0x00000000000127f2                beep_beep
                0x00000000000127ff                beep
                0x000000000001280c                beep_down
                0x0000000000012819                beep_on
                0x0000000000012826                beep_off
                0x0000000000012833                beep_spinup
                0x0000000000012840                beep_quick
                0x000000000001284d                beep_long
 .text          0x0000000000012866      0x10d obj_cooja/mtype502.a(button-sensor.o)
 .text          0x0000000000012973       0x49 obj_cooja/mtype502.a(leds-arch.o)
                0x0000000000012973                leds_arch_init
                0x0000000000012980                leds_arch_get
                0x000000000001298c                leds_arch_set
 .text          0x00000000000129bc       0x35 obj_cooja/mtype502.a(moteid.o)
 .text          0x00000000000129f1       0xb7 obj_cooja/mtype502.a(pir-sensor.o)
 .text          0x0000000000012aa8      0x148 obj_cooja/mtype502.a(rs232.o)
                0x0000000000012aa8                rs232_init
                0x0000000000012aae                rs232_set_speed
                0x0000000000012abd                rs232_set_input
                0x0000000000012acb                rs232_send
                0x0000000000012aef                rs232_print
                0x0000000000012b0b                slip_arch_writeb
 .text          0x0000000000012bf0       0xb7 obj_cooja/mtype502.a(vib-sensor.o)
 .text          0x0000000000012ca7       0x38 obj_cooja/mtype502.a(clock.o)
                0x0000000000012ca7                clock_init
                0x0000000000012cad                clock_time
                0x0000000000012cb7                clock_seconds
                0x0000000000012ccd                clock_delay
 .text          0x0000000000012cdf      0x219 obj_cooja/mtype502.a(cooja-log.o)
                0x0000000000012cdf                simlog_char
                0x0000000000012d22                simlog
                0x0000000000012d98                log_message
                0x0000000000012dc9                log_set_putchar_with_slip
                0x0000000000012dd7                log_putchar
                0x0000000000012e52                log_puts
                0x0000000000012e7a                log_printf
 .text          0x0000000000012ef8      0x2b9 obj_cooja/mtype502.a(cfs-cooja.o)
                0x0000000000012ef8                cfs_open
                0x0000000000012f61                cfs_close
                0x0000000000012f6e                cfs_read
                0x0000000000013003                cfs_write
                0x00000000000130df                cfs_seek
                0x0000000000013167                cfs_remove
                0x000000000001318b                cfs_opendir
                0x0000000000013195                cfs_readdir
                0x000000000001319f                cfs_closedir
 .text          0x00000000000131b1      0x605 obj_cooja/mtype502.a(cooja-radio.o)
                0x00000000000131f3                radio_set_channel
                0x0000000000013201                radio_set_txpower
                0x0000000000013219                radio_signal_strength_last
                0x0000000000013223                radio_signal_strength_current
                0x000000000001322d                radio_LQI
 .text          0x00000000000137b6       0xee obj_cooja/mtype502.a(eeprom.o)
                0x00000000000137b6                eeprom_init
                0x00000000000137bc                eeprom_read
                0x000000000001382a                eeprom_write
 .text          0x00000000000138a4       0x2d obj_cooja/mtype502.a(random.o)
                0x00000000000138a4                random_init
                0x00000000000138c4                random_rand
 .text          0x00000000000138d1      0x29c obj_cooja/mtype502.a(sensors.o)
                0x000000000001390c                sensors_first
                0x0000000000013916                sensors_next
                0x0000000000013930                sensors_changed
                0x0000000000013964                sensors_find
 .text          0x0000000000013b6d       0xf6 obj_cooja/mtype502.a(leds.o)
                0x0000000000013b6d                leds_init
                0x0000000000013b7b                leds_blink
                0x0000000000013bbe                leds_get
                0x0000000000013bcb                leds_set
                0x0000000000013bea                leds_on
                0x0000000000013c10                leds_off
                0x0000000000013c3d                leds_toggle
 .text          0x0000000000013c63     0x3779 obj_cooja/mtype502.a(mqtt.o)
                0x0000000000016e06                mqtt_init
                0x0000000000016ec4                mqtt_register
                0x0000000000016f61                mqtt_connect
                0x0000000000017073                mqtt_disconnect
                0x00000000000170b1                mqtt_subscribe
                0x000000000001716e                mqtt_unsubscribe
                0x000000000001721c                mqtt_publish
                0x00000000000172fd                mqtt_set_username_password
                0x0000000000017388                mqtt_set_last_will
 .text          0x00000000000173dc      0x328 obj_cooja/mtype502.a(contiki-main.o)
                0x00000000000173dc                main
 .text          0x0000000000017704       0x92 obj_cooja/mtype502.a(autostart.o)
                0x0000000000017704                autostart_start
                0x000000000001774e                autostart_exit
 .text          0x0000000000017796      0x355 obj_cooja/mtype502.a(ctimer.o)
                0x00000000000178be                ctimer_init
                0x00000000000178f1                ctimer_set
                0x0000000000017917                ctimer_set_with_process
                0x0000000000017994                ctimer_reset
                0x00000000000179e8                ctimer_restart
                0x0000000000017a3c                ctimer_stop
                0x0000000000017a8c                ctimer_expired
 .text          0x0000000000017aeb       0x1b obj_cooja/mtype502.a(energest.o)
                0x0000000000017aeb                energest_init
                0x0000000000017af1                energest_flush
                0x0000000000017af7                energest_get_total_time
 .text          0x0000000000017b06      0x43f obj_cooja/mtype502.a(etimer.o)
                0x0000000000017d2a                etimer_request_poll
                0x0000000000017db3                etimer_set
                0x0000000000017ddc                etimer_reset_with_new_interval
                0x0000000000017e0b                etimer_reset
                0x0000000000017e31                etimer_restart
                0x0000000000017e57                etimer_adjust
                0x0000000000017e74                etimer_expired
                0x0000000000017e87                etimer_expiration_time
                0x0000000000017e99                etimer_start_time
                0x0000000000017ea3                etimer_pending
                0x0000000000017eb5                etimer_next_expiration_time
                0x0000000000017ecf                etimer_stop
 .text          0x0000000000017f45      0x394 obj_cooja/mtype502.a(log.o)
                0x0000000000017f45                log_6addr
                0x0000000000017f98                log_6addr_compact_snprint
                0x0000000000018036                log_6addr_compact
                0x0000000000018089                log_lladdr
                0x00000000000180fb                log_lladdr_compact
                0x0000000000018163                log_set_level
                0x000000000001821e                log_get_level
                0x0000000000018297                log_level_to_str
 .text          0x00000000000182d9      0x4fb obj_cooja/mtype502.a(process.o)
                0x00000000000182d9                process_alloc_event
                0x00000000000182ee                process_start
                0x00000000000184c8                process_exit
                0x00000000000184e5                process_init
                0x000000000001867a                process_run
                0x00000000000186ad                process_nevents
                0x00000000000186c8                process_post
                0x000000000001875b                process_post_synch
                0x0000000000018790                process_poll
                0x00000000000187c0                process_is_running
 .text          0x00000000000187d4       0xeb obj_cooja/mtype502.a(rtimer.o)
                0x00000000000187d4                rtimer_init
                0x00000000000187e2                rtimer_set
                0x000000000001885d                rtimer_run_next
 .text          0x00000000000188bf       0x25 obj_cooja/mtype502.a(node-id.o)
                0x00000000000188bf                node_id_init
 .text          0x00000000000188e4       0x9c obj_cooja/mtype502.a(timer.o)
                0x00000000000188e4                timer_set
                0x0000000000018902                timer_reset
                0x000000000001891a                timer_restart
                0x000000000001892f                timer_expired
                0x000000000001895c                timer_remaining
 .text          0x0000000000018980      0x1eb obj_cooja/mtype502.a(serial-line.o)
                0x0000000000018980                serial_line_input_byte
                0x0000000000018b36                serial_line_init
 .text          0x0000000000018b6b      0x28f obj_cooja/mtype502.a(list.o)
                0x0000000000018b6b                list_init
                0x0000000000018b7a                list_head
                0x0000000000018b84                list_copy
                0x0000000000018b94                list_tail
                0x0000000000018bca                list_add
                0x0000000000018c16                list_push
                0x0000000000018c42                list_chop
                0x0000000000018cac                list_pop
                0x0000000000018cd4                list_remove
                0x0000000000018d3c                list_length
                0x0000000000018d6a                list_insert
                0x0000000000018daf                list_item_next
                0x0000000000018dc6                list_contains
 .text          0x0000000000018dfa      0x156 obj_cooja/mtype502.a(ringbuf.o)
                0x0000000000018dfa                ringbuf_init
                0x0000000000018e2c                ringbuf_put
                0x0000000000018eaa                ringbuf_get
                0x0000000000018f17                ringbuf_size
                0x0000000000018f29                ringbuf_elements
 .text          0x0000000000018f50      0x407 obj_cooja/mtype502.a(packetbuf.o)
                0x0000000000018f50                packetbuf_clear
                0x0000000000018f7b                packetbuf_copyfrom
                0x0000000000018fca                packetbuf_copyto
                0x000000000001905d                packetbuf_hdralloc
                0x00000000000190d9                packetbuf_hdrreduce
                0x000000000001911f                packetbuf_set_datalen
                0x0000000000019139                packetbuf_dataptr
                0x0000000000019156                packetbuf_hdrptr
                0x0000000000019160                packetbuf_datalen
                0x000000000001916c                packetbuf_hdrlen
                0x0000000000019183                packetbuf_totlen
                0x0000000000019199                packetbuf_remaininglen
                0x00000000000191ac                packetbuf_attr_clear
                0x00000000000191f8                packetbuf_attr_copyto
                0x0000000000019250                packetbuf_attr_copyfrom
                0x00000000000192a8                packetbuf_set_attr
                0x00000000000192d2                packetbuf_attr
                0x00000000000192ec                packetbuf_set_addr
                0x000000000001931d                packetbuf_addr
                0x000000000001933a                packetbuf_holds_broadcast
 .text          0x0000000000019357       0xef obj_cooja/mtype502.a(netstack.o)
                0x0000000000019357                netstack_process_ip_callback
                0x00000000000193e8                netstack_ip_packet_processor_add
                0x000000000001940b                uip_ds6_ip_packet_processor_rm
                0x0000000000019428                netstack_init
 .text          0x0000000000019446       0x4f obj_cooja/mtype502.a(linkaddr.o)
                0x0000000000019446                linkaddr_copy
                0x000000000001945c                linkaddr_cmp
                0x000000000001947f                linkaddr_set_node_addr
 .text          0x0000000000019495      0x165 obj_cooja/mtype502.a(csma.o)
 .text          0x00000000000195fa      0x944 obj_cooja/mtype502.a(csma-output.o)
                0x0000000000019c73                csma_output_packet
                0x0000000000019f00                csma_output_init
 .text          0x0000000000019f3e      0xb25 obj_cooja/mtype502.a(uip-ds6.o)
                0x0000000000019f3e                uip_ds6_init
                0x000000000001a0e9                uip_ds6_periodic
                0x000000000001a170                uip_ds6_list_loop
                0x000000000001a230                uip_ds6_prefix_add
                0x000000000001a2dc                uip_ds6_prefix_rm
                0x000000000001a2ef                uip_ds6_prefix_lookup
                0x000000000001a32e                uip_ds6_is_addr_onlink
                0x000000000001a3a1                uip_ds6_addr_add
                0x000000000001a4c1                uip_ds6_addr_rm
                0x000000000001a56a                uip_ds6_addr_lookup
                0x000000000001a5a3                uip_ds6_get_link_local
                0x000000000001a624                uip_ds6_get_global
                0x000000000001a6a5                uip_ds6_maddr_add
                0x000000000001a705                uip_ds6_maddr_rm
                0x000000000001a718                uip_ds6_maddr_lookup
                0x000000000001a751                uip_ds6_aaddr_add
                0x000000000001a7b1                uip_ds6_aaddr_rm
                0x000000000001a7c4                uip_ds6_aaddr_lookup
                0x000000000001a7fd                uip_ds6_select_src
                0x000000000001a946                uip_ds6_set_addr_iid
                0x000000000001a971                uip_ds6_set_lladdr_from_iid
                0x000000000001a99a                get_match_length
                0x000000000001aa2b                uip_ds6_compute_reachable_time
 .text          0x000000000001aa63      0x9d5 obj_cooja/mtype502.a(tcp-socket.o)
                0x000000000001b0ae                tcp_socket_register
                0x000000000001b13f                tcp_socket_connect
                0x000000000001b1d6                tcp_socket_listen
                0x000000000001b24d                tcp_socket_unlisten
                0x000000000001b2c1                tcp_socket_send
                0x000000000001b361                tcp_socket_send_str
                0x000000000001b389                tcp_socket_close
                0x000000000001b3b2                tcp_socket_unregister
                0x000000000001b40c                tcp_socket_max_sendlen
                0x000000000001b429                tcp_socket_queuelen
 .text          0x000000000001b438      0xa72 obj_cooja/mtype502.a(tcpip.o)
                0x000000000001b452                tcpip_output
                0x000000000001b536                tcp_connect
                0x000000000001b58e                tcp_unlisten
                0x000000000001b5ee                tcp_listen
                0x000000000001b64c                tcp_attach
                0x000000000001b664                udp_attach
                0x000000000001b67c                udp_new
                0x000000000001b6c6                udp_broadcast_new
                0x000000000001b94b                tcpip_input
                0x000000000001baeb                tcpip_ipv6_output
                0x000000000001bcff                tcpip_poll_udp
                0x000000000001bd1d                tcpip_poll_tcp
                0x000000000001bd3b                tcpip_uipcall
 .text          0x000000000001beaa      0x35b obj_cooja/mtype502.a(uip-ds6-route.o)
                0x000000000001befb                uip_ds6_route_init
                0x000000000001bf25                uip_ds6_route_nexthop
                0x000000000001bf2f                uip_ds6_route_head
                0x000000000001bf39                uip_ds6_route_next
                0x000000000001bf43                uip_ds6_route_is_nexthop
                0x000000000001bf4d                uip_ds6_route_num_routes
                0x000000000001bf57                uip_ds6_route_lookup
                0x000000000001bf61                uip_ds6_route_add
                0x000000000001bf74                uip_ds6_route_rm
                0x000000000001bf7a                uip_ds6_route_rm_by_nexthop
                0x000000000001bf80                uip_ds6_defrt_head
                0x000000000001bf99                uip_ds6_defrt_add
                0x000000000001c047                uip_ds6_defrt_rm
                0x000000000001c0ad                uip_ds6_defrt_lookup
                0x000000000001c114                uip_ds6_defrt_choose
                0x000000000001c18a                uip_ds6_defrt_periodic
 .text          0x000000000001c205     0x2802 obj_cooja/mtype502.a(uip6.o)
                0x000000000001c205                uip_add32
                0x000000000001c39f                uip_chksum
                0x000000000001c480                uip_icmp6chksum
                0x000000000001c495                uip_tcpchksum
                0x000000000001c4aa                uip_udpchksum
                0x000000000001c4bf                uip_init
                0x000000000001c54a                uip_connect
                0x000000000001c6d3                remove_ext_hdr
                0x000000000001c7b8                uip_udp_new
                0x000000000001c8da                uip_unlisten
                0x000000000001c91c                uip_listen
                0x000000000001cbbd                uip_process
                0x000000000001e902                uip_htons
                0x000000000001e924                uip_htonl
                0x000000000001e962                uip_send
 .text          0x000000000001ea07      0x374 obj_cooja/mtype502.a(uip-ds6-nbr.o)
                0x000000000001ea07                uip_ds6_neighbors_init
                0x000000000001ea2b                uip_ds6_nbr_add
                0x000000000001eab1                uip_ds6_nbr_rm
                0x000000000001eafc                uip_ds6_nbr_update_ll
                0x000000000001ebea                uip_ds6_nbr_get_ipaddr
                0x000000000001ebff                uip_ds6_nbr_get_ll
                0x000000000001ec1b                uip_ds6_nbr_num
                0x000000000001ec64                uip_ds6_nbr_head
                0x000000000001ec7d                uip_ds6_nbr_next
                0x000000000001ec99                uip_ds6_nbr_lookup
                0x000000000001ecfc                uip_ds6_nbr_ll_lookup
                0x000000000001ed18                uip_ds6_nbr_ipaddr_from_lladdr
                0x000000000001ed41                uip_ds6_nbr_lladdr_from_ipaddr
                0x000000000001ed75                uip_ds6_link_callback
 .text          0x000000000001ed7b      0x6b5 obj_cooja/mtype502.a(uip-nd6.o)
                0x000000000001f417                uip_nd6_init
 .text          0x000000000001f430     0x2a78 obj_cooja/mtype502.a(sicslowpan.o)
                0x000000000001f92e                netstack_sniffer_add
                0x000000000001f93c                netstack_sniffer_remove
                0x0000000000021e74                sicslowpan_init
                0x0000000000021e9e                sicslowpan_get_last_rssi
 .text          0x0000000000021ea8      0x4d1 obj_cooja/mtype502.a(uiplib.o)
                0x0000000000021ea8                uiplib_ip6addrconv
                0x0000000000022060                uiplib_ip4addrconv
                0x0000000000022123                uiplib_ipaddr_print
                0x0000000000022176                uiplib_ipaddr_snprint
 .text          0x0000000000022379      0x4c9 obj_cooja/mtype502.a(rpl.o)
                0x0000000000022379                rpl_lollipop_greater_than
                0x00000000000223d3                rpl_get_global_address
                0x00000000000224cb                rpl_link_callback
                0x000000000002250f                rpl_has_joined
                0x0000000000022534                rpl_is_reachable
                0x00000000000225b5                rpl_reset_prefix
                0x000000000002261f                rpl_set_prefix_from_addr
                0x0000000000022704                rpl_set_prefix
                0x000000000002281e                rpl_set_leaf_only
                0x0000000000022836                rpl_get_leaf_only
 .text          0x0000000000022842     0x13cb obj_cooja/mtype502.a(rpl-icmp6.o)
                0x0000000000022967                rpl_icmp6_update_nbr_table
                0x0000000000022a00                rpl_icmp6_dis_output
                0x0000000000023056                rpl_icmp6_dio_output
                0x0000000000023863                rpl_icmp6_dao_output
                0x0000000000023b54                rpl_icmp6_dao_ack_output
                0x0000000000023bc4                rpl_icmp6_init
 .text          0x0000000000023c0d      0xe51 obj_cooja/mtype502.a(rpl-dag.o)
                0x0000000000023c0d                rpl_dag_state_to_str
                0x0000000000023c4c                rpl_dag_get_root_ipaddr
                0x0000000000023c94                rpl_dag_leave
                0x0000000000023d1d                rpl_dag_poison_and_leave
                0x0000000000023d35                rpl_dag_periodic
                0x0000000000023dbd                rpl_is_addr_in_our_dag
                0x0000000000023e01                rpl_get_default_instance
                0x0000000000023e1d                rpl_get_any_dag
                0x0000000000023e76                rpl_refresh_routes
                0x0000000000023eb6                rpl_global_repair
                0x0000000000023f42                rpl_local_repair
                0x0000000000023f8c                rpl_dag_ready_to_advertise
                0x0000000000023fcf                rpl_dag_update_state
                0x00000000000246f3                rpl_process_dio
                0x0000000000024774                rpl_process_dis
                0x00000000000247b9                rpl_process_dao
                0x0000000000024848                rpl_process_dao_ack
                0x00000000000248da                rpl_process_hbh
                0x000000000002492a                rpl_dag_init_root
                0x0000000000024a3e                rpl_dag_init
 .text          0x0000000000024a5e      0x286 obj_cooja/mtype502.a(rpl-dag-root.o)
                0x0000000000024a5e                rpl_dag_root_print_links
                0x0000000000024bac                rpl_dag_root_set_prefix
                0x0000000000024bd8                rpl_dag_root_start
                0x0000000000024cb5                rpl_dag_root_is_root
 .text          0x0000000000024ce4       0x1e obj_cooja/mtype502.a(watchdog.o)
                0x0000000000024ce4                watchdog_init
                0x0000000000024cea                watchdog_start
                0x0000000000024cf0                watchdog_periodic
                0x0000000000024cf6                watchdog_stop
                0x0000000000024cfc                watchdog_reboot
 .text          0x0000000000024d02       0xb2 obj_cooja/mtype502.a(stimer.o)
                0x0000000000024d02                stimer_set
                0x0000000000024d20                stimer_reset
                0x0000000000024d38                stimer_restart
                0x0000000000024d4d                stimer_expired
                0x0000000000024d78                stimer_remaining
                0x0000000000024d9c                stimer_elapsed
 .text          0x0000000000024db4      0x1b8 obj_cooja/mtype502.a(memb.o)
                0x0000000000024db4                memb_init
                0x0000000000024e09                memb_alloc
                0x0000000000024e6e                memb_free
                0x0000000000024ee9                memb_inmemb
                0x0000000000024f28                memb_numfree
 .text          0x0000000000024f6c      0x2e7 obj_cooja/mtype502.a(queuebuf.o)
                0x0000000000024f76                queuebuf_init
                0x0000000000024f9f                queuebuf_numfree
                0x0000000000024fb7                queuebuf_new_from_packetbuf
                0x0000000000025056                queuebuf_update_attr_from_packetbuf
                0x000000000002508b                queuebuf_update_from_packetbuf
                0x00000000000250db                queuebuf_free
                0x0000000000025124                queuebuf_to_packetbuf
                0x0000000000025190                queuebuf_dataptr
                0x00000000000251ca                queuebuf_datalen
                0x00000000000251ed                queuebuf_addr
                0x0000000000025222                queuebuf_attr
                0x000000000002524d                queuebuf_debug_print
 .text          0x0000000000025253      0x78b obj_cooja/mtype502.a(nbr-table.o)
                0x00000000000256cc                nbr_table_register
                0x0000000000025739                nbr_table_is_registered
                0x0000000000025774                nbr_table_head
                0x00000000000257cf                nbr_table_next
                0x0000000000025830                nbr_table_add_lladdr
                0x00000000000258fa                nbr_table_get_from_lladdr
                0x0000000000025946                nbr_table_remove
                0x000000000002597e                nbr_table_lock
                0x0000000000025998                nbr_table_unlock
                0x00000000000259b2                nbr_table_get_lladdr
 .text          0x00000000000259de      0x37c obj_cooja/mtype502.a(link-stats.o)
                0x00000000000259de                link_stats_from_lladdr
                0x00000000000259fa                link_stats_is_fresh
                0x0000000000025a36                guess_etx_from_rssi
                0x0000000000025ab2                link_stats_packet_sent
                0x0000000000025bc5                link_stats_input_callback
                0x0000000000025cd5                link_stats_reset
                0x0000000000025d25                link_stats_init
 .text          0x0000000000025d5a      0x187 obj_cooja/mtype502.a(mac-sequence.o)
                0x0000000000025d5a                mac_sequence_is_duplicate
                0x0000000000025dfa                mac_sequence_register_seqno
 .text          0x0000000000025ee1       0x23 obj_cooja/mtype502.a(mac.o)
                0x0000000000025ee1                mac_call_sent_callback
 .text          0x0000000000025f04      0x41d obj_cooja/mtype502.a(framer-802154.o)
                0x0000000000026093                framer_802154_setup_params
 .text          0x0000000000026321      0xb6f obj_cooja/mtype502.a(frame802154.o)
                0x0000000000026352                frame802154_get_pan_id
                0x000000000002635e                frame802154_set_pan_id
                0x0000000000026378                frame802154_has_panid
                0x0000000000026527                frame802154_check_dest_panid
                0x00000000000265af                frame802154_is_broadcast_addr
                0x00000000000265fc                frame802154_extract_linkaddr
                0x0000000000026861                frame802154_hdrlen
                0x00000000000268d4                frame802154_create_fcf
                0x000000000002698c                frame802154_create
                0x0000000000026b01                frame802154_parse_fcf
                0x0000000000026be3                frame802154_parse
 .text          0x0000000000026e90      0x1ec obj_cooja/mtype502.a(uipbuf.o)
                0x0000000000026e90                uipbuf_get_next_header
                0x0000000000026eff                uipbuf_get_last_header
                0x0000000000026f86                uipbuf_get_attr
                0x0000000000026fad                uipbuf_set_attr
                0x0000000000026fe4                uipbuf_clear_attr
                0x0000000000027010                uipbuf_set_attr_flag
                0x0000000000027031                uipbuf_clr_attr_flag
                0x0000000000027058                uipbuf_is_attr_flag
 .text          0x000000000002707c      0x96e obj_cooja/mtype502.a(uip-icmp6.o)
                0x00000000000270f1                uip_icmp6_input
                0x0000000000027148                uip_icmp6_register_input_handler
                0x0000000000027354                uip_icmp6_error_output
                0x00000000000276b3                uip_icmp6_send
                0x0000000000027972                uip_icmp6_echo_reply_callback_add
                0x00000000000279a4                uip_icmp6_echo_reply_callback_rm
                0x00000000000279c1                uip_icmp6_init
 .text          0x00000000000279ea      0x69b obj_cooja/mtype502.a(uip-sr.o)
                0x00000000000279ea                uip_sr_num_nodes
                0x0000000000027a78                uip_sr_get_node
                0x0000000000027acf                uip_sr_is_addr_reachable
                0x0000000000027b7d                uip_sr_expire_parent
                0x0000000000027bc6                uip_sr_update_node
                0x0000000000027cf6                uip_sr_init
                0x0000000000027d2a                uip_sr_node_head
                0x0000000000027d43                uip_sr_node_next
                0x0000000000027d59                uip_sr_periodic
                0x0000000000027e5f                uip_sr_free_all
                0x0000000000027ecf                uip_sr_link_snprint
 .text          0x0000000000028085      0x146 obj_cooja/mtype502.a(uip-packetqueue)
                0x00000000000280b3                uip_packetqueue_new
                0x00000000000280c2                uip_packetqueue_alloc
                0x000000000002811d                uip_packetqueue_free
                0x0000000000028164                uip_packetqueue_buf
                0x0000000000028181                uip_packetqueue_buflen
                0x00000000000281a2                uip_packetqueue_set_buflen
 .text          0x00000000000281cb      0x1c8 obj_cooja/mtype502.a(rpl-nbr-policy.)
                0x0000000000028350                rpl_nbr_policy_find_removable
 .text          0x0000000000028393      0x8ed obj_cooja/mtype502.a(rpl-neighbor.o)
                0x000000000002840f                rpl_neighbor_snprint
                0x00000000000286bc                rpl_neighbor_print_list
                0x0000000000028771                rpl_neighbor_count
                0x0000000000028818                rpl_neighbor_get_from_lladdr
                0x0000000000028834                rpl_neighbor_is_acceptable_parent
                0x0000000000028868                rpl_neighbor_get_link_metric
                0x000000000002889c                rpl_neighbor_rank_via_nbr
                0x00000000000288d0                rpl_neighbor_get_lladdr
                0x00000000000288ec                rpl_neighbor_get_ipaddr
                0x0000000000028913                rpl_neighbor_get_link_stats
                0x000000000002893a                rpl_neighbor_is_fresh
                0x0000000000028961                rpl_neighbor_is_reachable
                0x00000000000289ac                rpl_neighbor_is_parent
                0x00000000000289d6                rpl_neighbor_set_preferred_parent
                0x0000000000028a62                rpl_neighbor_remove_all
                0x0000000000028ab1                rpl_neighbor_get_from_ipaddr
                0x0000000000028bb5                rpl_neighbor_select_best
                0x0000000000028c61                rpl_neighbor_init
 .text          0x0000000000028c80      0xa19 obj_cooja/mtype502.a(rpl-timers.o)
                0x0000000000028c80                rpl_timers_schedule_periodic_dis
                0x0000000000028dce                rpl_timers_dio_reset
                0x0000000000028ebf                rpl_timers_schedule_unicast_dio
                0x0000000000029045                rpl_timers_schedule_dao
                0x000000000002917f                rpl_timers_schedule_dao_ack
                0x0000000000029205                get_probing_delay
                0x0000000000029239                get_probing_target
                0x0000000000029423                rpl_schedule_probing
                0x0000000000029451                rpl_schedule_probing_now
                0x00000000000294bb                rpl_timers_unschedule_leaving
                0x00000000000294f3                rpl_timers_schedule_leaving
                0x0000000000029534                rpl_timers_init
                0x00000000000295c4                rpl_timers_stop_dag_timers
                0x000000000002963d                rpl_timers_unschedule_state_update
                0x0000000000029661                rpl_timers_schedule_state_update
 .text          0x0000000000029699     0x102c obj_cooja/mtype502.a(rpl-ext-header.)
                0x0000000000029699                rpl_ext_header_srh_get_next_hop
                0x0000000000029815                rpl_ext_header_srh_update
                0x0000000000029f0e                rpl_ext_header_hbh_update
                0x000000000002a463                rpl_ext_header_update
                0x000000000002a4ec                rpl_ext_header_remove
 .text          0x000000000002a6c5      0x31b obj_cooja/mtype502.a(rpl-mrhof.o)
 .text          0x000000000002a9e0        0x0 /usr/lib/gcc/i686-linux-gnu/5/crtendS.o
 .text          0x000000000002a9e0        0x0 /usr/lib/gcc/i686-linux-gnu/5/../../../i386-linux-gnu/crtn.o
 *(.gnu.warning)

.fini           0x000000000002a9e0       0x14
 *(SORT(.fini))
 .fini          0x000000000002a9e0        0xf /usr/lib/gcc/i686-linux-gnu/5/../../../i386-linux-gnu/crti.o
                0x000000000002a9e0                _fini
 .fini          0x000000000002a9ef        0x5 /usr/lib/gcc/i686-linux-gnu/5/../../../i386-linux-gnu/crtn.o
                [!provide]                        PROVIDE (__etext, .)
                [!provide]                        PROVIDE (_etext, .)
                [!provide]                        PROVIDE (etext, .)

.rodata         0x000000000002aa00      0xc00
 *(.rodata .rodata.* .gnu.linkonce.r.*)
 .rodata        0x000000000002aa00      0x494 hum_s.o
                0x000000000002aa08                autostart_processes
 .rodata        0x000000000002ae94        0x8 obj_cooja/mtype502.a(beep.o)
                0x000000000002ae94                beep_interface
 .rodata        0x000000000002ae9c       0x20 obj_cooja/mtype502.a(button-sensor.o)
                0x000000000002ae9c                button_interface
                0x000000000002aeac                button_sensor
 .rodata        0x000000000002aebc        0x8 obj_cooja/mtype502.a(leds-arch.o)
                0x000000000002aebc                leds_interface
 .rodata        0x000000000002aec4        0x8 obj_cooja/mtype502.a(moteid.o)
                0x000000000002aec4                moteid_interface
 .rodata        0x000000000002aecc       0x1c obj_cooja/mtype502.a(pir-sensor.o)
                0x000000000002aecc                pir_interface
                0x000000000002aed8                pir_sensor
 .rodata        0x000000000002aee8        0xe obj_cooja/mtype502.a(rs232.o)
                0x000000000002aee8                rs232_interface
 *fill*         0x000000000002aef6        0x2 
 .rodata        0x000000000002aef8       0x24 obj_cooja/mtype502.a(vib-sensor.o)
                0x000000000002aef8                vib_interface
                0x000000000002af0c                vib_sensor
 .rodata        0x000000000002af1c        0x8 obj_cooja/mtype502.a(clock.o)
                0x000000000002af1c                clock_interface
 .rodata        0x000000000002af24        0x8 obj_cooja/mtype502.a(cooja-log.o)
                0x000000000002af24                simlog_interface
 .rodata        0x000000000002af2c       0x2f obj_cooja/mtype502.a(cfs-cooja.o)
                0x000000000002af2c                cfs_interface
 *fill*         0x000000000002af5b        0x5 
 .rodata        0x000000000002af60       0x58 obj_cooja/mtype502.a(cooja-radio.o)
                0x000000000002af60                radio_interface
                0x000000000002af80                cooja_radio_driver
 .rodata        0x000000000002afb8        0x8 obj_cooja/mtype502.a(eeprom.o)
                0x000000000002afb8                eeprom_interface
 .rodata        0x000000000002afc0        0x8 obj_cooja/mtype502.a(sensors.o)
 .rodata        0x000000000002afc8       0x14 obj_cooja/mtype502.a(mqtt.o)
 .rodata        0x000000000002afdc       0xf8 obj_cooja/mtype502.a(contiki-main.o)
 .rodata        0x000000000002b0d4        0xf obj_cooja/mtype502.a(ctimer.o)
 .rodata        0x000000000002b0e3        0xc obj_cooja/mtype502.a(etimer.o)
 *fill*         0x000000000002b0ef        0x1 
 .rodata        0x000000000002b0f0       0xc0 obj_cooja/mtype502.a(log.o)
 .rodata        0x000000000002b1b0        0xe obj_cooja/mtype502.a(serial-line.o)
 *fill*         0x000000000002b1be        0x2 
 .rodata        0x000000000002b1c0        0x8 obj_cooja/mtype502.a(linkaddr.o)
                0x000000000002b1c0                linkaddr_null
 .rodata        0x000000000002b1c8       0x20 obj_cooja/mtype502.a(csma.o)
                0x000000000002b1d0                csma_driver
 .rodata        0x000000000002b1e8       0x13 obj_cooja/mtype502.a(tcp-socket.o)
 .rodata        0x000000000002b1fb        0xd obj_cooja/mtype502.a(tcpip.o)
 .rodata        0x000000000002b208       0x4d obj_cooja/mtype502.a(uip-ds6-route.o)
 *fill*         0x000000000002b255        0x3 
 .rodata        0x000000000002b258      0x13c obj_cooja/mtype502.a(uip6.o)
 .rodata        0x000000000002b394       0x30 obj_cooja/mtype502.a(sicslowpan.o)
                0x000000000002b394                unc_llconf
                0x000000000002b398                unc_ctxconf
                0x000000000002b39c                unc_mxconf
                0x000000000002b3a0                llprefix
                0x000000000002b3b4                sicslowpan_driver
 .rodata        0x000000000002b3c4       0x2d obj_cooja/mtype502.a(uiplib.o)
 *fill*         0x000000000002b3f1        0xf 
 .rodata        0x000000000002b400       0x70 obj_cooja/mtype502.a(rpl.o)
                0x000000000002b420                rpl_lite_driver
 .rodata        0x000000000002b470       0xdb obj_cooja/mtype502.a(rpl-dag.o)
 *fill*         0x000000000002b54b        0x1 
 .rodata        0x000000000002b54c        0xc obj_cooja/mtype502.a(framer-802154.o)
                0x000000000002b54c                framer_802154
 .rodata        0x000000000002b558       0x44 obj_cooja/mtype502.a(uip-sr.o)
 .rodata        0x000000000002b59c       0x58 obj_cooja/mtype502.a(rpl-neighbor.o)
 .rodata        0x000000000002b5f4        0xc obj_cooja/mtype502.a(rpl-timers.o)

.rodata1
 *(.rodata1)

.eh_frame_hdr   0x000000000002b600     0x1674
 *(.eh_frame_hdr)
 .eh_frame_hdr  0x000000000002b600     0x1674 hum_s.o
                0x000000000002b600                __GNU_EH_FRAME_HDR
 *(.eh_frame_entry .eh_frame_entry.*)

.eh_frame       0x000000000002cc74     0x5af0
 *(.eh_frame)
 .eh_frame      0x000000000002cc74       0x3c /usr/lib/gcc/i686-linux-gnu/5/../../../i386-linux-gnu/crti.o
                                         0x40 (size before relaxing)
 .eh_frame      0x000000000002ccb0      0x240 hum_s.o
                                        0x258 (size before relaxing)
 .eh_frame      0x000000000002cef0      0x178 obj_cooja/mtype502.o
                                        0x190 (size before relaxing)
 .eh_frame      0x000000000002d068       0x40 obj_cooja/mtype502.a(simEnvChange.o)
                                         0x58 (size before relaxing)
 .eh_frame      0x000000000002d0a8       0x60 obj_cooja/mtype502.a(cooja_mt.o)
                                         0x78 (size before relaxing)
 .eh_frame      0x000000000002d108       0x80 obj_cooja/mtype502.a(cooja_mtarch.o)
                                         0x98 (size before relaxing)
 .eh_frame      0x000000000002d188       0xc8 obj_cooja/mtype502.a(rtimer-arch.o)
                                         0xe0 (size before relaxing)
 .eh_frame      0x000000000002d250      0x160 obj_cooja/mtype502.a(beep.o)
                                        0x178 (size before relaxing)
 .eh_frame      0x000000000002d3b0       0xa0 obj_cooja/mtype502.a(button-sensor.o)
                                         0xb8 (size before relaxing)
 .eh_frame      0x000000000002d450       0xa0 obj_cooja/mtype502.a(leds-arch.o)
                                         0xb8 (size before relaxing)
 .eh_frame      0x000000000002d4f0       0x40 obj_cooja/mtype502.a(moteid.o)
                                         0x58 (size before relaxing)
 .eh_frame      0x000000000002d530       0xa0 obj_cooja/mtype502.a(pir-sensor.o)
                                         0xb8 (size before relaxing)
 .eh_frame      0x000000000002d5d0      0x100 obj_cooja/mtype502.a(rs232.o)
                                        0x118 (size before relaxing)
 .eh_frame      0x000000000002d6d0       0xa0 obj_cooja/mtype502.a(vib-sensor.o)
                                         0xb8 (size before relaxing)
 .eh_frame      0x000000000002d770       0xc0 obj_cooja/mtype502.a(clock.o)
                                         0xd8 (size before relaxing)
 .eh_frame      0x000000000002d830      0x120 obj_cooja/mtype502.a(cooja-log.o)
                                        0x138 (size before relaxing)
 .eh_frame      0x000000000002d950      0x160 obj_cooja/mtype502.a(cfs-cooja.o)
                                        0x178 (size before relaxing)
 .eh_frame      0x000000000002dab0      0x340 obj_cooja/mtype502.a(cooja-radio.o)
                                        0x358 (size before relaxing)
 .eh_frame      0x000000000002ddf0       0xa0 obj_cooja/mtype502.a(eeprom.o)
                                         0xb8 (size before relaxing)
 .eh_frame      0x000000000002de90       0x40 obj_cooja/mtype502.a(random.o)
                                         0x58 (size before relaxing)
 .eh_frame      0x000000000002ded0       0xc0 obj_cooja/mtype502.a(sensors.o)
                                         0xd8 (size before relaxing)
 .eh_frame      0x000000000002df90       0xe0 obj_cooja/mtype502.a(leds.o)
                                         0xf8 (size before relaxing)
 .eh_frame      0x000000000002e070      0x4a4 obj_cooja/mtype502.a(mqtt.o)
                                        0x4bc (size before relaxing)
 .eh_frame      0x000000000002e514       0x30 obj_cooja/mtype502.a(contiki-main.o)
                                         0x48 (size before relaxing)
 .eh_frame      0x000000000002e544       0x40 obj_cooja/mtype502.a(autostart.o)
                                         0x58 (size before relaxing)
 .eh_frame      0x000000000002e584      0x100 obj_cooja/mtype502.a(ctimer.o)
                                        0x118 (size before relaxing)
 .eh_frame      0x000000000002e684       0x60 obj_cooja/mtype502.a(energest.o)
                                         0x78 (size before relaxing)
 .eh_frame      0x000000000002e6e4      0x1e0 obj_cooja/mtype502.a(etimer.o)
                                        0x1f8 (size before relaxing)
 .eh_frame      0x000000000002e8c4      0x100 obj_cooja/mtype502.a(log.o)
                                        0x118 (size before relaxing)
 .eh_frame      0x000000000002e9c4      0x1c4 obj_cooja/mtype502.a(process.o)
                                        0x1dc (size before relaxing)
 .eh_frame      0x000000000002eb88       0x60 obj_cooja/mtype502.a(rtimer.o)
                                         0x78 (size before relaxing)
 .eh_frame      0x000000000002ebe8       0x20 obj_cooja/mtype502.a(node-id.o)
                                         0x38 (size before relaxing)
 .eh_frame      0x000000000002ec08       0xa4 obj_cooja/mtype502.a(timer.o)
                                         0xbc (size before relaxing)
 .eh_frame      0x000000000002ecac       0x60 obj_cooja/mtype502.a(serial-line.o)
                                         0x78 (size before relaxing)
 .eh_frame      0x000000000002ed0c      0x1a0 obj_cooja/mtype502.a(list.o)
                                        0x1b8 (size before relaxing)
 .eh_frame      0x000000000002eeac       0xa0 obj_cooja/mtype502.a(ringbuf.o)
                                         0xb8 (size before relaxing)
 .eh_frame      0x000000000002ef4c      0x28c obj_cooja/mtype502.a(packetbuf.o)
                                        0x2a4 (size before relaxing)
 .eh_frame      0x000000000002f1d8       0x80 obj_cooja/mtype502.a(netstack.o)
                                         0x98 (size before relaxing)
 .eh_frame      0x000000000002f258       0x60 obj_cooja/mtype502.a(linkaddr.o)
                                         0x78 (size before relaxing)
 .eh_frame      0x000000000002f2b8       0xa0 obj_cooja/mtype502.a(csma.o)
                                         0xb8 (size before relaxing)
 .eh_frame      0x000000000002f358      0x1d4 obj_cooja/mtype502.a(csma-output.o)
                                        0x1ec (size before relaxing)
 .eh_frame      0x000000000002f52c      0x2e8 obj_cooja/mtype502.a(uip-ds6.o)
                                        0x300 (size before relaxing)
 .eh_frame      0x000000000002f814      0x248 obj_cooja/mtype502.a(tcp-socket.o)
                                        0x260 (size before relaxing)
 .eh_frame      0x000000000002fa5c      0x308 obj_cooja/mtype502.a(tcpip.o)
                                        0x320 (size before relaxing)
 .eh_frame      0x000000000002fd64      0x220 obj_cooja/mtype502.a(uip-ds6-route.o)
                                        0x238 (size before relaxing)
 .eh_frame      0x000000000002ff84      0x274 obj_cooja/mtype502.a(uip6.o)
                                        0x28c (size before relaxing)
 .eh_frame      0x00000000000301f8      0x1c0 obj_cooja/mtype502.a(uip-ds6-nbr.o)
                                        0x1d8 (size before relaxing)
 .eh_frame      0x00000000000303b8       0x84 obj_cooja/mtype502.a(uip-nd6.o)
                                         0x9c (size before relaxing)
 .eh_frame      0x000000000003043c      0x2f8 obj_cooja/mtype502.a(sicslowpan.o)
                                        0x310 (size before relaxing)
 .eh_frame      0x0000000000030734       0x88 obj_cooja/mtype502.a(uiplib.o)
                                         0xa0 (size before relaxing)
 .eh_frame      0x00000000000307bc      0x1e0 obj_cooja/mtype502.a(rpl.o)
                                        0x1f8 (size before relaxing)
 .eh_frame      0x000000000003099c      0x1c4 obj_cooja/mtype502.a(rpl-icmp6.o)
                                        0x1dc (size before relaxing)
 .eh_frame      0x0000000000030b60      0x370 obj_cooja/mtype502.a(rpl-dag.o)
                                        0x388 (size before relaxing)
 .eh_frame      0x0000000000030ed0       0xa0 obj_cooja/mtype502.a(rpl-dag-root.o)
                                         0xb8 (size before relaxing)
 .eh_frame      0x0000000000030f70       0xa0 obj_cooja/mtype502.a(watchdog.o)
                                         0xb8 (size before relaxing)
 .eh_frame      0x0000000000031010       0xc4 obj_cooja/mtype502.a(stimer.o)
                                         0xdc (size before relaxing)
 .eh_frame      0x00000000000310d4       0xa0 obj_cooja/mtype502.a(memb.o)
                                         0xb8 (size before relaxing)
 .eh_frame      0x0000000000031174      0x1a0 obj_cooja/mtype502.a(queuebuf.o)
                                        0x1b8 (size before relaxing)
 .eh_frame      0x0000000000031314      0x2ac obj_cooja/mtype502.a(nbr-table.o)
                                        0x2c4 (size before relaxing)
 .eh_frame      0x00000000000315c0      0x100 obj_cooja/mtype502.a(link-stats.o)
                                        0x118 (size before relaxing)
 .eh_frame      0x00000000000316c0       0x48 obj_cooja/mtype502.a(mac-sequence.o)
                                         0x60 (size before relaxing)
 .eh_frame      0x0000000000031708       0x20 obj_cooja/mtype502.a(mac.o)
                                         0x38 (size before relaxing)
 .eh_frame      0x0000000000031728       0xa4 obj_cooja/mtype502.a(framer-802154.o)
                                         0xbc (size before relaxing)
 .eh_frame      0x00000000000317cc      0x1a4 obj_cooja/mtype502.a(frame802154.o)
                                        0x1bc (size before relaxing)
 .eh_frame      0x0000000000031970      0x100 obj_cooja/mtype502.a(uipbuf.o)
                                        0x118 (size before relaxing)
 .eh_frame      0x0000000000031a70      0x160 obj_cooja/mtype502.a(uip-icmp6.o)
                                        0x178 (size before relaxing)
 .eh_frame      0x0000000000031bd0      0x184 obj_cooja/mtype502.a(uip-sr.o)
                                        0x19c (size before relaxing)
 .eh_frame      0x0000000000031d54       0xe0 obj_cooja/mtype502.a(uip-packetqueue)
                                         0xf8 (size before relaxing)
 .eh_frame      0x0000000000031e34       0x80 obj_cooja/mtype502.a(rpl-nbr-policy.)
                                         0x98 (size before relaxing)
 .eh_frame      0x0000000000031eb4      0x2d4 obj_cooja/mtype502.a(rpl-neighbor.o)
                                        0x2ec (size before relaxing)
 .eh_frame      0x0000000000032188      0x368 obj_cooja/mtype502.a(rpl-timers.o)
                                        0x380 (size before relaxing)
 .eh_frame      0x00000000000324f0      0x128 obj_cooja/mtype502.a(rpl-ext-header.)
                                        0x140 (size before relaxing)
 .eh_frame      0x0000000000032618      0x148 obj_cooja/mtype502.a(rpl-mrhof.o)
                                        0x160 (size before relaxing)
 .eh_frame      0x0000000000032760        0x4 /usr/lib/gcc/i686-linux-gnu/5/crtendS.o
 *(.eh_frame.*)

.gcc_except_table
 *(.gcc_except_table .gcc_except_table.*)

.gnu_extab
 *(.gnu_extab*)

.exception_ranges
 *(.exception_ranges .exception_ranges*)
                0x0000000000033f10                . = DATA_SEGMENT_ALIGN (0x1000, 0x1000)

.eh_frame
 *(.eh_frame)
 *(.eh_frame.*)

.gnu_extab
 *(.gnu_extab)

.gcc_except_table
 *(.gcc_except_table .gcc_except_table.*)

.exception_ranges
 *(.exception_ranges .exception_ranges*)

.tdata
 *(.tdata .tdata.* .gnu.linkonce.td.*)

.tbss
 *(.tbss .tbss.* .gnu.linkonce.tb.*)
 *(.tcommon)

.preinit_array
 *(.preinit_array)

.init_array     0x0000000000033f10        0x4
 *(SORT(.init_array.*) SORT(.ctors.*))
 *(.init_array EXCLUDE_FILE(*crtend?.o *crtend.o *crtbegin?.o *crtbegin.o) .ctors)
 .init_array    0x0000000000033f10        0x4 /usr/lib/gcc/i686-linux-gnu/5/crtbeginS.o

.fini_array     0x0000000000033f14        0x4
 *(SORT(.fini_array.*) SORT(.dtors.*))
 *(.fini_array EXCLUDE_FILE(*crtend?.o *crtend.o *crtbegin?.o *crtbegin.o) .dtors)
 .fini_array    0x0000000000033f14        0x4 /usr/lib/gcc/i686-linux-gnu/5/crtbeginS.o

.ctors
 *crtbegin.o(.ctors)
 *crtbegin?.o(.ctors)
 *(EXCLUDE_FILE(*crtend?.o *crtend.o) .ctors)
 *(SORT(.ctors.*))
 *(.ctors)

.dtors
 *crtbegin.o(.dtors)
 *crtbegin?.o(.dtors)
 *(EXCLUDE_FILE(*crtend?.o *crtend.o) .dtors)
 *(SORT(.dtors.*))
 *(.dtors)

.jcr            0x0000000000033f18        0x4
 *(.jcr)
 .jcr           0x0000000000033f18        0x0 /usr/lib/gcc/i686-linux-gnu/5/crtbeginS.o
 .jcr           0x0000000000033f18        0x4 /usr/lib/gcc/i686-linux-gnu/5/crtendS.o

.data.rel.ro
 *(.data.rel.ro.local* .gnu.linkonce.d.rel.ro.local.*)
 *(.data.rel.ro .data.rel.ro.* .gnu.linkonce.d.rel.ro.*)

.dynamic        0x0000000000033f1c       0xd0
 *(.dynamic)
 .dynamic       0x0000000000033f1c       0xd0 /usr/lib/gcc/i686-linux-gnu/5/../../../i386-linux-gnu/crti.o
                0x0000000000033f1c                _DYNAMIC

.got            0x0000000000033fec       0x14
 *(.got)
 .got           0x0000000000033fec       0x14 /usr/lib/gcc/i686-linux-gnu/5/../../../i386-linux-gnu/crti.o
 *(.igot)
                0x0000000000034ff4                . = DATA_SEGMENT_RELRO_END (., (SIZEOF (.got.plt) >= 0xc)?0xc:0x0)

.got.plt        0x0000000000034000        0xc
 *(.got.plt)
 .got.plt       0x0000000000034000        0xc /usr/lib/gcc/i686-linux-gnu/5/../../../i386-linux-gnu/crti.o
                0x0000000000034000                _GLOBAL_OFFSET_TABLE_
 *(.igot.plt)

.data           0x0000000000034020      0x324
 *(.data .data.* .gnu.linkonce.d.*)
 .data          0x0000000000034020        0x0 /usr/lib/gcc/i686-linux-gnu/5/../../../i386-linux-gnu/crti.o
 .data          0x0000000000034020        0x0 /usr/lib/gcc/i686-linux-gnu/5/crtbeginS.o
 .data.rel.local
                0x0000000000034020        0x4 /usr/lib/gcc/i686-linux-gnu/5/crtbeginS.o
                0x0000000000034020                __dso_handle
 .data          0x0000000000034024       0x14 hum_s.o
                0x0000000000034028                mqtt_demo_process
 *fill*         0x0000000000034038        0x8 
 .data          0x0000000000034040       0x44 obj_cooja/mtype502.o
                0x0000000000034040                simInterfaces
                0x0000000000034074                sensors
 .data          0x0000000000034084        0x0 obj_cooja/mtype502.a(simEnvChange.o)
 .data          0x0000000000034084        0x0 obj_cooja/mtype502.a(cooja_mt.o)
 .data          0x0000000000034084        0x0 obj_cooja/mtype502.a(cooja_mtarch.o)
 .data          0x0000000000034084        0x0 obj_cooja/mtype502.a(rtimer-arch.o)
 .data          0x0000000000034084        0x0 obj_cooja/mtype502.a(beep.o)
 .data          0x0000000000034084        0x0 obj_cooja/mtype502.a(button-sensor.o)
 .data          0x0000000000034084        0x0 obj_cooja/mtype502.a(leds-arch.o)
 .data          0x0000000000034084        0x0 obj_cooja/mtype502.a(moteid.o)
 .data          0x0000000000034084        0x0 obj_cooja/mtype502.a(pir-sensor.o)
 .data          0x0000000000034084        0x0 obj_cooja/mtype502.a(rs232.o)
 .data          0x0000000000034084        0x0 obj_cooja/mtype502.a(vib-sensor.o)
 .data          0x0000000000034084        0x0 obj_cooja/mtype502.a(clock.o)
 .data          0x0000000000034084        0x0 obj_cooja/mtype502.a(cooja-log.o)
 .data          0x0000000000034084        0x0 obj_cooja/mtype502.a(cfs-cooja.o)
 .data          0x0000000000034084       0x2c obj_cooja/mtype502.a(cooja-radio.o)
                0x0000000000034084                simRadioHWOn
                0x0000000000034088                simSignalStrength
                0x000000000003408c                simLastSignalStrength
                0x0000000000034090                simPower
                0x0000000000034094                simRadioChannel
                0x0000000000034098                simLQI
                0x00000000000340a0                cooja_radio_process
 .data          0x00000000000340b0        0x0 obj_cooja/mtype502.a(eeprom.o)
 .data          0x00000000000340b0        0x0 obj_cooja/mtype502.a(random.o)
 .data          0x00000000000340b0       0x10 obj_cooja/mtype502.a(sensors.o)
                0x00000000000340b0                sensors_process
 .data          0x00000000000340c0        0x0 obj_cooja/mtype502.a(leds.o)
 .data          0x00000000000340c0       0x14 obj_cooja/mtype502.a(mqtt.o)
                0x00000000000340c4                mqtt_process
 .data          0x00000000000340d4        0x0 obj_cooja/mtype502.a(contiki-main.o)
 .data          0x00000000000340d4        0x0 obj_cooja/mtype502.a(autostart.o)
 .data          0x00000000000340d4       0x14 obj_cooja/mtype502.a(ctimer.o)
                0x00000000000340d8                ctimer_process
 .data          0x00000000000340e8        0x0 obj_cooja/mtype502.a(energest.o)
 .data          0x00000000000340e8       0x10 obj_cooja/mtype502.a(etimer.o)
                0x00000000000340e8                etimer_process
 *fill*         0x00000000000340f8        0x8 
 .data          0x0000000000034100       0xb0 obj_cooja/mtype502.a(log.o)
                0x0000000000034100                curr_log_level_main
                0x0000000000034120                all_modules
 .data          0x00000000000341b0        0x0 obj_cooja/mtype502.a(process.o)
 .data          0x00000000000341b0        0x0 obj_cooja/mtype502.a(rtimer.o)
 .data          0x00000000000341b0        0x0 obj_cooja/mtype502.a(node-id.o)
 .data          0x00000000000341b0        0x0 obj_cooja/mtype502.a(timer.o)
 .data          0x00000000000341b0       0x10 obj_cooja/mtype502.a(serial-line.o)
                0x00000000000341b0                serial_line_process
 .data          0x00000000000341c0        0x0 obj_cooja/mtype502.a(list.o)
 .data          0x00000000000341c0        0x0 obj_cooja/mtype502.a(ringbuf.o)
 .data          0x00000000000341c0        0x4 obj_cooja/mtype502.a(packetbuf.o)
 .data          0x00000000000341c4        0x4 obj_cooja/mtype502.a(netstack.o)
 .data          0x00000000000341c8        0x0 obj_cooja/mtype502.a(linkaddr.o)
 .data          0x00000000000341c8        0x0 obj_cooja/mtype502.a(csma.o)
 .data          0x00000000000341c8       0x28 obj_cooja/mtype502.a(csma-output.o)
 .data          0x00000000000341f0        0x0 obj_cooja/mtype502.a(uip-ds6.o)
 .data          0x00000000000341f0       0x14 obj_cooja/mtype502.a(tcp-socket.o)
                0x00000000000341f4                tcp_socket_process
 .data          0x0000000000034204       0x10 obj_cooja/mtype502.a(tcpip.o)
                0x0000000000034204                tcpip_process
 .data          0x0000000000034214       0x10 obj_cooja/mtype502.a(uip-ds6-route.o)
 .data          0x0000000000034224        0x0 obj_cooja/mtype502.a(uip6.o)
 .data          0x0000000000034224       0x14 obj_cooja/mtype502.a(uip-ds6-nbr.o)
                0x0000000000034234                ds6_neighbors
 .data          0x0000000000034238        0xc obj_cooja/mtype502.a(uip-nd6.o)
 .data          0x0000000000034244        0x0 obj_cooja/mtype502.a(sicslowpan.o)
 .data          0x0000000000034244        0x0 obj_cooja/mtype502.a(uiplib.o)
 .data          0x0000000000034244        0x0 obj_cooja/mtype502.a(rpl.o)
 .data          0x0000000000034244       0x30 obj_cooja/mtype502.a(rpl-icmp6.o)
 .data          0x0000000000034274        0x0 obj_cooja/mtype502.a(rpl-dag.o)
 .data          0x0000000000034274        0x0 obj_cooja/mtype502.a(rpl-dag-root.o)
 .data          0x0000000000034274        0x0 obj_cooja/mtype502.a(watchdog.o)
 .data          0x0000000000034274        0x0 obj_cooja/mtype502.a(stimer.o)
 .data          0x0000000000034274        0x0 obj_cooja/mtype502.a(memb.o)
 .data          0x0000000000034274       0x18 obj_cooja/mtype502.a(queuebuf.o)
 .data          0x000000000003428c       0x10 obj_cooja/mtype502.a(nbr-table.o)
 .data          0x000000000003429c       0x14 obj_cooja/mtype502.a(link-stats.o)
 .data          0x00000000000342b0        0x0 obj_cooja/mtype502.a(mac-sequence.o)
 .data          0x00000000000342b0        0x0 obj_cooja/mtype502.a(mac.o)
 .data          0x00000000000342b0        0x0 obj_cooja/mtype502.a(framer-802154.o)
 .data          0x00000000000342b0        0x2 obj_cooja/mtype502.a(frame802154.o)
 .data          0x00000000000342b2        0x0 obj_cooja/mtype502.a(uipbuf.o)
 *fill*         0x00000000000342b2        0x2 
 .data          0x00000000000342b4       0x20 obj_cooja/mtype502.a(uip-icmp6.o)
 .data          0x00000000000342d4       0x10 obj_cooja/mtype502.a(uip-sr.o)
 .data          0x00000000000342e4        0xc obj_cooja/mtype502.a(uip-packetqueue)
 .data          0x00000000000342f0        0x0 obj_cooja/mtype502.a(rpl-nbr-policy.)
 .data          0x00000000000342f0       0x14 obj_cooja/mtype502.a(rpl-neighbor.o)
                0x0000000000034300                rpl_neighbors
 .data          0x0000000000034304        0x0 obj_cooja/mtype502.a(rpl-timers.o)
 .data          0x0000000000034304        0x0 obj_cooja/mtype502.a(rpl-ext-header.)
 *fill*         0x0000000000034304       0x1c 
 .data          0x0000000000034320       0x24 obj_cooja/mtype502.a(rpl-mrhof.o)
                0x0000000000034320                rpl_mrhof
 .data          0x0000000000034344        0x0 /usr/lib/gcc/i686-linux-gnu/5/crtendS.o
 .data          0x0000000000034344        0x0 /usr/lib/gcc/i686-linux-gnu/5/../../../i386-linux-gnu/crtn.o

.tm_clone_table
                0x0000000000034344        0x0
 .tm_clone_table
                0x0000000000034344        0x0 /usr/lib/gcc/i686-linux-gnu/5/crtbeginS.o
 .tm_clone_table
                0x0000000000034344        0x0 /usr/lib/gcc/i686-linux-gnu/5/crtendS.o

.data1
 *(.data1)
                0x0000000000034344                _edata = .
                [!provide]                        PROVIDE (edata, .)
                0x0000000000034344                . = .
                0x0000000000034344                __bss_start = .

.bss            0x0000000000034360    0x14640
 *(.dynbss)
 .dynbss        0x0000000000034360        0x0 /usr/lib/gcc/i686-linux-gnu/5/../../../i386-linux-gnu/crti.o
 *(.bss .bss.* .gnu.linkonce.b.*)
 .bss           0x0000000000034360        0x0 /usr/lib/gcc/i686-linux-gnu/5/../../../i386-linux-gnu/crti.o
 .bss           0x0000000000034360        0x1 /usr/lib/gcc/i686-linux-gnu/5/crtbeginS.o
 *fill*         0x0000000000034361       0x1f 
 .bss           0x0000000000034380      0xbb0 hum_s.o
 *fill*         0x0000000000034f30       0x10 
 .bss           0x0000000000034f40     0x2030 obj_cooja/mtype502.o
 .bss           0x0000000000036f70        0x1 obj_cooja/mtype502.a(simEnvChange.o)
                0x0000000000036f70                simDontFallAsleep
 *fill*         0x0000000000036f71        0x3 
 .bss           0x0000000000036f74        0x4 obj_cooja/mtype502.a(cooja_mt.o)
 .bss           0x0000000000036f78        0x4 obj_cooja/mtype502.a(cooja_mtarch.o)
 .bss           0x0000000000036f7c        0x0 obj_cooja/mtype502.a(rtimer-arch.o)
 .bss           0x0000000000036f7c        0x0 obj_cooja/mtype502.a(beep.o)
 .bss           0x0000000000036f7c        0x8 obj_cooja/mtype502.a(button-sensor.o)
 .bss           0x0000000000036f84        0x0 obj_cooja/mtype502.a(leds-arch.o)
 .bss           0x0000000000036f84        0x0 obj_cooja/mtype502.a(moteid.o)
 .bss           0x0000000000036f84        0x1 obj_cooja/mtype502.a(pir-sensor.o)
                0x0000000000036f84                simPirValue
 *fill*         0x0000000000036f85        0x3 
 .bss           0x0000000000036f88        0x4 obj_cooja/mtype502.a(rs232.o)
 .bss           0x0000000000036f8c        0x1 obj_cooja/mtype502.a(vib-sensor.o)
                0x0000000000036f8c                simVibValue
 .bss           0x0000000000036f8d        0x0 obj_cooja/mtype502.a(clock.o)
 *fill*         0x0000000000036f8d       0x13 
 .bss           0x0000000000036fa0     0x2020 obj_cooja/mtype502.a(cooja-log.o)
 .bss           0x0000000000038fc0      0xfc0 obj_cooja/mtype502.a(cfs-cooja.o)
                0x0000000000038fc0                simCFSData
                0x0000000000039f60                simCFSSize
                0x0000000000039f64                simCFSChanged
                0x0000000000039f68                simCFSRead
                0x0000000000039f6c                simCFSWritten
 .bss           0x0000000000039f80       0x24 obj_cooja/mtype502.a(cooja-radio.o)
                0x0000000000039f80                simReceiving
                0x0000000000039f84                simInSize
                0x0000000000039f88                simLastPacketTimestamp
                0x0000000000039f90                simOutSize
 .bss           0x0000000000039fa4        0xc obj_cooja/mtype502.a(eeprom.o)
                0x0000000000039fa4                simEEPROMChanged
                0x0000000000039fa8                simEEPROMRead
                0x0000000000039fac                simEEPROMWritten
 .bss           0x0000000000039fb0        0x0 obj_cooja/mtype502.a(random.o)
 .bss           0x0000000000039fb0        0xc obj_cooja/mtype502.a(sensors.o)
 .bss           0x0000000000039fbc        0x0 obj_cooja/mtype502.a(leds.o)
 .bss           0x0000000000039fbc       0x15 obj_cooja/mtype502.a(mqtt.o)
 .bss           0x0000000000039fd1        0x0 obj_cooja/mtype502.a(contiki-main.o)
 .bss           0x0000000000039fd1        0x0 obj_cooja/mtype502.a(autostart.o)
 *fill*         0x0000000000039fd1        0x3 
 .bss           0x0000000000039fd4        0x5 obj_cooja/mtype502.a(ctimer.o)
 .bss           0x0000000000039fd9        0x0 obj_cooja/mtype502.a(energest.o)
 *fill*         0x0000000000039fd9        0x3 
 .bss           0x0000000000039fdc        0x8 obj_cooja/mtype502.a(etimer.o)
 .bss           0x0000000000039fe4       0x28 obj_cooja/mtype502.a(log.o)
                0x0000000000039fe4                curr_log_level_rpl
                0x0000000000039fe8                curr_log_level_tcpip
                0x0000000000039fec                curr_log_level_ipv6
                0x0000000000039ff0                curr_log_level_6lowpan
                0x0000000000039ff4                curr_log_level_nullnet
                0x0000000000039ff8                curr_log_level_mac
                0x0000000000039ffc                curr_log_level_framer
                0x000000000003a000                curr_log_level_6top
                0x000000000003a004                curr_log_level_coap
                0x000000000003a008                curr_log_level_lwm2m
 *fill*         0x000000000003a00c       0x14 
 .bss           0x000000000003a020      0x1a1 obj_cooja/mtype502.a(process.o)
                0x000000000003a020                process_list
                0x000000000003a024                process_current
 *fill*         0x000000000003a1c1        0x3 
 .bss           0x000000000003a1c4        0x4 obj_cooja/mtype502.a(rtimer.o)
 .bss           0x000000000003a1c8        0x2 obj_cooja/mtype502.a(node-id.o)
                0x000000000003a1c8                node_id
 .bss           0x000000000003a1ca        0x0 obj_cooja/mtype502.a(timer.o)
 *fill*         0x000000000003a1ca       0x16 
 .bss           0x000000000003a1e0      0x140 obj_cooja/mtype502.a(serial-line.o)
 .bss           0x000000000003a320        0x0 obj_cooja/mtype502.a(list.o)
 .bss           0x000000000003a320        0x0 obj_cooja/mtype502.a(ringbuf.o)
 .bss           0x000000000003a320       0xa0 obj_cooja/mtype502.a(packetbuf.o)
 .bss           0x000000000003a3c0        0x4 obj_cooja/mtype502.a(netstack.o)
 .bss           0x000000000003a3c4        0x0 obj_cooja/mtype502.a(linkaddr.o)
 .bss           0x000000000003a3c4        0x0 obj_cooja/mtype502.a(csma.o)
 *fill*         0x000000000003a3c4       0x1c 
 .bss           0x000000000003a3e0      0x726 obj_cooja/mtype502.a(csma-output.o)
 *fill*         0x000000000003ab06        0x2 
 .bss           0x000000000003ab08       0x20 obj_cooja/mtype502.a(uip-ds6.o)
 .bss           0x000000000003ab28        0x5 obj_cooja/mtype502.a(tcp-socket.o)
 *fill*         0x000000000003ab2d       0x13 
 .bss           0x000000000003ab40       0xc4 obj_cooja/mtype502.a(tcpip.o)
 *fill*         0x000000000003ac04       0x1c 
 .bss           0x000000000003ac20       0x60 obj_cooja/mtype502.a(uip-ds6-route.o)
 .bss           0x000000000003ac80        0xc obj_cooja/mtype502.a(uip6.o)
                0x000000000003ac80                uip_ext_bitmap
                0x000000000003ac81                uip_ext_len
                0x000000000003ac82                uip_ext_opt_offset
 *fill*         0x000000000003ac8c       0x14 
 .bss           0x000000000003aca0     0x1c20 obj_cooja/mtype502.a(uip-ds6-nbr.o)
 .bss           0x000000000003c8c0       0x10 obj_cooja/mtype502.a(uip-nd6.o)
 *fill*         0x000000000003c8d0       0x10 
 .bss           0x000000000003c8e0      0x724 obj_cooja/mtype502.a(sicslowpan.o)
 .bss           0x000000000003d004        0x0 obj_cooja/mtype502.a(uiplib.o)
 .bss           0x000000000003d004        0x1 obj_cooja/mtype502.a(rpl.o)
 .bss           0x000000000003d005        0x0 obj_cooja/mtype502.a(rpl-icmp6.o)
 .bss           0x000000000003d005        0x0 obj_cooja/mtype502.a(rpl-dag.o)
 *fill*         0x000000000003d005        0x3 
 .bss           0x000000000003d008       0x11 obj_cooja/mtype502.a(rpl-dag-root.o)
 .bss           0x000000000003d019        0x0 obj_cooja/mtype502.a(watchdog.o)
 .bss           0x000000000003d019        0x0 obj_cooja/mtype502.a(stimer.o)
 .bss           0x000000000003d019        0x0 obj_cooja/mtype502.a(memb.o)
 *fill*         0x000000000003d019        0x7 
 .bss           0x000000000003d020     0x2c80 obj_cooja/mtype502.a(queuebuf.o)
 .bss           0x000000000003fca0     0x1214 obj_cooja/mtype502.a(nbr-table.o)
 *fill*         0x0000000000040eb4        0xc 
 .bss           0x0000000000040ec0      0xe10 obj_cooja/mtype502.a(link-stats.o)
 *fill*         0x0000000000041cd0       0x10 
 .bss           0x0000000000041ce0      0x100 obj_cooja/mtype502.a(mac-sequence.o)
 .bss           0x0000000000041de0        0x0 obj_cooja/mtype502.a(mac.o)
 .bss           0x0000000000041de0        0x2 obj_cooja/mtype502.a(framer-802154.o)
 .bss           0x0000000000041de2        0x0 obj_cooja/mtype502.a(frame802154.o)
 *fill*         0x0000000000041de2        0x2 
 .bss           0x0000000000041de4        0xc obj_cooja/mtype502.a(uipbuf.o)
 .bss           0x0000000000041df0       0x18 obj_cooja/mtype502.a(uip-icmp6.o)
 *fill*         0x0000000000041e08       0x18 
 .bss           0x0000000000041e20     0x1d80 obj_cooja/mtype502.a(uip-sr.o)
 .bss           0x0000000000043ba0      0xa78 obj_cooja/mtype502.a(uip-packetqueue)
 .bss           0x0000000000044618        0xe obj_cooja/mtype502.a(rpl-nbr-policy.)
 *fill*         0x0000000000044626       0x1a 
 .bss           0x0000000000044640      0x960 obj_cooja/mtype502.a(rpl-neighbor.o)
 .bss           0x0000000000044fa0       0x40 obj_cooja/mtype502.a(rpl-timers.o)
 .bss           0x0000000000044fe0        0x0 obj_cooja/mtype502.a(rpl-ext-header.)
 .bss           0x0000000000044fe0        0x0 obj_cooja/mtype502.a(rpl-mrhof.o)
 .bss           0x0000000000044fe0        0x0 /usr/lib/gcc/i686-linux-gnu/5/crtendS.o
 .bss           0x0000000000044fe0        0x0 /usr/lib/gcc/i686-linux-gnu/5/../../../i386-linux-gnu/crtn.o
 *(COMMON)
 COMMON         0x0000000000044fe0        0x8 obj_cooja/mtype502.o
                0x0000000000044fe0                referenceVar
                0x0000000000044fe4                sensors_flags
 COMMON         0x0000000000044fe8        0xc obj_cooja/mtype502.a(simEnvChange.o)
                0x0000000000044fe8                simEtimerPending
                0x0000000000044fec                simProcessRunValue
                0x0000000000044ff0                simEtimerNextExpirationTime
 *fill*         0x0000000000044ff4        0x4 
 COMMON         0x0000000000044ff8       0x18 obj_cooja/mtype502.a(rtimer-arch.o)
                0x0000000000044ff8                simRtimerPending
                0x0000000000045000                simRtimerCurrentTicks
                0x0000000000045008                simRtimerNextExpirationTime
 COMMON         0x0000000000045010        0x1 obj_cooja/mtype502.a(beep.o)
                0x0000000000045010                simBeeped
 COMMON         0x0000000000045011        0x3 obj_cooja/mtype502.a(button-sensor.o)
                0x0000000000045011                simButtonIsActive
                0x0000000000045012                simButtonIsDown
                0x0000000000045013                simButtonChanged
 COMMON         0x0000000000045014        0x1 obj_cooja/mtype502.a(leds-arch.o)
                0x0000000000045014                simLedsValue
 *fill*         0x0000000000045015        0x3 
 COMMON         0x0000000000045018        0xc obj_cooja/mtype502.a(moteid.o)
                0x0000000000045018                simRandomSeed
                0x000000000004501c                simMoteIDChanged
                0x0000000000045020                simMoteID
 COMMON         0x0000000000045024        0x2 obj_cooja/mtype502.a(pir-sensor.o)
                0x0000000000045024                simPirIsActive
                0x0000000000045025                simPirChanged
 *fill*         0x0000000000045026       0x1a 
 COMMON         0x0000000000045040      0x820 obj_cooja/mtype502.a(rs232.o)
                0x0000000000045040                simSerialReceivingFlag
                0x0000000000045044                simSerialReceivingLength
                0x0000000000045060                simSerialReceivingData
 COMMON         0x0000000000045860        0x2 obj_cooja/mtype502.a(vib-sensor.o)
                0x0000000000045860                simVibChanged
                0x0000000000045861                simVibIsActive
 *fill*         0x0000000000045862        0x2 
 COMMON         0x0000000000045864        0x4 obj_cooja/mtype502.a(clock.o)
                0x0000000000045864                simCurrentTime
 *fill*         0x0000000000045868       0x18 
 COMMON         0x0000000000045880     0x2020 obj_cooja/mtype502.a(cooja-log.o)
                0x0000000000045880                simLoggedLength
                0x0000000000045884                simLoggedFlag
                0x00000000000458a0                simLoggedData
 COMMON         0x00000000000478a0      0x100 obj_cooja/mtype502.a(cooja-radio.o)
                0x00000000000478a0                simOutDataBuffer
                0x0000000000047920                simInDataBuffer
 COMMON         0x00000000000479a0      0x400 obj_cooja/mtype502.a(eeprom.o)
                0x00000000000479a0                simEEPROMData
 COMMON         0x0000000000047da0        0x1 obj_cooja/mtype502.a(sensors.o)
                0x0000000000047da0                sensors_event
 COMMON         0x0000000000047da1        0x1 obj_cooja/mtype502.a(mqtt.o)
                0x0000000000047da1                mqtt_update_event
 *fill*         0x0000000000047da2        0x2 
 COMMON         0x0000000000047da4       0x50 obj_cooja/mtype502.a(contiki-main.o)
                0x0000000000047da4                eb_per_time_source
                0x0000000000047db8                unicast_per_neighbor_rpl_storing
                0x0000000000047dcc                unicast_per_neighbor_rpl_ns
                0x0000000000047de0                default_common
 COMMON         0x0000000000047df4        0x1 obj_cooja/mtype502.a(serial-line.o)
                0x0000000000047df4                serial_line_event_message
 *fill*         0x0000000000047df5        0x3 
 COMMON         0x0000000000047df8       0x2c obj_cooja/mtype502.a(packetbuf.o)
                0x0000000000047df8                packetbuf_attrs
                0x0000000000047e14                packetbuf_addrs
 COMMON         0x0000000000047e24        0x8 obj_cooja/mtype502.a(linkaddr.o)
                0x0000000000047e24                linkaddr_node_addr
 *fill*         0x0000000000047e2c       0x14 
 COMMON         0x0000000000047e40      0x181 obj_cooja/mtype502.a(uip-ds6.o)
                0x0000000000047e40                uip_ds6_prefix_list
                0x0000000000047ea0                uip_ds6_timer_periodic
                0x0000000000047eb0                uip_ds6_netif_addr_list_offset
                0x0000000000047ec0                uip_ds6_if
                0x0000000000047fb8                uip_ds6_timer_ra
                0x0000000000047fc0                uip_ds6_addr_size
 COMMON         0x0000000000047fc1        0x1 obj_cooja/mtype502.a(tcpip.o)
                0x0000000000047fc1                tcpip_event
 *fill*         0x0000000000047fc2       0x1e 
 COMMON         0x0000000000047fe0      0x80c obj_cooja/mtype502.a(uip6.o)
                0x0000000000047fe0                uip_slen
                0x0000000000047fe4                uip_acc32
                0x0000000000048000                uip_conns
                0x0000000000048180                uip_lladdr
                0x0000000000048188                uip_appdata
                0x000000000004818c                uip_flags
                0x00000000000481a0                uip_aligned_buf
                0x00000000000486a0                uip_listenports
                0x00000000000486c8                uip_len
                0x00000000000486cc                uip_sappdata
                0x00000000000486e0                uip_udp_conns
                0x00000000000487e0                uip_udp_conn
                0x00000000000487e4                uip_next_hdr
                0x00000000000487e8                uip_conn
 COMMON         0x00000000000487ec       0x10 obj_cooja/mtype502.a(rpl.o)
                0x00000000000487ec                rpl_multicast_addr
 *fill*         0x00000000000487fc        0x4 
 COMMON         0x0000000000048800      0x164 obj_cooja/mtype502.a(rpl-dag.o)
                0x0000000000048800                curr_instance
 *fill*         0x0000000000048964       0x1c 
 COMMON         0x0000000000048980       0x20 obj_cooja/mtype502.a(link-stats.o)
                0x0000000000048980                periodic_timer
                0x00000000000489a0                . = ALIGN ((. != 0x0)?0x4:0x1)
                0x00000000000489a0                . = ALIGN (0x4)
                0x00000000000489a0                . = SEGMENT_START ("ldata-segment", .)
                0x00000000000489a0                . = ALIGN (0x4)
                0x00000000000489a0                _end = .
                [!provide]                        PROVIDE (end, .)
                0x00000000000489a0                . = DATA_SEGMENT_END (.)

.stab
 *(.stab)

.stabstr
 *(.stabstr)

.stab.excl
 *(.stab.excl)

.stab.exclstr
 *(.stab.exclstr)

.stab.index
 *(.stab.index)

.stab.indexstr
 *(.stab.indexstr)

.comment        0x0000000000000000       0x35
 *(.comment)
 .comment       0x0000000000000000       0x35 /usr/lib/gcc/i686-linux-gnu/5/crtbeginS.o
                                         0x36 (size before relaxing)
 .comment       0x0000000000000035       0x36 hum_s.o
 .comment       0x0000000000000035       0x36 obj_cooja/mtype502.o
 .comment       0x0000000000000035       0x36 obj_cooja/mtype502.a(simEnvChange.o)
 .comment       0x0000000000000035       0x36 obj_cooja/mtype502.a(cooja_mt.o)
 .comment       0x0000000000000035       0x36 obj_cooja/mtype502.a(cooja_mtarch.o)
 .comment       0x0000000000000035       0x36 obj_cooja/mtype502.a(rtimer-arch.o)
 .comment       0x0000000000000035       0x36 obj_cooja/mtype502.a(beep.o)
 .comment       0x0000000000000035       0x36 obj_cooja/mtype502.a(button-sensor.o)
 .comment       0x0000000000000035       0x36 obj_cooja/mtype502.a(leds-arch.o)
 .comment       0x0000000000000035       0x36 obj_cooja/mtype502.a(moteid.o)
 .comment       0x0000000000000035       0x36 obj_cooja/mtype502.a(pir-sensor.o)
 .comment       0x0000000000000035       0x36 obj_cooja/mtype502.a(rs232.o)
 .comment       0x0000000000000035       0x36 obj_cooja/mtype502.a(vib-sensor.o)
 .comment       0x0000000000000035       0x36 obj_cooja/mtype502.a(clock.o)
 .comment       0x0000000000000035       0x36 obj_cooja/mtype502.a(cooja-log.o)
 .comment       0x0000000000000035       0x36 obj_cooja/mtype502.a(cfs-cooja.o)
 .comment       0x0000000000000035       0x36 obj_cooja/mtype502.a(cooja-radio.o)
 .comment       0x0000000000000035       0x36 obj_cooja/mtype502.a(eeprom.o)
 .comment       0x0000000000000035       0x36 obj_cooja/mtype502.a(random.o)
 .comment       0x0000000000000035       0x36 obj_cooja/mtype502.a(sensors.o)
 .comment       0x0000000000000035       0x36 obj_cooja/mtype502.a(leds.o)
 .comment       0x0000000000000035       0x36 obj_cooja/mtype502.a(mqtt.o)
 .comment       0x0000000000000035       0x36 obj_cooja/mtype502.a(contiki-main.o)
 .comment       0x0000000000000035       0x36 obj_cooja/mtype502.a(autostart.o)
 .comment       0x0000000000000035       0x36 obj_cooja/mtype502.a(ctimer.o)
 .comment       0x0000000000000035       0x36 obj_cooja/mtype502.a(energest.o)
 .comment       0x0000000000000035       0x36 obj_cooja/mtype502.a(etimer.o)
 .comment       0x0000000000000035       0x36 obj_cooja/mtype502.a(log.o)
 .comment       0x0000000000000035       0x36 obj_cooja/mtype502.a(process.o)
 .comment       0x0000000000000035       0x36 obj_cooja/mtype502.a(rtimer.o)
 .comment       0x0000000000000035       0x36 obj_cooja/mtype502.a(node-id.o)
 .comment       0x0000000000000035       0x36 obj_cooja/mtype502.a(timer.o)
 .comment       0x0000000000000035       0x36 obj_cooja/mtype502.a(serial-line.o)
 .comment       0x0000000000000035       0x36 obj_cooja/mtype502.a(list.o)
 .comment       0x0000000000000035       0x36 obj_cooja/mtype502.a(ringbuf.o)
 .comment       0x0000000000000035       0x36 obj_cooja/mtype502.a(packetbuf.o)
 .comment       0x0000000000000035       0x36 obj_cooja/mtype502.a(netstack.o)
 .comment       0x0000000000000035       0x36 obj_cooja/mtype502.a(linkaddr.o)
 .comment       0x0000000000000035       0x36 obj_cooja/mtype502.a(csma.o)
 .comment       0x0000000000000035       0x36 obj_cooja/mtype502.a(csma-output.o)
 .comment       0x0000000000000035       0x36 obj_cooja/mtype502.a(uip-ds6.o)
 .comment       0x0000000000000035       0x36 obj_cooja/mtype502.a(tcp-socket.o)
 .comment       0x0000000000000035       0x36 obj_cooja/mtype502.a(tcpip.o)
 .comment       0x0000000000000035       0x36 obj_cooja/mtype502.a(uip-ds6-route.o)
 .comment       0x0000000000000035       0x36 obj_cooja/mtype502.a(uip6.o)
 .comment       0x0000000000000035       0x36 obj_cooja/mtype502.a(uip-ds6-nbr.o)
 .comment       0x0000000000000035       0x36 obj_cooja/mtype502.a(uip-nd6.o)
 .comment       0x0000000000000035       0x36 obj_cooja/mtype502.a(sicslowpan.o)
 .comment       0x0000000000000035       0x36 obj_cooja/mtype502.a(uiplib.o)
 .comment       0x0000000000000035       0x36 obj_cooja/mtype502.a(rpl.o)
 .comment       0x0000000000000035       0x36 obj_cooja/mtype502.a(rpl-icmp6.o)
 .comment       0x0000000000000035       0x36 obj_cooja/mtype502.a(rpl-dag.o)
 .comment       0x0000000000000035       0x36 obj_cooja/mtype502.a(rpl-dag-root.o)
 .comment       0x0000000000000035       0x36 obj_cooja/mtype502.a(watchdog.o)
 .comment       0x0000000000000035       0x36 obj_cooja/mtype502.a(stimer.o)
 .comment       0x0000000000000035       0x36 obj_cooja/mtype502.a(memb.o)
 .comment       0x0000000000000035       0x36 obj_cooja/mtype502.a(queuebuf.o)
 .comment       0x0000000000000035       0x36 obj_cooja/mtype502.a(nbr-table.o)
 .comment       0x0000000000000035       0x36 obj_cooja/mtype502.a(link-stats.o)
 .comment       0x0000000000000035       0x36 obj_cooja/mtype502.a(mac-sequence.o)
 .comment       0x0000000000000035       0x36 obj_cooja/mtype502.a(mac.o)
 .comment       0x0000000000000035       0x36 obj_cooja/mtype502.a(framer-802154.o)
 .comment       0x0000000000000035       0x36 obj_cooja/mtype502.a(frame802154.o)
 .comment       0x0000000000000035       0x36 obj_cooja/mtype502.a(uipbuf.o)
 .comment       0x0000000000000035       0x36 obj_cooja/mtype502.a(uip-icmp6.o)
 .comment       0x0000000000000035       0x36 obj_cooja/mtype502.a(uip-sr.o)
 .comment       0x0000000000000035       0x36 obj_cooja/mtype502.a(uip-packetqueue)
 .comment       0x0000000000000035       0x36 obj_cooja/mtype502.a(rpl-nbr-policy.)
 .comment       0x0000000000000035       0x36 obj_cooja/mtype502.a(rpl-neighbor.o)
 .comment       0x0000000000000035       0x36 obj_cooja/mtype502.a(rpl-timers.o)
 .comment       0x0000000000000035       0x36 obj_cooja/mtype502.a(rpl-ext-header.)
 .comment       0x0000000000000035       0x36 obj_cooja/mtype502.a(rpl-mrhof.o)
 .comment       0x0000000000000035       0x36 /usr/lib/gcc/i686-linux-gnu/5/crtendS.o

.debug
 *(.debug)

.line
 *(.line)

.debug_srcinfo
 *(.debug_srcinfo)

.debug_sfnames
 *(.debug_sfnames)

.debug_aranges  0x0000000000000000      0x900
 *(.debug_aranges)
 .debug_aranges
                0x0000000000000000       0x20 hum_s.o
 .debug_aranges
                0x0000000000000020       0x20 obj_cooja/mtype502.o
 .debug_aranges
                0x0000000000000040       0x20 obj_cooja/mtype502.a(simEnvChange.o)
 .debug_aranges
                0x0000000000000060       0x20 obj_cooja/mtype502.a(cooja_mt.o)
 .debug_aranges
                0x0000000000000080       0x20 obj_cooja/mtype502.a(cooja_mtarch.o)
 .debug_aranges
                0x00000000000000a0       0x20 obj_cooja/mtype502.a(rtimer-arch.o)
 .debug_aranges
                0x00000000000000c0       0x20 obj_cooja/mtype502.a(beep.o)
 .debug_aranges
                0x00000000000000e0       0x20 obj_cooja/mtype502.a(button-sensor.o)
 .debug_aranges
                0x0000000000000100       0x20 obj_cooja/mtype502.a(leds-arch.o)
 .debug_aranges
                0x0000000000000120       0x20 obj_cooja/mtype502.a(moteid.o)
 .debug_aranges
                0x0000000000000140       0x20 obj_cooja/mtype502.a(pir-sensor.o)
 .debug_aranges
                0x0000000000000160       0x20 obj_cooja/mtype502.a(rs232.o)
 .debug_aranges
                0x0000000000000180       0x20 obj_cooja/mtype502.a(vib-sensor.o)
 .debug_aranges