Archive member included because of file (symbol)

contiki-ng-sky.a(uart1-putchar.o)
                              obj_sky/contiki-main.o (putchar)
contiki-ng-sky.a(platform.o)  obj_sky/contiki-main.o (platform_init_stage_one)
contiki-ng-sky.a(msp430.o)    contiki-ng-sky.a(platform.o) (msp430_dco_required)
contiki-ng-sky.a(clock.o)     obj_sky/contiki-main.o (clock_init)
contiki-ng-sky.a(leds.o)      contiki-ng-sky.a(platform.o) (leds_init)
contiki-ng-sky.a(leds-arch.o)
                              contiki-ng-sky.a(leds.o) (leds_arch_init)
contiki-ng-sky.a(watchdog.o)  obj_sky/contiki-main.o (watchdog_start)
contiki-ng-sky.a(rpl-border-rout)
                              obj_sky/contiki-main.o (rpl_border_router_init)
contiki-ng-sky.a(autostart.o)
                              obj_sky/contiki-main.o (autostart_start)
contiki-ng-sky.a(ctimer.o)    obj_sky/contiki-main.o (ctimer_init)
contiki-ng-sky.a(energest.o)  obj_sky/contiki-main.o (energest_init)
contiki-ng-sky.a(etimer.o)    contiki-ng-sky.a(clock.o) (etimer_request_poll)
contiki-ng-sky.a(log.o)       obj_sky/contiki-main.o (log_6addr)
contiki-ng-sky.a(process.o)   contiki-ng-sky.a(ctimer.o) (process_current)
contiki-ng-sky.a(rtimer.o)    obj_sky/contiki-main.o (rtimer_init)
contiki-ng-sky.a(node-id.o)   obj_sky/contiki-main.o (node_id_init)
contiki-ng-sky.a(timer.o)     contiki-ng-sky.a(platform.o) (timer_set)
contiki-ng-sky.a(list.o)      contiki-ng-sky.a(ctimer.o) (list_init)
contiki-ng-sky.a(random.o)    contiki-ng-sky.a(platform.o) (random_init)
contiki-ng-sky.a(netstack.o)  obj_sky/contiki-main.o (netstack_init)
contiki-ng-sky.a(linkaddr.o)  contiki-ng-sky.a(platform.o) (linkaddr_copy)
contiki-ng-sky.a(csma.o)      obj_sky/contiki-main.o (csma_driver)
contiki-ng-sky.a(csma-output.o)
                              contiki-ng-sky.a(csma.o) (csma_output_packet)
contiki-ng-sky.a(uip-ds6.o)   contiki-ng-sky.a(rpl-border-rout) (uip_ds6_if)
contiki-ng-sky.a(tcpip.o)     obj_sky/contiki-main.o (tcpip_process)
contiki-ng-sky.a(uip-ds6-route.o)
                              contiki-ng-sky.a(uip-ds6.o) (uip_ds6_route_init)
contiki-ng-sky.a(uip6.o)      contiki-ng-sky.a(tcpip.o) (uip_aligned_buf)
contiki-ng-sky.a(uip-ds6-nbr.o)
                              contiki-ng-sky.a(uip-ds6.o) (uip_ds6_neighbors_init)
contiki-ng-sky.a(uip-nd6.o)   contiki-ng-sky.a(uip6.o) (uip_nd6_init)
contiki-ng-sky.a(sicslowpan.o)
                              obj_sky/contiki-main.o (sicslowpan_driver)
contiki-ng-sky.a(uiplib.o)    contiki-ng-sky.a(log.o) (uiplib_ipaddr_snprint)
contiki-ng-sky.a(rpl.o)       obj_sky/contiki-main.o (rpl_lite_driver)
contiki-ng-sky.a(rpl-icmp6.o)
                              contiki-ng-sky.a(rpl.o) (rpl_icmp6_init)
contiki-ng-sky.a(rpl-dag.o)   contiki-ng-sky.a(rpl.o) (curr_instance)
contiki-ng-sky.a(rpl-dag-root.o)
                              contiki-ng-sky.a(rpl.o) (rpl_dag_root_set_prefix)
contiki-ng-sky.a(slip-bridge.o)
                              contiki-ng-sky.a(tcpip.o) (rpl_interface)
contiki-ng-sky.a(border-router-e)
                              contiki-ng-sky.a(rpl-border-rout) (border_router_process)
contiki-ng-sky.a(webserver.o)
                              border-router.o (webserver_nogui_process)
contiki-ng-sky.a(contiki-sky-pla)
                              contiki-ng-sky.a(platform.o) (init_platform)
contiki-ng-sky.a(button-sensor.o)
                              contiki-ng-sky.a(border-router-e) (button_sensor)
contiki-ng-sky.a(ds2411.o)    contiki-ng-sky.a(platform.o) (ds2411_init)
contiki-ng-sky.a(xmem.o)      contiki-ng-sky.a(platform.o) (xmem_init)
contiki-ng-sky.a(sensors.o)   contiki-ng-sky.a(border-router-e) (sensors_event)
contiki-ng-sky.a(cc2420.o)    contiki-ng-sky.a(platform.o) (cc2420_set_pan_addr)
contiki-ng-sky.a(cc2420-arch.o)
                              contiki-ng-sky.a(cc2420.o) (cc2420_arch_init)
contiki-ng-sky.a(uart1.o)     contiki-ng-sky.a(platform.o) (uart1_active)
contiki-ng-sky.a(slip_uart1.o)
                              contiki-ng-sky.a(slip-bridge.o) (slip_arch_init)
contiki-ng-sky.a(slip.o)      contiki-ng-sky.a(slip-bridge.o) (slip_process)
contiki-ng-sky.a(rtimer-arch.o)
                              contiki-ng-sky.a(rtimer.o) (rtimer_arch_init)
contiki-ng-sky.a(stimer.o)    contiki-ng-sky.a(uip-ds6.o) (stimer_set)
contiki-ng-sky.a(memb.o)      contiki-ng-sky.a(csma-output.o) (memb_init)
contiki-ng-sky.a(queuebuf.o)  contiki-ng-sky.a(csma-output.o) (queuebuf_init)
contiki-ng-sky.a(nbr-table.o)
                              contiki-ng-sky.a(uip-ds6-nbr.o) (nbr_table_register)
contiki-ng-sky.a(packetbuf.o)
                              contiki-ng-sky.a(sicslowpan.o) (packetbuf_set_datalen)
contiki-ng-sky.a(link-stats.o)
                              contiki-ng-sky.a(sicslowpan.o) (link_stats_packet_sent)
contiki-ng-sky.a(mac-sequence.o)
                              contiki-ng-sky.a(csma.o) (mac_sequence_is_duplicate)
[...]
Memory Configuration

Name             Origin             Length             Attributes
sfr              0x00000000         0x00000010
peripheral_8bit  0x00000010         0x000000f0
peripheral_16bit 0x00000100         0x00000100
ram_mirror       0x00000200         0x00000800         xw
infomem          0x00001000         0x00000100
infob            0x00001000         0x00000080
infoa            0x00001080         0x00000080
ram              0x00001100         0x00002800         xw
rom              0x00004000         0x0000bfe0         xr
vectors          0x0000ffe0         0x00000020
bsl              0x00000000         0x00000000
infoc            0x00000000         0x00000000
infod            0x00000000         0x00000000
ram2             0x00000000         0x00000000         xw
usbram           0x00000000         0x00000000         xw
far_rom          0x00000000         0x00000000
*default*        0x00000000         0xffffffff

Linker script and memory map

LOAD /usr/lib/gcc/msp430/4.6.3/mmpy-16/crt0ivtbl16.o
                0x00003124                _stack = _end
LOAD border-router.o
LOAD obj_sky/contiki-main.o
LOAD contiki-ng-sky.a
LOAD /usr/lib/gcc/msp430/4.6.3/mmpy-16/libgcc.a
LOAD /usr/lib/gcc/msp430/4.6.3/../../../../msp430/lib/mmpy-16/libc.a
LOAD /usr/lib/gcc/msp430/4.6.3/mmpy-16/libgcc.a
LOAD /usr/lib/gcc/msp430/4.6.3/mmpy-16/libcrt0.a
                0x00000080                PROVIDE (__info_segment_size, 0x80)
                0x00001000                PROVIDE (__infob, 0x1000)
                0x00001080                PROVIDE (__infoa, 0x1080)
                0x00000000                __IE1 = 0x0
                0x00000002                __IFG1 = 0x2
                0x00000004                __ME1 = 0x4
                0x00000001                __IE2 = 0x1
                0x00000003                __IFG2 = 0x3
                0x00000005                __ME2 = 0x5
                0x00000120                __WDTCTL = 0x120
                0x00000130                __MPY = 0x130
                0x00000132                __MPYS = 0x132
                0x00000134                __MAC = 0x134
                0x00000136                __MACS = 0x136
                0x00000138                __OP2 = 0x138
                0x0000013a                __RESLO = 0x13a
                0x0000013c                __RESHI = 0x13c
                0x0000013e                __SUMEXT = 0x13e
                0x00000020                __P1IN = 0x20
                0x00000021                __P1OUT = 0x21
                0x00000022                __P1DIR = 0x22
                0x00000023                __P1IFG = 0x23
                0x00000024                __P1IES = 0x24
                0x00000025                __P1IE = 0x25
                0x00000026                __P1SEL = 0x26
                0x00000028                __P2IN = 0x28
                0x00000029                __P2OUT = 0x29
                0x0000002a                __P2DIR = 0x2a
                0x0000002b                __P2IFG = 0x2b
                0x0000002c                __P2IES = 0x2c
                0x0000002d                __P2IE = 0x2d
                0x0000002e                __P2SEL = 0x2e
                0x00000018                __P3IN = 0x18
                0x00000019                __P3OUT = 0x19
                0x0000001a                __P3DIR = 0x1a
                0x0000001b                __P3SEL = 0x1b
                0x0000001c                __P4IN = 0x1c
                0x0000001d                __P4OUT = 0x1d
                0x0000001e                __P4DIR = 0x1e
                0x0000001f                __P4SEL = 0x1f
                0x00000030                __P5IN = 0x30
                0x00000031                __P5OUT = 0x31
                0x00000032                __P5DIR = 0x32
                0x00000033                __P5SEL = 0x33
                0x00000034                __P6IN = 0x34
                0x00000035                __P6OUT = 0x35
                0x00000036                __P6DIR = 0x36
                0x00000037                __P6SEL = 0x37
                0x00000070                __U0CTL = 0x70
                0x00000071                __U0TCTL = 0x71
                0x00000072                __U0RCTL = 0x72
                0x00000073                __U0MCTL = 0x73
                0x00000074                __U0BR0 = 0x74
                0x00000075                __U0BR1 = 0x75
                0x00000076                __U0RXBUF = 0x76
                0x00000077                __U0TXBUF = 0x77
                0x00000078                __U1CTL = 0x78
                0x00000079                __U1TCTL = 0x79
                0x0000007a                __U1RCTL = 0x7a
                0x0000007b                __U1MCTL = 0x7b
                0x0000007c                __U1BR0 = 0x7c
                0x0000007d                __U1BR1 = 0x7d
                0x0000007e                __U1RXBUF = 0x7e
                0x0000007f                __U1TXBUF = 0x7f
                0x00000050                __I2CIE = 0x50
                0x00000051                __I2CIFG = 0x51
                0x00000052                __I2CNDAT = 0x52
                0x00000071                __I2CTCTL = 0x71
                0x00000072                __I2CDCTL = 0x72
                0x00000073                __I2CPSC = 0x73
                0x00000074                __I2CSCLH = 0x74
                0x00000075                __I2CSCLL = 0x75
                0x00000076                __I2CDRB = 0x76
                0x00000076                __I2CDRW = 0x76
                0x00000118                __I2COA = 0x118
                0x0000011a                __I2CSA = 0x11a
                0x0000011c                __I2CIV = 0x11c
                0x0000012e                __TAIV = 0x12e
                0x00000160                __TACTL = 0x160
                0x00000162                __TACCTL0 = 0x162
                0x00000164                __TACCTL1 = 0x164
                0x00000166                __TACCTL2 = 0x166
                0x00000170                __TAR = 0x170
                0x00000172                __TACCR0 = 0x172
                0x00000174                __TACCR1 = 0x174
                0x00000176                __TACCR2 = 0x176
                0x0000011e                __TBIV = 0x11e
                0x00000180                __TBCTL = 0x180
                0x00000182                __TBCCTL0 = 0x182
                0x00000184                __TBCCTL1 = 0x184
                0x00000186                __TBCCTL2 = 0x186
                0x00000188                __TBCCTL3 = 0x188
                0x0000018a                __TBCCTL4 = 0x18a
                0x0000018c                __TBCCTL5 = 0x18c
                0x0000018e                __TBCCTL6 = 0x18e
                0x00000190                __TBR = 0x190
                0x00000192                __TBCCR0 = 0x192
                0x00000194                __TBCCR1 = 0x194
                0x00000196                __TBCCR2 = 0x196
                0x00000198                __TBCCR3 = 0x198
                0x0000019a                __TBCCR4 = 0x19a
                0x0000019c                __TBCCR5 = 0x19c
                0x0000019e                __TBCCR6 = 0x19e
                0x00000056                __DCOCTL = 0x56
                0x00000057                __BCSCTL1 = 0x57
                0x00000058                __BCSCTL2 = 0x58
                0x00000055                __SVSCTL = 0x55
                0x00000128                __FCTL1 = 0x128
                0x0000012a                __FCTL2 = 0x12a
                0x0000012c                __FCTL3 = 0x12c
                0x00000059                __CACTL1 = 0x59
                0x0000005a                __CACTL2 = 0x5a
                0x0000005b                __CAPD = 0x5b
                0x000001a0                __ADC12CTL0 = 0x1a0
                0x000001a2                __ADC12CTL1 = 0x1a2
                0x000001a4                __ADC12IFG = 0x1a4
                0x000001a6                __ADC12IE = 0x1a6
                0x000001a8                __ADC12IV = 0x1a8
                0x00000140                __ADC12MEM0 = 0x140
                0x00000142                __ADC12MEM1 = 0x142
                0x00000144                __ADC12MEM2 = 0x144
                0x00000146                __ADC12MEM3 = 0x146
                0x00000148                __ADC12MEM4 = 0x148
                0x0000014a                __ADC12MEM5 = 0x14a
                0x0000014c                __ADC12MEM6 = 0x14c
                0x0000014e                __ADC12MEM7 = 0x14e
                0x00000150                __ADC12MEM8 = 0x150
                0x00000152                __ADC12MEM9 = 0x152
                0x00000154                __ADC12MEM10 = 0x154
                0x00000156                __ADC12MEM11 = 0x156
                0x00000158                __ADC12MEM12 = 0x158
                0x0000015a                __ADC12MEM13 = 0x15a
                0x0000015c                __ADC12MEM14 = 0x15c
                0x0000015e                __ADC12MEM15 = 0x15e
                0x00000080                __ADC12MCTL0 = 0x80
                0x00000081                __ADC12MCTL1 = 0x81
                0x00000082                __ADC12MCTL2 = 0x82
                0x00000083                __ADC12MCTL3 = 0x83
                0x00000084                __ADC12MCTL4 = 0x84
                0x00000085                __ADC12MCTL5 = 0x85
                0x00000086                __ADC12MCTL6 = 0x86
                0x00000087                __ADC12MCTL7 = 0x87
                0x00000088                __ADC12MCTL8 = 0x88
                0x00000089                __ADC12MCTL9 = 0x89
                0x0000008a                __ADC12MCTL10 = 0x8a
                0x0000008b                __ADC12MCTL11 = 0x8b
                0x0000008c                __ADC12MCTL12 = 0x8c
                0x0000008d                __ADC12MCTL13 = 0x8d
                0x0000008e                __ADC12MCTL14 = 0x8e
                0x0000008f                __ADC12MCTL15 = 0x8f
                0x000001c0                __DAC12_0CTL = 0x1c0
                0x000001c2                __DAC12_1CTL = 0x1c2
                0x000001c8                __DAC12_0DAT = 0x1c8
                0x000001ca                __DAC12_1DAT = 0x1ca
                0x00000122                __DMACTL0 = 0x122
                0x00000124                __DMACTL1 = 0x124
                0x000001e0                __DMA0CTL = 0x1e0
                0x000001e8                __DMA1CTL = 0x1e8
                0x000001f0                __DMA2CTL = 0x1f0
                0x000001e2                __DMA0SA = 0x1e2
                0x000001e4                __DMA0DA = 0x1e4
                0x000001e6                __DMA0SZ = 0x1e6
                0x000001ea                __DMA1SA = 0x1ea
                0x000001ec                __DMA1DA = 0x1ec
                0x000001ee                __DMA1SZ = 0x1ee
                0x000001f2                __DMA2SA = 0x1f2
                0x000001f4                __DMA2DA = 0x1f4
                0x000001f6                __DMA2SZ = 0x1f6

.hash
 *(.hash)

.dynsym
 *(.dynsym)

.dynstr
 *(.dynstr)

.gnu.version
 *(.gnu.version)

.gnu.version_d
 *(.gnu.version_d)

.gnu.version_r
 *(.gnu.version_r)

.rel.init
 *(.rel.init)

.rela.init
 *(.rela.init)

.rel.fini
 *(.rel.fini)

.rela.fini
 *(.rela.fini)

.rel.text
 *(.rel.text .rel.text.* .rel.gnu.linkonce.t.*)

.rela.text
 *(.rela.text .rela.text.* .rela.gnu.linkonce.t.*)

.rel.rodata
 *(.rel.rodata .rel.rodata.* .rel.gnu.linkonce.r.*)

.rela.rodata
 *(.rela.rodata .rela.rodata.* .rela.gnu.linkonce.r.*)

.rel.data
 *(.rel.data .rel.data.* .rel.gnu.linkonce.d.*)

.rela.data
 *(.rela.data .rela.data.* .rela.gnu.linkonce.d.*)

.rel.bss
 *(.rel.bss .rel.bss.* .rel.gnu.linkonce.b.*)

.rela.bss
 *(.rela.bss .rela.bss.* .rela.gnu.linkonce.b.*)

.rel.ctors
 *(.rel.ctors)

.rela.ctors
 *(.rela.ctors)

.rel.dtors
 *(.rel.dtors)

.rela.dtors
 *(.rela.dtors)

.rel.got
 *(.rel.got)

.rela.got
 *(.rela.got)

.rel.plt
 *(.rel.plt)

.rela.plt
 *(.rela.plt)

.text           0x00004000     0xbdc2
                0x00004000                . = ALIGN (0x2)
 *(.init .init.*)
 *(.init0)
 .init0         0x00004000        0x0 /usr/lib/gcc/msp430/4.6.3/mmpy-16/libcrt0.a(_reset_vector__.o)
                0x00004000                _reset_vector__
 *(.init1)
 .init1         0x00004000        0xc /usr/lib/gcc/msp430/4.6.3/mmpy-16/libcrt0.a(__watchdog_support.o)
                0x00004000                __watchdog_support
 *(.init2)
 .init2         0x0000400c        0x4 /usr/lib/gcc/msp430/4.6.3/mmpy-16/libcrt0.a(__init_stack.o)
                0x0000400c                __init_stack
 *(.init3)
 .init3         0x00004010        0x0 /usr/lib/gcc/msp430/4.6.3/mmpy-16/libcrt0.a(__low_level_init.o)
                0x00004010                __low_level_init
 *(.init4)
 .init4         0x00004010       0x18 /usr/lib/gcc/msp430/4.6.3/mmpy-16/libcrt0.a(_copy_data.o)
                0x00004010                __do_copy_data
 .init4         0x00004028       0x16 /usr/lib/gcc/msp430/4.6.3/mmpy-16/libcrt0.a(_clear_bss.o)
                0x00004028                __do_clear_bss
 *(.init5)
 *(.init6)
 *(.init7)
 *(.init8)
 *(.init9)
 .init9         0x0000403e      0x22e obj_sky/contiki-main.o
                0x0000403e                main
 *(.fini9)
 .fini9         0x0000426c        0x0 /usr/lib/gcc/msp430/4.6.3/mmpy-16/libcrt0.a(__stop_progExec__.o)
                0x0000426c                __stop_progExec__
 *(.fini8)
 *(.fini7)
 *(.fini6)
 *(.fini5)
 *(.fini4)
 *(.fini3)
 *(.fini2)
 *(.fini1)
 *(.fini0)
 .fini0         0x0000426c        0x6 /usr/lib/gcc/msp430/4.6.3/mmpy-16/libcrt0.a(_endless_loop__.o)
                0x0000426c                _endless_loop__
 *(.fini .fini.*)
                0x00004272                . = ALIGN (0x2)
                0x00004272                __ctors_start = .
 *(.ctors)
                0x00004272                __ctors_end = .
                0x00004272                __dtors_start = .
 *(.dtors)
                0x00004272                __dtors_end = .
                0x00004272                . = ALIGN (0x2)
 *(.text .text.* .gnu.linkonce.t.*)
 .text          0x00004272        0x4 /usr/lib/gcc/msp430/4.6.3/mmpy-16/crt0ivtbl16.o
                0x00004272                __isr_14
                0x00004272                __isr_11
                0x00004272                __isr_2
                0x00004272                __isr_7
                0x00004272                __isr_0
                0x00004272                __isr_8
                0x00004272                __isr_3
                0x00004272                __isr_12
                0x00004272                __isr_13
                0x00004272                __isr_9
 .text.process_thread_contiki_ng_br
                0x00004276       0x3c border-router.o
 .text.putchar  0x000042b2       0x3c contiki-ng-sky.a(uart1-putchar.o)
                0x000042b2                putchar
 .text.platform_init_stage_one
                0x000042ee       0x12 contiki-ng-sky.a(platform.o)
                0x000042ee                platform_init_stage_one
 .text.platform_init_stage_two
                0x00004300       0x66 contiki-ng-sky.a(platform.o)
                0x00004300                platform_init_stage_two
 .text.platform_init_stage_three
                0x00004366       0x7a contiki-ng-sky.a(platform.o)
                0x00004366                platform_init_stage_three
 .text.platform_idle
                0x000043e0       0x54 contiki-ng-sky.a(platform.o)
                0x000043e0                platform_idle
 .text.msp430_init_dco
                0x00004434       0x84 contiki-ng-sky.a(msp430.o)
                0x00004434                msp430_init_dco
 .text.msp430_add_lpm_req
                0x000044b8        0xc contiki-ng-sky.a(msp430.o)
                0x000044b8                msp430_add_lpm_req
 .text.msp430_cpu_init
                0x000044c4       0x2a contiki-ng-sky.a(msp430.o)
                0x000044c4                msp430_cpu_init
 .text.splhigh_
                0x000044ee        0x8 contiki-ng-sky.a(msp430.o)
                0x000044ee                splhigh_
 .text.msp430_sync_dco
                0x000044f6       0x68 contiki-ng-sky.a(msp430.o)
                0x000044f6                msp430_sync_dco
 .text.timera1  0x0000455e       0xdc contiki-ng-sky.a(clock.o)
                0x0000455e                __isr_5
                0x0000455e                timera1
 .text.clock_time
                0x0000463a       0x1a contiki-ng-sky.a(clock.o)
                0x0000463a                clock_time
 .text.clock_init
                0x00004654       0x28 contiki-ng-sky.a(clock.o)
                0x00004654                clock_init
 .text.clock_delay
                0x0000467c        0xc contiki-ng-sky.a(clock.o)
                0x0000467c                clock_delay
 .text.clock_seconds
                0x00004688       0x1a contiki-ng-sky.a(clock.o)
                0x00004688                clock_seconds
 .text.leds_init
                0x000046a2        0x6 contiki-ng-sky.a(leds.o)
                0x000046a2                leds_init
 .text.leds_on  0x000046a8       0x12 contiki-ng-sky.a(leds.o)
                0x000046a8                leds_on
 .text.leds_off
                0x000046ba       0x12 contiki-ng-sky.a(leds.o)
                0x000046ba                leds_off
 .text.leds_arch_init
                0x000046cc        0xe contiki-ng-sky.a(leds-arch.o)
                0x000046cc                leds_arch_init
 .text.leds_arch_get
                0x000046da       0x36 contiki-ng-sky.a(leds-arch.o)
                0x000046da                leds_arch_get
 .text.leds_arch_set
                0x00004710       0x40 contiki-ng-sky.a(leds-arch.o)
                0x00004710                leds_arch_set
 .text.watchdog_interrupt
                0x00004750        0x6 contiki-ng-sky.a(watchdog.o)
                0x00004750                __isr_10
                0x00004750                watchdog_interrupt
 .text.watchdog_start
                0x00004756       0x14 contiki-ng-sky.a(watchdog.o)
                0x00004756                watchdog_start
 .text.watchdog_periodic
                0x0000476a       0x12 contiki-ng-sky.a(watchdog.o)
                0x0000476a                watchdog_periodic
 .text.watchdog_stop
                0x0000477c       0x16 contiki-ng-sky.a(watchdog.o)
                0x0000477c                watchdog_stop
 .text.watchdog_init
                0x00004792       0x14 contiki-ng-sky.a(watchdog.o)
                0x00004792                watchdog_init
 .text.print_local_addresses
                0x000047a6       0x8c contiki-ng-sky.a(rpl-border-rout)
                0x000047a6                print_local_addresses
 .text.set_prefix_64
                0x00004832       0x16 contiki-ng-sky.a(rpl-border-rout)
                0x00004832                set_prefix_64
 .text.rpl_border_router_init
                0x00004848        0xc contiki-ng-sky.a(rpl-border-rout)
                0x00004848                rpl_border_router_init
 .text.autostart_start
                0x00004854       0x16 contiki-ng-sky.a(autostart.o)
                0x00004854                autostart_start
 .text.process_thread_ctimer_process
                0x0000486a       0xa4 contiki-ng-sky.a(ctimer.o)
 .text.ctimer_init
                0x0000490e       0x18 contiki-ng-sky.a(ctimer.o)
                0x0000490e                ctimer_init
 .text.ctimer_set_with_process
                0x00004926       0x4e contiki-ng-sky.a(ctimer.o)
                0x00004926                ctimer_set_with_process
 .text.ctimer_set
                0x00004974       0x10 contiki-ng-sky.a(ctimer.o)
                0x00004974                ctimer_set
 .text.ctimer_reset
                0x00004984       0x30 contiki-ng-sky.a(ctimer.o)
                0x00004984                ctimer_reset
 .text.ctimer_stop
                0x000049b4       0x28 contiki-ng-sky.a(ctimer.o)
                0x000049b4                ctimer_stop
 .text.ctimer_expired
                0x000049dc       0x32 contiki-ng-sky.a(ctimer.o)
                0x000049dc                ctimer_expired
 .text.energest_init
                0x00004a0e        0x2 contiki-ng-sky.a(energest.o)
                0x00004a0e                energest_init
 .text.energest_flush
                0x00004a10        0x2 contiki-ng-sky.a(energest.o)
                0x00004a10                energest_flush
 .text.update_time
                0x00004a12       0x78 contiki-ng-sky.a(etimer.o)
 .text.etimer_request_poll
                0x00004a8a        0xa contiki-ng-sky.a(etimer.o)
                0x00004a8a                etimer_request_poll
 .text.process_thread_etimer_process
                0x00004a94       0xc8 contiki-ng-sky.a(etimer.o)
 .text.add_timer
                0x00004b5c       0x40 contiki-ng-sky.a(etimer.o)
 .text.etimer_set
                0x00004b9c       0x12 contiki-ng-sky.a(etimer.o)
                0x00004b9c                etimer_set
 .text.etimer_reset
                0x00004bae       0x12 contiki-ng-sky.a(etimer.o)
                0x00004bae                etimer_reset
 .text.etimer_restart
                0x00004bc0       0x12 contiki-ng-sky.a(etimer.o)
                0x00004bc0                etimer_restart
 .text.etimer_expired
                0x00004bd2        0xe contiki-ng-sky.a(etimer.o)
                0x00004bd2                etimer_expired
 .text.etimer_pending
                0x00004be0        0xc contiki-ng-sky.a(etimer.o)
                0x00004be0                etimer_pending
 .text.etimer_next_expiration_time
                0x00004bec       0x16 contiki-ng-sky.a(etimer.o)
                0x00004bec                etimer_next_expiration_time
 .text.etimer_stop
                0x00004c02       0x3c contiki-ng-sky.a(etimer.o)
                0x00004c02                etimer_stop
 .text.log_6addr
                0x00004c3e       0x32 contiki-ng-sky.a(log.o)
                0x00004c3e                log_6addr
 .text.log_lladdr
                0x00004c70       0x44 contiki-ng-sky.a(log.o)
                0x00004c70                log_lladdr
 .text.call_process
                0x00004cb4       0x4a contiki-ng-sky.a(process.o)
 .text.exit_process
                0x00004cfe       0x96 contiki-ng-sky.a(process.o)
 .text.do_poll  0x00004d94       0x30 contiki-ng-sky.a(process.o)
 .text.process_alloc_event
                0x00004dc4        0xe contiki-ng-sky.a(process.o)
                0x00004dc4                process_alloc_event
 .text.process_init
                0x00004dd2       0x18 contiki-ng-sky.a(process.o)
                0x00004dd2                process_init
 .text.process_run
                0x00004dea       0x92 contiki-ng-sky.a(process.o)
                0x00004dea                process_run
 .text.process_nevents
                0x00004e7c        0xe contiki-ng-sky.a(process.o)
                0x00004e7c                process_nevents
 .text.process_post
                0x00004e8a       0x42 contiki-ng-sky.a(process.o)
                0x00004e8a                process_post
 .text.process_post_synch
                0x00004ecc       0x12 contiki-ng-sky.a(process.o)
                0x00004ecc                process_post_synch
 .text.process_start
                0x00004ede       0x32 contiki-ng-sky.a(process.o)
                0x00004ede                process_start
 .text.process_poll
                0x00004f10       0x18 contiki-ng-sky.a(process.o)
                0x00004f10                process_poll
 .text.rtimer_init
                0x00004f28        0x6 contiki-ng-sky.a(rtimer.o)
                0x00004f28                rtimer_init
 .text.rtimer_run_next
                0x00004f2e       0x26 contiki-ng-sky.a(rtimer.o)
                0x00004f2e                rtimer_run_next
 .text.node_id_init
                0x00004f54       0x14 contiki-ng-sky.a(node-id.o)
                0x00004f54                node_id_init
 .text.timer_set
                0x00004f68       0x1c contiki-ng-sky.a(timer.o)
                0x00004f68                timer_set
 .text.timer_reset
                0x00004f84        0xe contiki-ng-sky.a(timer.o)
                0x00004f84                timer_reset
 .text.timer_restart
                0x00004f92       0x14 contiki-ng-sky.a(timer.o)
                0x00004f92                timer_restart
 .text.timer_expired
                0x00004fa6       0x2a contiki-ng-sky.a(timer.o)
                0x00004fa6                timer_expired
 .text.list_init
                0x00004fd0        0x6 contiki-ng-sky.a(list.o)
                0x00004fd0                list_init
 .text.list_head
                0x00004fd6        0x4 contiki-ng-sky.a(list.o)
                0x00004fd6                list_head
 .text.list_tail
                0x00004fda       0x12 contiki-ng-sky.a(list.o)
                0x00004fda                list_tail
 .text.list_remove
                0x00004fec       0x34 contiki-ng-sky.a(list.o)
                0x00004fec                list_remove
 .text.list_push
                0x00005020       0x1a contiki-ng-sky.a(list.o)
                0x00005020                list_push
 .text.list_add
                0x0000503a       0x2a contiki-ng-sky.a(list.o)
                0x0000503a                list_add
 .text.list_length
                0x00005064       0x10 contiki-ng-sky.a(list.o)
                0x00005064                list_length
 .text.list_item_next
                0x00005074        0xc contiki-ng-sky.a(list.o)
                0x00005074                list_item_next
 .text.random_init
                0x00005080        0x6 contiki-ng-sky.a(random.o)
                0x00005080                random_init
 .text.random_rand
                0x00005086        0x6 contiki-ng-sky.a(random.o)
                0x00005086                random_rand
 .text.netstack_process_ip_callback
                0x0000508c       0x52 contiki-ng-sky.a(netstack.o)
                0x0000508c                netstack_process_ip_callback
 .text.netstack_init
                0x000050de        0xe contiki-ng-sky.a(netstack.o)
                0x000050de                netstack_init
 .text.linkaddr_copy
                0x000050ec        0x8 contiki-ng-sky.a(linkaddr.o)
                0x000050ec                linkaddr_copy
 .text.linkaddr_cmp
                0x000050f4       0x12 contiki-ng-sky.a(linkaddr.o)
                0x000050f4                linkaddr_cmp
 .text.linkaddr_set_node_addr
                0x00005106        0xc contiki-ng-sky.a(linkaddr.o)
                0x00005106                linkaddr_set_node_addr
 .text.on       0x00005112        0x6 contiki-ng-sky.a(csma.o)
 .text.off      0x00005118        0x6 contiki-ng-sky.a(csma.o)
 .text.send_packet
                0x0000511e        0x6 contiki-ng-sky.a(csma.o)
 .text.init     0x00005124        0xa contiki-ng-sky.a(csma.o)
 .text.input_packet
                0x0000512e       0x40 contiki-ng-sky.a(csma.o)
 .text.schedule_transmission
                0x0000516e       0x72 contiki-ng-sky.a(csma-output.o)
 .text.tx_done  0x000051e0       0x9a contiki-ng-sky.a(csma-output.o)
 .text.transmit_from_queue
                0x0000527a      0x1dc contiki-ng-sky.a(csma-output.o)
 .text.csma_output_packet
                0x00005456      0x180 contiki-ng-sky.a(csma-output.o)
                0x00005456                csma_output_packet
 .text.csma_output_init
                0x000055d6       0x1e contiki-ng-sky.a(csma-output.o)
                0x000055d6                csma_output_init
 .text.uip_ds6_list_loop
                0x000055f4       0x92 contiki-ng-sky.a(uip-ds6.o)
                0x000055f4                uip_ds6_list_loop
 .text.uip_ds6_prefix_add
                0x00005686       0x80 contiki-ng-sky.a(uip-ds6.o)
                0x00005686                uip_ds6_prefix_add
 .text.uip_ds6_is_addr_onlink
                0x00005706       0x54 contiki-ng-sky.a(uip-ds6.o)
                0x00005706                uip_ds6_is_addr_onlink
 .text.uip_ds6_addr_lookup
                0x0000575a       0x2a contiki-ng-sky.a(uip-ds6.o)
                0x0000575a                uip_ds6_addr_lookup
 .text.uip_ds6_get_link_local
                0x00005784       0x3e contiki-ng-sky.a(uip-ds6.o)
                0x00005784                uip_ds6_get_link_local
 .text.uip_ds6_maddr_add
                0x000057c2       0x4c contiki-ng-sky.a(uip-ds6.o)
                0x000057c2                uip_ds6_maddr_add
 .text.uip_ds6_addr_add
                0x0000580e       0xc4 contiki-ng-sky.a(uip-ds6.o)
                0x0000580e                uip_ds6_addr_add
 .text.uip_ds6_maddr_lookup
                0x000058d2       0x2a contiki-ng-sky.a(uip-ds6.o)
                0x000058d2                uip_ds6_maddr_lookup
 .text.uip_ds6_addr_rm
                0x000058fc       0x54 contiki-ng-sky.a(uip-ds6.o)
                0x000058fc                uip_ds6_addr_rm
 .text.uip_ds6_periodic
                0x00005950       0x46 contiki-ng-sky.a(uip-ds6.o)
                0x00005950                uip_ds6_periodic
 .text.uip_ds6_set_addr_iid
                0x00005996       0x14 contiki-ng-sky.a(uip-ds6.o)
                0x00005996                uip_ds6_set_addr_iid
 .text.uip_ds6_set_lladdr_from_iid
                0x000059aa       0x14 contiki-ng-sky.a(uip-ds6.o)
                0x000059aa                uip_ds6_set_lladdr_from_iid
 .text.get_match_length
                0x000059be       0x3e contiki-ng-sky.a(uip-ds6.o)
                0x000059be                get_match_length
 .text.uip_ds6_select_src
                0x000059fc       0xaa contiki-ng-sky.a(uip-ds6.o)
                0x000059fc                uip_ds6_select_src
 .text.uip_ds6_compute_reachable_time
                0x00005aa6       0x3e contiki-ng-sky.a(uip-ds6.o)
                0x00005aa6                uip_ds6_compute_reachable_time
 .text.uip_ds6_init
                0x00005ae4      0x152 contiki-ng-sky.a(uip-ds6.o)
                0x00005ae4                uip_ds6_init
 .text.start_periodic_tcp_timer
                0x00005c36       0x16 contiki-ng-sky.a(tcpip.o)
 .text.tcpip_output
                0x00005c4c       0x2a contiki-ng-sky.a(tcpip.o)
                0x00005c4c                tcpip_output
 .text.tcp_listen
                0x00005c76       0x24 contiki-ng-sky.a(tcpip.o)
                0x00005c76                tcp_listen
 .text.tcp_attach
                0x00005c9a        0xc contiki-ng-sky.a(tcpip.o)
                0x00005c9a                tcp_attach
 .text.tcpip_input
                0x00005ca6       0x26 contiki-ng-sky.a(tcpip.o)
                0x00005ca6                tcpip_input
 .text.tcpip_ipv6_output
                0x00005ccc      0x130 contiki-ng-sky.a(tcpip.o)
                0x00005ccc                tcpip_ipv6_output
 .text.packet_input.part.4
                0x00005dfc       0x26 contiki-ng-sky.a(tcpip.o)
 .text.process_thread_tcpip_process
                0x00005e22      0x18c contiki-ng-sky.a(tcpip.o)
 .text.tcpip_uipcall
                0x00005fae       0x64 contiki-ng-sky.a(tcpip.o)
                0x00005fae                tcpip_uipcall
 .text.uip_ds6_route_init
                0x00006012       0x12 contiki-ng-sky.a(uip-ds6-route.o)
                0x00006012                uip_ds6_route_init
 .text.uip_ds6_route_nexthop
                0x00006024        0x4 contiki-ng-sky.a(uip-ds6-route.o)
                0x00006024                uip_ds6_route_nexthop
 .text.uip_ds6_route_lookup
                0x00006028        0x4 contiki-ng-sky.a(uip-ds6-route.o)
                0x00006028                uip_ds6_route_lookup
 .text.uip_ds6_route_rm
                0x0000602c        0x2 contiki-ng-sky.a(uip-ds6-route.o)
                0x0000602c                uip_ds6_route_rm
 .text.uip_ds6_defrt_rm
                0x0000602e       0x3c contiki-ng-sky.a(uip-ds6-route.o)
                0x0000602e                uip_ds6_defrt_rm
 .text.uip_ds6_defrt_lookup
                0x0000606a       0x3e contiki-ng-sky.a(uip-ds6-route.o)
                0x0000606a                uip_ds6_defrt_lookup
 .text.uip_ds6_defrt_add
                0x000060a8       0x72 contiki-ng-sky.a(uip-ds6-route.o)
                0x000060a8                uip_ds6_defrt_add
 .text.uip_ds6_defrt_choose
                0x0000611a       0x3a contiki-ng-sky.a(uip-ds6-route.o)
                0x0000611a                uip_ds6_defrt_choose
 .text.uip_ds6_defrt_periodic
                0x00006154       0x38 contiki-ng-sky.a(uip-ds6-route.o)
                0x00006154                uip_ds6_defrt_periodic
 .text.chksum   0x0000618c       0x32 contiki-ng-sky.a(uip6.o)
 .text.upper_layer_chksum
                0x000061be       0x56 contiki-ng-sky.a(uip6.o)
 .text.ext_hdr_options_process
                0x00006214       0xda contiki-ng-sky.a(uip6.o)
 .text.uip_add32
                0x000062ee       0x68 contiki-ng-sky.a(uip6.o)
                0x000062ee                uip_add32
 .text.unlikely.uip_add_rcv_nxt
                0x00006356       0x2e contiki-ng-sky.a(uip6.o)
 .text.uip_icmp6chksum
                0x00006384        0xa contiki-ng-sky.a(uip6.o)
                0x00006384                uip_icmp6chksum
 .text.uip_tcpchksum
                0x0000638e        0xa contiki-ng-sky.a(uip6.o)
                0x0000638e                uip_tcpchksum
 .text.uip_udpchksum
                0x00006398        0xa contiki-ng-sky.a(uip6.o)
                0x00006398                uip_udpchksum
 .text.uip_init
                0x000063a2       0x62 contiki-ng-sky.a(uip6.o)
                0x000063a2                uip_init
 .text.remove_ext_hdr
                0x00006404       0x64 contiki-ng-sky.a(uip6.o)
                0x00006404                remove_ext_hdr
 .text.uip_unlisten
                0x00006468       0x20 contiki-ng-sky.a(uip6.o)
                0x00006468                uip_unlisten
 .text.uip_listen
                0x00006488       0x20 contiki-ng-sky.a(uip6.o)
                0x00006488                uip_listen
 .text.uip_process
                0x000064a8      0xe2e contiki-ng-sky.a(uip6.o)
                0x000064a8                uip_process
 .text.uip_htonl
                0x000072d6       0x2e contiki-ng-sky.a(uip6.o)
                0x000072d6                uip_htonl
 .text.uip_send
                0x00007304       0x74 contiki-ng-sky.a(uip6.o)
                0x00007304                uip_send
 .text.uip_ds6_nbr_rm
                0x00007378       0x1e contiki-ng-sky.a(uip-ds6-nbr.o)
                0x00007378                uip_ds6_nbr_rm
 .text.uip_ds6_neighbors_init
                0x00007396       0x12 contiki-ng-sky.a(uip-ds6-nbr.o)
                0x00007396                uip_ds6_neighbors_init
 .text.uip_ds6_nbr_add
                0x000073a8       0x3e contiki-ng-sky.a(uip-ds6-nbr.o)
                0x000073a8                uip_ds6_nbr_add
 .text.uip_ds6_nbr_get_ll
                0x000073e6        0xc contiki-ng-sky.a(uip-ds6-nbr.o)
                0x000073e6                uip_ds6_nbr_get_ll
 .text.uip_ds6_nbr_lookup
                0x000073f2       0x42 contiki-ng-sky.a(uip-ds6-nbr.o)
                0x000073f2                uip_ds6_nbr_lookup
 .text.uip_ds6_nbr_ll_lookup
                0x00007434        0xc contiki-ng-sky.a(uip-ds6-nbr.o)
                0x00007434                uip_ds6_nbr_ll_lookup
 .text.uip_ds6_nbr_update_ll
                0x00007440       0x76 contiki-ng-sky.a(uip-ds6-nbr.o)
                0x00007440                uip_ds6_nbr_update_ll
 .text.uip_ds6_nbr_ipaddr_from_lladdr
                0x000074b6        0x6 contiki-ng-sky.a(uip-ds6-nbr.o)
                0x000074b6                uip_ds6_nbr_ipaddr_from_lladdr
 .text.uip_ds6_nbr_lladdr_from_ipaddr
                0x000074bc       0x12 contiki-ng-sky.a(uip-ds6-nbr.o)
                0x000074bc                uip_ds6_nbr_lladdr_from_ipaddr
 .text.uip_ds6_link_callback
                0x000074ce        0x2 contiki-ng-sky.a(uip-ds6-nbr.o)
                0x000074ce                uip_ds6_link_callback
 .text.ns_input
                0x000074d0      0x264 contiki-ng-sky.a(uip-nd6.o)
 .text.uip_nd6_init
                0x00007734        0xa contiki-ng-sky.a(uip-nd6.o)
                0x00007734                uip_nd6_init
 .text.clear_fragments
                0x0000773e       0x42 contiki-ng-sky.a(sicslowpan.o)
 .text.addr_context_lookup_by_number
                0x00007780       0x1a contiki-ng-sky.a(sicslowpan.o)
 .text.set_packet_attrs
                0x0000779a       0x48 contiki-ng-sky.a(sicslowpan.o)
 .text.compress_addr_64
                0x000077e2       0xae contiki-ng-sky.a(sicslowpan.o)
 .text.addr_context_lookup_by_prefix
                0x00007890       0x24 contiki-ng-sky.a(sicslowpan.o)
 .text.send_packet
                0x000078b4       0x1a contiki-ng-sky.a(sicslowpan.o)
 .text.packet_sent
                0x000078ce       0x56 contiki-ng-sky.a(sicslowpan.o)
 .text.store_fragment
                0x00007924       0xc8 contiki-ng-sky.a(sicslowpan.o)
 .text.add_fragment
                0x000079ec      0x200 contiki-ng-sky.a(sicslowpan.o)
 .text.uncompress_addr
                0x00007bec       0xb4 contiki-ng-sky.a(sicslowpan.o)
 .text.sicslowpan_init
                0x00007ca0       0x1c contiki-ng-sky.a(sicslowpan.o)
                0x00007ca0                sicslowpan_init
 .text.fragment_copy_payload_and_send
                0x00007cbc       0x64 contiki-ng-sky.a(sicslowpan.o)
 .text.output   0x00007d20      0x816 contiki-ng-sky.a(sicslowpan.o)
 .text.input    0x00008536      0x88e contiki-ng-sky.a(sicslowpan.o)
 .text.uiplib_ipaddr_snprint
                0x00008dc4      0x12a contiki-ng-sky.a(uiplib.o)
                0x00008dc4                uiplib_ipaddr_snprint
 .text.rpl_has_joined
                0x00008eee       0x16 contiki-ng-sky.a(rpl.o)
                0x00008eee                rpl_has_joined
 .text.rpl_is_reachable
                0x00008f04       0x16 contiki-ng-sky.a(rpl.o)
                0x00008f04                rpl_is_reachable
 .text.neighbor_state_changed
                0x00008f1a        0x2 contiki-ng-sky.a(rpl.o)
 .text.drop_route
                0x00008f1c        0x2 contiki-ng-sky.a(rpl.o)
 .text.get_sr_node_ipaddr
                0x00008f1e       0x34 contiki-ng-sky.a(rpl.o)
 .text.init     0x00008f52       0x42 contiki-ng-sky.a(rpl.o)
 .text.set_ip_from_prefix
                0x00008f94       0x38 contiki-ng-sky.a(rpl.o)
 .text.rpl_link_callback
                0x00008fcc       0x1e contiki-ng-sky.a(rpl.o)
                0x00008fcc                rpl_link_callback
 .text.rpl_lollipop_greater_than
                0x00008fea       0x44 contiki-ng-sky.a(rpl.o)
                0x00008fea                rpl_lollipop_greater_than
 .text.rpl_get_global_address
                0x0000902e       0xba contiki-ng-sky.a(rpl.o)
                0x0000902e                rpl_get_global_address
 .text.rpl_reset_prefix
                0x000090e8       0x24 contiki-ng-sky.a(rpl.o)
                0x000090e8                rpl_reset_prefix
 .text.rpl_set_prefix_from_addr
                0x0000910c       0x92 contiki-ng-sky.a(rpl.o)
                0x0000910c                rpl_set_prefix_from_addr
 .text.rpl_get_leaf_only
                0x0000919e        0x6 contiki-ng-sky.a(rpl.o)
                0x0000919e                rpl_get_leaf_only
 .text.get32    0x000091a4       0x46 contiki-ng-sky.a(rpl-icmp6.o)
 .text.set32    0x000091ea       0x2a contiki-ng-sky.a(rpl-icmp6.o)
 .text.get16    0x00009214        0xe contiki-ng-sky.a(rpl-icmp6.o)
 .text.set16    0x00009222       0x10 contiki-ng-sky.a(rpl-icmp6.o)
 .text.dao_ack_input
                0x00009232       0x32 contiki-ng-sky.a(rpl-icmp6.o)
 .text.dao_input
                0x00009264      0x156 contiki-ng-sky.a(rpl-icmp6.o)
 .text.dio_input
                0x000093ba      0x2a8 contiki-ng-sky.a(rpl-icmp6.o)
 .text.dis_input
                0x00009662       0x26 contiki-ng-sky.a(rpl-icmp6.o)
 .text.rpl_icmp6_update_nbr_table
                0x00009688       0x36 contiki-ng-sky.a(rpl-icmp6.o)
                0x00009688                rpl_icmp6_update_nbr_table
 .text.rpl_icmp6_dis_output
                0x000096be       0x34 contiki-ng-sky.a(rpl-icmp6.o)
                0x000096be                rpl_icmp6_dis_output
 .text.rpl_icmp6_dio_output
                0x000096f2      0x22e contiki-ng-sky.a(rpl-icmp6.o)
                0x000096f2                rpl_icmp6_dio_output
 .text.rpl_icmp6_dao_output
                0x00009920       0xe4 contiki-ng-sky.a(rpl-icmp6.o)
                0x00009920                rpl_icmp6_dao_output
 .text.rpl_icmp6_dao_ack_output
                0x00009a04       0x44 contiki-ng-sky.a(rpl-icmp6.o)
                0x00009a04                rpl_icmp6_dao_ack_output
 .text.rpl_icmp6_init
                0x00009a48       0x22 contiki-ng-sky.a(rpl-icmp6.o)
                0x00009a48                rpl_icmp6_init
 .text.init_dag
                0x00009a6a       0x86 contiki-ng-sky.a(rpl-dag.o)
 .text.init_dag_from_dio
                0x00009af0       0x96 contiki-ng-sky.a(rpl-dag.o)
 .text.rpl_dag_get_root_ipaddr
                0x00009b86       0x22 contiki-ng-sky.a(rpl-dag.o)
                0x00009b86                rpl_dag_get_root_ipaddr
 .text.rpl_dag_leave
                0x00009ba8       0x4c contiki-ng-sky.a(rpl-dag.o)
                0x00009ba8                rpl_dag_leave
 .text.rpl_dag_poison_and_leave
                0x00009bf4        0xc contiki-ng-sky.a(rpl-dag.o)
                0x00009bf4                rpl_dag_poison_and_leave
 .text.rpl_dag_periodic
                0x00009c00       0x6a contiki-ng-sky.a(rpl-dag.o)
                0x00009c00                rpl_dag_periodic
 .text.rpl_is_addr_in_our_dag
                0x00009c6a       0x34 contiki-ng-sky.a(rpl-dag.o)
                0x00009c6a                rpl_is_addr_in_our_dag
 .text.rpl_local_repair
                0x00009c9e       0x2a contiki-ng-sky.a(rpl-dag.o)
                0x00009c9e                rpl_local_repair
 .text.rpl_global_repair
                0x00009cc8       0x2e contiki-ng-sky.a(rpl-dag.o)
                0x00009cc8                rpl_global_repair
 .text.rpl_dag_ready_to_advertise
                0x00009cf6       0x26 contiki-ng-sky.a(rpl-dag.o)
                0x00009cf6                rpl_dag_ready_to_advertise
 .text.rpl_dag_update_state
                0x00009d1c      0x138 contiki-ng-sky.a(rpl-dag.o)
                0x00009d1c                rpl_dag_update_state
 .text.rpl_process_dio
                0x00009e54      0x1b0 contiki-ng-sky.a(rpl-dag.o)
                0x00009e54                rpl_process_dio
 .text.rpl_process_dis
                0x0000a004       0x2a contiki-ng-sky.a(rpl-dag.o)
                0x0000a004                rpl_process_dis
 .text.rpl_process_dao
                0x0000a02e       0x66 contiki-ng-sky.a(rpl-dag.o)
                0x0000a02e                rpl_process_dao
 .text.rpl_process_dao_ack
                0x0000a094       0x54 contiki-ng-sky.a(rpl-dag.o)
                0x0000a094                rpl_process_dao_ack
 .text.rpl_process_hbh
                0x0000a0e8       0x2e contiki-ng-sky.a(rpl-dag.o)
                0x0000a0e8                rpl_process_hbh
 .text.rpl_dag_init_root
                0x0000a116       0xbe contiki-ng-sky.a(rpl-dag.o)
                0x0000a116                rpl_dag_init_root
 .text.rpl_dag_init
                0x0000a1d4       0x10 contiki-ng-sky.a(rpl-dag.o)
                0x0000a1d4                rpl_dag_init
 .text.rpl_dag_root_set_prefix
                0x0000a1e4       0x74 contiki-ng-sky.a(rpl-dag-root.o)
                0x0000a1e4                rpl_dag_root_set_prefix
 .text.rpl_dag_root_start
                0x0000a258       0x8c contiki-ng-sky.a(rpl-dag-root.o)
                0x0000a258                rpl_dag_root_start
 .text.rpl_dag_root_is_root
                0x0000a2e4       0x18 contiki-ng-sky.a(rpl-dag-root.o)
                0x0000a2e4                rpl_dag_root_is_root
 .text.output   0x0000a2fc       0x1c contiki-ng-sky.a(slip-bridge.o)
 .text.init     0x0000a318       0x18 contiki-ng-sky.a(slip-bridge.o)
 .text.slip_input_callback
                0x0000a330       0xc4 contiki-ng-sky.a(slip-bridge.o)
 .text.request_prefix
                0x0000a3f4       0x28 contiki-ng-sky.a(slip-bridge.o)
                0x0000a3f4                request_prefix
 .text.process_thread_border_router_process
                0x0000a41c      0x108 contiki-ng-sky.a(border-router-e)
 .text.process_thread_webserver_nogui_process
                0x0000a524       0x3c contiki-ng-sky.a(webserver.o)
 .text.ipaddr_add
                0x0000a560       0xc4 contiki-ng-sky.a(webserver.o)
 .text.generate_routes
                0x0000a624      0x3da contiki-ng-sky.a(webserver.o)
 .text.httpd_simple_get_script
                0x0000a9fe        0x6 contiki-ng-sky.a(webserver.o)
                0x0000a9fe                httpd_simple_get_script
 .text.init_platform
                0x0000aa04        0xc contiki-ng-sky.a(contiki-sky-pla)
                0x0000aa04                init_platform
 .text.status   0x0000aa10       0x16 contiki-ng-sky.a(button-sensor.o)
 .text.configure
                0x0000aa26       0x52 contiki-ng-sky.a(button-sensor.o)
 .text.value    0x0000aa78       0x22 contiki-ng-sky.a(button-sensor.o)
 .text.irq_p2   0x0000aa9a       0x48 contiki-ng-sky.a(button-sensor.o)
                0x0000aa9a                irq_p2
                0x0000aa9a                __isr_1
 .text.owreadb  0x0000aae2       0x52 contiki-ng-sky.a(ds2411.o)
 .text.ds2411_init
                0x0000ab34      0x122 contiki-ng-sky.a(ds2411.o)
                0x0000ab34                ds2411_init
 .text.xmem_init
                0x0000ac56       0x3e contiki-ng-sky.a(xmem.o)
                0x0000ac56                xmem_init
 .text.process_thread_sensors_process
                0x0000ac94       0xbe contiki-ng-sky.a(sensors.o)
 .text.sensors_changed
                0x0000ad52       0x2a contiki-ng-sky.a(sensors.o)
                0x0000ad52                sensors_changed
 .text.get_object
                0x0000ad7c        0x4 contiki-ng-sky.a(cc2420.o)
 .text.set_object
                0x0000ad80        0x4 contiki-ng-sky.a(cc2420.o)
 .text.strobe   0x0000ad84       0x20 contiki-ng-sky.a(cc2420.o)
 .text.getreg   0x0000ada4       0x54 contiki-ng-sky.a(cc2420.o)
 .text.setreg   0x0000adf8       0x52 contiki-ng-sky.a(cc2420.o)
 .text.write_ram
                0x0000ae4a       0x80 contiki-ng-sky.a(cc2420.o)
 .text.write_fifo_buf
                0x0000aeca       0x40 contiki-ng-sky.a(cc2420.o)
 .text.get_status
                0x0000af0a       0x24 contiki-ng-sky.a(cc2420.o)
 .text.on       0x0000af2e       0x1a contiki-ng-sky.a(cc2420.o)
 .text.cc2420_receiving_packet
                0x0000af48        0xe contiki-ng-sky.a(cc2420.o)
 .text.pending_packet
                0x0000af56        0x8 contiki-ng-sky.a(cc2420.o)
 .text.wait_for_transmission
                0x0000af5e       0x22 contiki-ng-sky.a(cc2420.o)
 .text.wait_for_status
                0x0000af80       0x2a contiki-ng-sky.a(cc2420.o)
 .text.getrxdata
                0x0000afaa       0x56 contiki-ng-sky.a(cc2420.o)
 .text.flushrx  0x0000b000       0x1a contiki-ng-sky.a(cc2420.o)
 .text.off      0x0000b01a       0x2c contiki-ng-sky.a(cc2420.o)
 .text.RELEASE_LOCK
                0x0000b046       0x28 contiki-ng-sky.a(cc2420.o)
 .text.set_key  0x0000b06e       0x18 contiki-ng-sky.a(cc2420.o)
 .text.set_frame_filtering
                0x0000b086       0x30 contiki-ng-sky.a(cc2420.o)
 .text.set_auto_ack
                0x0000b0b6       0x30 contiki-ng-sky.a(cc2420.o)
 .text.set_poll_mode
                0x0000b0e6       0x36 contiki-ng-sky.a(cc2420.o)
 .text.cc2420_prepare
                0x0000b11c       0x3c contiki-ng-sky.a(cc2420.o)
 .text.cc2420_on
                0x0000b158       0x22 contiki-ng-sky.a(cc2420.o)
                0x0000b158                cc2420_on
 .text.cc2420_transmit
                0x0000b17a       0x62 contiki-ng-sky.a(cc2420.o)
 .text.cc2420_send
                0x0000b1dc       0x12 contiki-ng-sky.a(cc2420.o)
 .text.cc2420_off
                0x0000b1ee       0x30 contiki-ng-sky.a(cc2420.o)
                0x0000b1ee                cc2420_off
 .text.cc2420_cca
                0x0000b21e       0x5e contiki-ng-sky.a(cc2420.o)
 .text.cc2420_read
                0x0000b27c       0xc2 contiki-ng-sky.a(cc2420.o)
 .text.process_thread_cc2420_process
                0x0000b33e       0x5e contiki-ng-sky.a(cc2420.o)
 .text.encrypt  0x0000b39c       0x8e contiki-ng-sky.a(cc2420.o)
 .text.cc2420_set_channel
                0x0000b42a       0x3c contiki-ng-sky.a(cc2420.o)
                0x0000b42a                cc2420_set_channel
 .text.cc2420_set_pan_addr
                0x0000b466       0x4c contiki-ng-sky.a(cc2420.o)
                0x0000b466                cc2420_set_pan_addr
 .text.cc2420_interrupt
                0x0000b4b2       0x18 contiki-ng-sky.a(cc2420.o)
                0x0000b4b2                cc2420_interrupt
 .text.cc2420_set_txpower
                0x0000b4ca       0x2e contiki-ng-sky.a(cc2420.o)
                0x0000b4ca                cc2420_set_txpower
 .text.cc2420_get_txpower
                0x0000b4f8       0x1e contiki-ng-sky.a(cc2420.o)
                0x0000b4f8                cc2420_get_txpower
 .text.cc2420_rssi
                0x0000b516       0x4c contiki-ng-sky.a(cc2420.o)
                0x0000b516                cc2420_rssi
 .text.get_value
                0x0000b562      0x108 contiki-ng-sky.a(cc2420.o)
 .text.cc2420_set_cca_threshold
                0x0000b66a       0x16 contiki-ng-sky.a(cc2420.o)
                0x0000b66a                cc2420_set_cca_threshold
 .text.set_value
                0x0000b680       0xba contiki-ng-sky.a(cc2420.o)
 .text.cc2420_init
                0x0000b73a       0xf0 contiki-ng-sky.a(cc2420.o)
                0x0000b73a                cc2420_init
 .text.cc2420_port1_interrupt
                0x0000b82a       0x20 contiki-ng-sky.a(cc2420-arch.o)
                0x0000b82a                __isr_4
                0x0000b82a                cc2420_port1_interrupt
 .text.cc2420_arch_init
                0x0000b84a       0x1a contiki-ng-sky.a(cc2420-arch.o)
                0x0000b84a                cc2420_arch_init
 .text.handle_rxdma_timer
                0x0000b864       0x3a contiki-ng-sky.a(uart1.o)
 .text.uart1_active
                0x0000b89e       0x1a contiki-ng-sky.a(uart1.o)
                0x0000b89e                uart1_active
 .text.uart1_set_input
                0x0000b8b8       0x20 contiki-ng-sky.a(uart1.o)
                0x0000b8b8                uart1_set_input
 .text.uart1_writeb
                0x0000b8d8       0x1a contiki-ng-sky.a(uart1.o)
                0x0000b8d8                uart1_writeb
 .text.uart1_init
                0x0000b8f2       0xf6 contiki-ng-sky.a(uart1.o)
                0x0000b8f2                uart1_init
 .text.slip_arch_writeb
                0x0000b9e8        0x6 contiki-ng-sky.a(slip_uart1.o)
                0x0000b9e8                slip_arch_writeb
 .text.slip_arch_init
                0x0000b9ee        0xa contiki-ng-sky.a(slip_uart1.o)
                0x0000b9ee                slip_arch_init
 .text.process_thread_slip_process
                0x0000b9f8      0x1c6 contiki-ng-sky.a(slip.o)
 .text.slip_set_input_callback
                0x0000bbbe        0x6 contiki-ng-sky.a(slip.o)
                0x0000bbbe                slip_set_input_callback
 .text.slip_write
                0x0000bbc4       0x58 contiki-ng-sky.a(slip.o)
                0x0000bbc4                slip_write
 .text.slip_send
                0x0000bc1c        0xe contiki-ng-sky.a(slip.o)
                0x0000bc1c                slip_send
 .text.slip_input_byte
                0x0000bc2a       0x94 contiki-ng-sky.a(slip.o)
                0x0000bc2a                slip_input_byte
 .text.timera0  0x0000bcbe       0x2e contiki-ng-sky.a(rtimer-arch.o)
                0x0000bcbe                __isr_6
                0x0000bcbe                timera0
 .text.rtimer_arch_init
                0x0000bcec        0xe contiki-ng-sky.a(rtimer-arch.o)
                0x0000bcec                rtimer_arch_init
 .text.rtimer_arch_now
                0x0000bcfa        0xe contiki-ng-sky.a(rtimer-arch.o)
                0x0000bcfa                rtimer_arch_now
 .text.rtimer_arch_schedule
                0x0000bd08        0x6 contiki-ng-sky.a(rtimer-arch.o)
                0x0000bd08                rtimer_arch_schedule
 .text.stimer_set
                0x0000bd0e       0x1c contiki-ng-sky.a(stimer.o)
                0x0000bd0e                stimer_set
 .text.stimer_expired
                0x0000bd2a       0x30 contiki-ng-sky.a(stimer.o)
                0x0000bd2a                stimer_expired
 .text.memb_init
                0x0000bd5a       0x36 contiki-ng-sky.a(memb.o)
                0x0000bd5a                memb_init
 .text.memb_alloc
                0x0000bd90       0x3e contiki-ng-sky.a(memb.o)
                0x0000bd90                memb_alloc
 .text.memb_free
                0x0000bdce       0x3a contiki-ng-sky.a(memb.o)
                0x0000bdce                memb_free
 .text.memb_inmemb
                0x0000be08       0x2e contiki-ng-sky.a(memb.o)
                0x0000be08                memb_inmemb
 .text.memb_numfree
                0x0000be36       0x26 contiki-ng-sky.a(memb.o)
                0x0000be36                memb_numfree
 .text.queuebuf_init
                0x0000be5c       0x12 contiki-ng-sky.a(queuebuf.o)
                0x0000be5c                queuebuf_init
 .text.queuebuf_numfree
                0x0000be6e        0xa contiki-ng-sky.a(queuebuf.o)
                0x0000be6e                queuebuf_numfree
 .text.queuebuf_new_from_packetbuf
                0x0000be78       0x52 contiki-ng-sky.a(queuebuf.o)
                0x0000be78                queuebuf_new_from_packetbuf
 .text.queuebuf_update_attr_from_packetbuf
                0x0000beca       0x12 contiki-ng-sky.a(queuebuf.o)
                0x0000beca                queuebuf_update_attr_from_packetbuf
 .text.queuebuf_free
                0x0000bedc       0x2a contiki-ng-sky.a(queuebuf.o)
                0x0000bedc                queuebuf_free
 .text.queuebuf_to_packetbuf
                0x0000bf06       0x32 contiki-ng-sky.a(queuebuf.o)
                0x0000bf06                queuebuf_to_packetbuf
 .text.queuebuf_attr
                0x0000bf38        0xe contiki-ng-sky.a(queuebuf.o)
                0x0000bf38                queuebuf_attr
 .text.index_from_key
                0x0000bf46       0x48 contiki-ng-sky.a(nbr-table.o)
 .text.item_from_key
                0x0000bf8e       0x34 contiki-ng-sky.a(nbr-table.o)
 .text.nbr_set_bit
                0x0000bfc2       0x8e contiki-ng-sky.a(nbr-table.o)
 .text.index_from_lladdr
                0x0000c050       0x42 contiki-ng-sky.a(nbr-table.o)
 .text.nbr_get_bit.constprop.0
                0x0000c092       0x62 contiki-ng-sky.a(nbr-table.o)
 .text.nbr_table_is_registered
                0x0000c0f4       0x26 contiki-ng-sky.a(nbr-table.o)
                0x0000c0f4                nbr_table_is_registered
 .text.nbr_table_register
                0x0000c11a       0x42 contiki-ng-sky.a(nbr-table.o)
                0x0000c11a                nbr_table_register
 .text.nbr_table_next
                0x0000c15c       0x90 contiki-ng-sky.a(nbr-table.o)
                0x0000c15c                nbr_table_next
 .text.nbr_table_head
                0x0000c1ec       0x36 contiki-ng-sky.a(nbr-table.o)
                0x0000c1ec                nbr_table_head
 .text.nbr_table_add_lladdr
                0x0000c222      0x180 contiki-ng-sky.a(nbr-table.o)
                0x0000c222                nbr_table_add_lladdr
 .text.nbr_table_get_from_lladdr
                0x0000c3a2       0x48 contiki-ng-sky.a(nbr-table.o)
                0x0000c3a2                nbr_table_get_from_lladdr
 .text.nbr_table_remove
                0x0000c3ea       0x32 contiki-ng-sky.a(nbr-table.o)
                0x0000c3ea                nbr_table_remove
 .text.nbr_table_lock
                0x0000c41c       0x10 contiki-ng-sky.a(nbr-table.o)
                0x0000c41c                nbr_table_lock
 .text.nbr_table_unlock
                0x0000c42c       0x10 contiki-ng-sky.a(nbr-table.o)
                0x0000c42c                nbr_table_unlock
 .text.nbr_table_get_lladdr
                0x0000c43c       0x5a contiki-ng-sky.a(nbr-table.o)
                0x0000c43c                nbr_table_get_lladdr
 .text.packetbuf_hdrreduce
                0x0000c496       0x1a contiki-ng-sky.a(packetbuf.o)
                0x0000c496                packetbuf_hdrreduce
 .text.packetbuf_set_datalen
                0x0000c4b0        0x6 contiki-ng-sky.a(packetbuf.o)
                0x0000c4b0                packetbuf_set_datalen
 .text.packetbuf_hdrptr
                0x0000c4b6        0x6 contiki-ng-sky.a(packetbuf.o)
                0x0000c4b6                packetbuf_hdrptr
 .text.packetbuf_datalen
                0x0000c4bc        0x6 contiki-ng-sky.a(packetbuf.o)
                0x0000c4bc                packetbuf_datalen
 .text.packetbuf_hdrlen
                0x0000c4c2        0xa contiki-ng-sky.a(packetbuf.o)
                0x0000c4c2                packetbuf_hdrlen
 .text.packetbuf_dataptr
                0x0000c4cc        0xc contiki-ng-sky.a(packetbuf.o)
                0x0000c4cc                packetbuf_dataptr
 .text.packetbuf_copyto
                0x0000c4d8       0x46 contiki-ng-sky.a(packetbuf.o)
                0x0000c4d8                packetbuf_copyto
 .text.packetbuf_totlen
                0x0000c51e        0xc contiki-ng-sky.a(packetbuf.o)
                0x0000c51e                packetbuf_totlen
 .text.packetbuf_hdralloc
                0x0000c52a       0x3a contiki-ng-sky.a(packetbuf.o)
                0x0000c52a                packetbuf_hdralloc
 .text.packetbuf_attr_clear
                0x0000c564       0x28 contiki-ng-sky.a(packetbuf.o)
                0x0000c564                packetbuf_attr_clear
 .text.packetbuf_clear
                0x0000c58c       0x12 contiki-ng-sky.a(packetbuf.o)
                0x0000c58c                packetbuf_clear
 .text.packetbuf_copyfrom
                0x0000c59e       0x2e contiki-ng-sky.a(packetbuf.o)
                0x0000c59e                packetbuf_copyfrom
 .text.packetbuf_attr_copyto
                0x0000c5cc       0x22 contiki-ng-sky.a(packetbuf.o)
                0x0000c5cc                packetbuf_attr_copyto
 .text.packetbuf_attr_copyfrom
                0x0000c5ee       0x24 contiki-ng-sky.a(packetbuf.o)
                0x0000c5ee                packetbuf_attr_copyfrom
 .text.packetbuf_set_attr
                0x0000c612        0xc contiki-ng-sky.a(packetbuf.o)
                0x0000c612                packetbuf_set_attr
 .text.packetbuf_attr
                0x0000c61e        0xa contiki-ng-sky.a(packetbuf.o)
                0x0000c61e                packetbuf_attr
 .text.packetbuf_set_addr
                0x0000c628       0x18 contiki-ng-sky.a(packetbuf.o)
                0x0000c628                packetbuf_set_addr
 .text.packetbuf_addr
                0x0000c640       0x12 contiki-ng-sky.a(packetbuf.o)
                0x0000c640                packetbuf_addr
 .text.packetbuf_holds_broadcast
                0x0000c652        0xe contiki-ng-sky.a(packetbuf.o)
                0x0000c652                packetbuf_holds_broadcast
 .text.periodic
                0x0000c660       0x28 contiki-ng-sky.a(link-stats.o)
 .text.link_stats_from_lladdr
                0x0000c688        0xc contiki-ng-sky.a(link-stats.o)
                0x0000c688                link_stats_from_lladdr
 .text.link_stats_is_fresh
                0x0000c694       0x2e contiki-ng-sky.a(link-stats.o)
                0x0000c694                link_stats_is_fresh
 .text.guess_etx_from_rssi
                0x0000c6c2       0x42 contiki-ng-sky.a(link-stats.o)
                0x0000c6c2                guess_etx_from_rssi
 .text.link_stats_packet_sent
                0x0000c704       0xde contiki-ng-sky.a(link-stats.o)
                0x0000c704                link_stats_packet_sent
 .text.link_stats_input_callback
                0x0000c7e2       0xb6 contiki-ng-sky.a(link-stats.o)
                0x0000c7e2                link_stats_input_callback
 .text.link_stats_reset
                0x0000c898       0x2a contiki-ng-sky.a(link-stats.o)
                0x0000c898                link_stats_reset
 .text.link_stats_init
                0x0000c8c2       0x22 contiki-ng-sky.a(link-stats.o)
                0x0000c8c2                link_stats_init
 .text.mac_sequence_is_duplicate
                0x0000c8e4       0x78 contiki-ng-sky.a(mac-sequence.o)
                0x0000c8e4                mac_sequence_is_duplicate
 .text.mac_sequence_register_seqno
                0x0000c95c       0x98 contiki-ng-sky.a(mac-sequence.o)
                0x0000c95c                mac_sequence_register_seqno
 .text.mac_call_sent_callback
                0x0000c9f4       0x14 contiki-ng-sky.a(mac.o)
                0x0000c9f4                mac_call_sent_callback
 .text.parse    0x0000ca08       0x96 contiki-ng-sky.a(framer-802154.o)
 .text.framer_802154_setup_params
                0x0000ca9e       0xb8 contiki-ng-sky.a(framer-802154.o)
                0x0000ca9e                framer_802154_setup_params
 .text.create_frame
                0x0000cb56       0xde contiki-ng-sky.a(framer-802154.o)
 .text.create   0x0000cc34        0x8 contiki-ng-sky.a(framer-802154.o)
 .text.hdr_length
                0x0000cc3c        0x8 contiki-ng-sky.a(framer-802154.o)
 .text.frame802154_get_pan_id
                0x0000cc44        0x6 contiki-ng-sky.a(frame802154.o)
                0x0000cc44                frame802154_get_pan_id
 .text.frame802154_has_panid
                0x0000cc4a       0xdc contiki-ng-sky.a(frame802154.o)
                0x0000cc4a                frame802154_has_panid
 .text.field_len
                0x0000cd26       0xb2 contiki-ng-sky.a(frame802154.o)
 .text.frame802154_is_broadcast_addr
                0x0000cdd8       0x24 contiki-ng-sky.a(frame802154.o)
                0x0000cdd8                frame802154_is_broadcast_addr
 .text.frame802154_hdrlen
                0x0000cdfc       0x32 contiki-ng-sky.a(frame802154.o)
                0x0000cdfc                frame802154_hdrlen
 .text.frame802154_create_fcf
                0x0000ce2e       0x96 contiki-ng-sky.a(frame802154.o)
                0x0000ce2e                frame802154_create_fcf
 .text.frame802154_create
                0x0000cec4       0xe4 contiki-ng-sky.a(frame802154.o)
                0x0000cec4                frame802154_create
 .text.frame802154_parse_fcf
                0x0000cfa8       0xbe contiki-ng-sky.a(frame802154.o)
                0x0000cfa8                frame802154_parse_fcf
 .text.frame802154_parse
                0x0000d066      0x18c contiki-ng-sky.a(frame802154.o)
                0x0000d066                frame802154_parse
 .text.uipbuf_get_attr
                0x0000d1f2       0x14 contiki-ng-sky.a(uipbuf.o)
                0x0000d1f2                uipbuf_get_attr
 .text.uipbuf_clear_attr
                0x0000d206       0x10 contiki-ng-sky.a(uipbuf.o)
                0x0000d206                uipbuf_clear_attr
 .text.echo_reply_input
                0x0000d216       0xb6 contiki-ng-sky.a(uip-icmp6.o)
 .text.echo_request_input
                0x0000d2cc       0xca contiki-ng-sky.a(uip-icmp6.o)
 .text.uip_icmp6_input
                0x0000d396       0x44 contiki-ng-sky.a(uip-icmp6.o)
                0x0000d396                uip_icmp6_input
 .text.uip_icmp6_register_input_handler
                0x0000d3da        0xc contiki-ng-sky.a(uip-icmp6.o)
                0x0000d3da                uip_icmp6_register_input_handler
 .text.uip_icmp6_error_output
                0x0000d3e6      0x180 contiki-ng-sky.a(uip-icmp6.o)
                0x0000d3e6                uip_icmp6_error_output
 .text.uip_icmp6_send
                0x0000d566       0x96 contiki-ng-sky.a(uip-icmp6.o)
                0x0000d566                uip_icmp6_send
 .text.uip_icmp6_init
                0x0000d5fc       0x12 contiki-ng-sky.a(uip-icmp6.o)
                0x0000d5fc                uip_icmp6_init
 .text.uip_sr_num_nodes
                0x0000d60e        0x6 contiki-ng-sky.a(uip-sr.o)
                0x0000d60e                uip_sr_num_nodes
 .text.uip_sr_get_node
                0x0000d614       0x54 contiki-ng-sky.a(uip-sr.o)
                0x0000d614                uip_sr_get_node
 .text.uip_sr_is_addr_reachable
                0x0000d668       0x4e contiki-ng-sky.a(uip-sr.o)
                0x0000d668                uip_sr_is_addr_reachable
 .text.uip_sr_expire_parent
                0x0000d6b6       0x56 contiki-ng-sky.a(uip-sr.o)
                0x0000d6b6                uip_sr_expire_parent
 .text.uip_sr_update_node
                0x0000d70c       0xbc contiki-ng-sky.a(uip-sr.o)
                0x0000d70c                uip_sr_update_node
 .text.uip_sr_init
                0x0000d7c8       0x16 contiki-ng-sky.a(uip-sr.o)
                0x0000d7c8                uip_sr_init
 .text.uip_sr_node_head
                0x0000d7de        0xa contiki-ng-sky.a(uip-sr.o)
                0x0000d7de                uip_sr_node_head
 .text.uip_sr_node_next
                0x0000d7e8        0x6 contiki-ng-sky.a(uip-sr.o)
                0x0000d7e8                uip_sr_node_next
 .text.uip_sr_periodic
                0x0000d7ee       0x9a contiki-ng-sky.a(uip-sr.o)
                0x0000d7ee                uip_sr_periodic
 .text.uip_sr_free_all
                0x0000d888       0x3c contiki-ng-sky.a(uip-sr.o)
                0x0000d888                uip_sr_free_all
 .text.psock_send
                0x0000d8c4       0xaa contiki-ng-sky.a(psock.o)
                0x0000d8c4                psock_send
 .text.psock_datalen
                0x0000d96e        0xc contiki-ng-sky.a(psock.o)
                0x0000d96e                psock_datalen
 .text.psock_newdata
                0x0000d97a       0x26 contiki-ng-sky.a(psock.o)
                0x0000d97a                psock_newdata
 .text.psock_readto
                0x0000d9a0       0xa6 contiki-ng-sky.a(psock.o)
                0x0000d9a0                psock_readto
 .text.psock_init
                0x0000da46       0x22 contiki-ng-sky.a(psock.o)
                0x0000da46                psock_init
 .text.update_state
                0x0000da68       0x84 contiki-ng-sky.a(rpl-nbr-policy.)
 .text.rpl_nbr_policy_find_removable
                0x0000daec       0x50 contiki-ng-sky.a(rpl-nbr-policy.)
                0x0000daec                rpl_nbr_policy_find_removable
 .text.acceptable_rank
                0x0000db3c       0x3c contiki-ng-sky.a(rpl-neighbor.o)
 .text.remove_neighbor
                0x0000db78       0x24 contiki-ng-sky.a(rpl-neighbor.o)
 .text.rpl_neighbor_get_from_lladdr
                0x0000db9c        0xc contiki-ng-sky.a(rpl-neighbor.o)
                0x0000db9c                rpl_neighbor_get_from_lladdr
 .text.rpl_neighbor_rank_via_nbr
                0x0000dba8       0x1c contiki-ng-sky.a(rpl-neighbor.o)
                0x0000dba8                rpl_neighbor_rank_via_nbr
 .text.rpl_neighbor_get_lladdr
                0x0000dbc4        0xc contiki-ng-sky.a(rpl-neighbor.o)
                0x0000dbc4                rpl_neighbor_get_lladdr
 .text.rpl_neighbor_get_ipaddr
                0x0000dbd0        0xa contiki-ng-sky.a(rpl-neighbor.o)
                0x0000dbd0                rpl_neighbor_get_ipaddr
 .text.rpl_neighbor_get_link_stats
                0x0000dbda        0xa contiki-ng-sky.a(rpl-neighbor.o)
                0x0000dbda                rpl_neighbor_get_link_stats
 .text.rpl_neighbor_is_fresh
                0x0000dbe4        0xa contiki-ng-sky.a(rpl-neighbor.o)
                0x0000dbe4                rpl_neighbor_is_fresh
 .text.best_parent
                0x0000dbee       0x70 contiki-ng-sky.a(rpl-neighbor.o)
 .text.rpl_neighbor_is_parent
                0x0000dc5e       0x18 contiki-ng-sky.a(rpl-neighbor.o)
                0x0000dc5e                rpl_neighbor_is_parent
 .text.rpl_neighbor_set_preferred_parent
                0x0000dc76       0x44 contiki-ng-sky.a(rpl-neighbor.o)
                0x0000dc76                rpl_neighbor_set_preferred_parent
 .text.rpl_neighbor_remove_all
                0x0000dcba       0x2a contiki-ng-sky.a(rpl-neighbor.o)
                0x0000dcba                rpl_neighbor_remove_all
 .text.rpl_neighbor_get_from_ipaddr
                0x0000dce4       0x14 contiki-ng-sky.a(rpl-neighbor.o)
                0x0000dce4                rpl_neighbor_get_from_ipaddr
 .text.rpl_neighbor_select_best
                0x0000dcf8       0x52 contiki-ng-sky.a(rpl-neighbor.o)
                0x0000dcf8                rpl_neighbor_select_best
 .text.rpl_neighbor_init
                0x0000dd4a        0xe contiki-ng-sky.a(rpl-neighbor.o)
                0x0000dd4a                rpl_neighbor_init
 .text.handle_state_update
                0x0000dd58        0x6 contiki-ng-sky.a(rpl-timers.o)
 .text.handle_leaving_timer
                0x0000dd5e        0xc contiki-ng-sky.a(rpl-timers.o)
 .text.new_dio_interval
                0x0000dd6a       0x8a contiki-ng-sky.a(rpl-timers.o)
 .text.handle_unicast_dio_timer
                0x0000ddf4       0x12 contiki-ng-sky.a(rpl-timers.o)
 .text.handle_dao_ack_timer
                0x0000de06       0x12 contiki-ng-sky.a(rpl-timers.o)
 .text.handle_dao_timer
                0x0000de18       0xf6 contiki-ng-sky.a(rpl-timers.o)
 .text.handle_dio_timer
                0x0000df0e       0x6e contiki-ng-sky.a(rpl-timers.o)
 .text.rpl_timers_schedule_periodic_dis
                0x0000df7c       0x40 contiki-ng-sky.a(rpl-timers.o)
                0x0000df7c                rpl_timers_schedule_periodic_dis
 .text.handle_periodic_timer
                0x0000dfbc       0x3a contiki-ng-sky.a(rpl-timers.o)
 .text.handle_dis_timer
                0x0000dff6       0x26 contiki-ng-sky.a(rpl-timers.o)
 .text.rpl_timers_dio_reset
                0x0000e01c       0x20 contiki-ng-sky.a(rpl-timers.o)
                0x0000e01c                rpl_timers_dio_reset
 .text.rpl_timers_schedule_unicast_dio
                0x0000e03c       0x20 contiki-ng-sky.a(rpl-timers.o)
                0x0000e03c                rpl_timers_schedule_unicast_dio
 .text.rpl_timers_schedule_dao
                0x0000e05c       0x4c contiki-ng-sky.a(rpl-timers.o)
                0x0000e05c                rpl_timers_schedule_dao
 .text.rpl_timers_schedule_dao_ack
                0x0000e0a8       0x34 contiki-ng-sky.a(rpl-timers.o)
                0x0000e0a8                rpl_timers_schedule_dao_ack
 .text.get_probing_delay
                0x0000e0dc       0x1c contiki-ng-sky.a(rpl-timers.o)
                0x0000e0dc                get_probing_delay
 .text.get_probing_target
                0x0000e0f8       0xec contiki-ng-sky.a(rpl-timers.o)
                0x0000e0f8                get_probing_target
 .text.rpl_schedule_probing
                0x0000e1e4       0x20 contiki-ng-sky.a(rpl-timers.o)
                0x0000e1e4                rpl_schedule_probing
 .text.handle_probing_timer
                0x0000e204       0x2a contiki-ng-sky.a(rpl-timers.o)
 .text.rpl_schedule_probing_now
                0x0000e22e       0x32 contiki-ng-sky.a(rpl-timers.o)
                0x0000e22e                rpl_schedule_probing_now
 .text.rpl_timers_unschedule_leaving
                0x0000e260       0x1c contiki-ng-sky.a(rpl-timers.o)
                0x0000e260                rpl_timers_unschedule_leaving
 .text.rpl_timers_schedule_leaving
                0x0000e27c       0x2a contiki-ng-sky.a(rpl-timers.o)
                0x0000e27c                rpl_timers_schedule_leaving
 .text.rpl_timers_init
                0x0000e2a6       0x1c contiki-ng-sky.a(rpl-timers.o)
                0x0000e2a6                rpl_timers_init
 .text.rpl_timers_stop_dag_timers
                0x0000e2c2       0x4c contiki-ng-sky.a(rpl-timers.o)
                0x0000e2c2                rpl_timers_stop_dag_timers
 .text.rpl_timers_unschedule_state_update
                0x0000e30e       0x10 contiki-ng-sky.a(rpl-timers.o)
                0x0000e30e                rpl_timers_unschedule_state_update
 .text.rpl_timers_schedule_state_update
                0x0000e31e       0x1c contiki-ng-sky.a(rpl-timers.o)
                0x0000e31e                rpl_timers_schedule_state_update
 .text.update_hbh_header
                0x0000e33a       0x5e contiki-ng-sky.a(rpl-ext-header.)
 .text.rpl_ext_header_srh_get_next_hop
                0x0000e398       0xd0 contiki-ng-sky.a(rpl-ext-header.)
                0x0000e398                rpl_ext_header_srh_get_next_hop
 .text.rpl_ext_header_srh_update
                0x0000e468      0x152 contiki-ng-sky.a(rpl-ext-header.)
                0x0000e468                rpl_ext_header_srh_update
 .text.rpl_ext_header_hbh_update
                0x0000e5ba       0xbc contiki-ng-sky.a(rpl-ext-header.)
                0x0000e5ba                rpl_ext_header_hbh_update
 .text.rpl_ext_header_remove
                0x0000e676       0xba contiki-ng-sky.a(rpl-ext-header.)
                0x0000e676                rpl_ext_header_remove
 .text.rpl_ext_header_update
                0x0000e730      0x328 contiki-ng-sky.a(rpl-ext-header.)
                0x0000e730                rpl_ext_header_update
 .text.reset    0x0000ea58        0x2 contiki-ng-sky.a(rpl-mrhof.o)
 .text.update_metric_container
                0x0000ea5a        0x6 contiki-ng-sky.a(rpl-mrhof.o)
 .text.nbr_link_metric
                0x0000ea60       0x12 contiki-ng-sky.a(rpl-mrhof.o)
 .text.nbr_has_usable_link
                0x0000ea72       0x14 contiki-ng-sky.a(rpl-mrhof.o)
 .text.nbr_path_cost
                0x0000ea86       0x38 contiki-ng-sky.a(rpl-mrhof.o)
 .text.within_hysteresis
                0x0000eabe       0x5a contiki-ng-sky.a(rpl-mrhof.o)
 .text.nbr_is_acceptable_parent
                0x0000eb18       0x2c contiki-ng-sky.a(rpl-mrhof.o)
 .text.rank_via_nbr
                0x0000eb44       0x48 contiki-ng-sky.a(rpl-mrhof.o)
 .text.best_parent
                0x0000eb8c       0x7e contiki-ng-sky.a(rpl-mrhof.o)
 .text.handle_input
                0x0000ec0a       0xe8 contiki-ng-sky.a(httpd-simple.o)
 .text.send_headers
                0x0000ecf2       0x6a contiki-ng-sky.a(httpd-simple.o)
 .text.handle_output
                0x0000ed5c       0xec contiki-ng-sky.a(httpd-simple.o)
 .text.httpd_appcall
                0x0000ee48       0xd0 contiki-ng-sky.a(httpd-simple.o)
                0x0000ee48                httpd_appcall
 .text.httpd_init
                0x0000ef18       0x12 contiki-ng-sky.a(httpd-simple.o)
                0x0000ef18                httpd_init
 .text.spi_init
                0x0000ef2a       0x32 contiki-ng-sky.a(spi-legacy.o)
                0x0000ef2a                spi_init
 .text.libgcc   0x0000ef5c       0x2c /usr/lib/gcc/msp430/4.6.3/mmpy-16/libgcc.a(_mulsi3.o)
                0x0000ef5c                __mulsi3
 .text.libgcc   0x0000ef88       0x22 /usr/lib/gcc/msp430/4.6.3/mmpy-16/libgcc.a(_udivmod16.o)
                0x0000ef88                __udivhi3
                0x0000ef88                __ext_udivmod16
                0x0000efa2                __umodhi3
 .text.libgcc   0x0000efaa       0x3a /usr/lib/gcc/msp430/4.6.3/mmpy-16/libgcc.a(_divmod16.o)
                0x0000efaa                __ext_divmod16
                0x0000efaa                __divhi3
                0x0000efdc                __modhi3
 .text.libgcc   0x0000efe4       0x40 /usr/lib/gcc/msp430/4.6.3/mmpy-16/libgcc.a(_udivmod32.o)
                0x0000efe4                __udivsi3
                0x0000efe4                __ext_udivmod32
                0x0000f01a                __umodsi3
 .text.libgcc   0x0000f024       0x4c /usr/lib/gcc/msp430/4.6.3/mmpy-16/libgcc.a(_divmod32.o)
                0x0000f024                __ext_divmod32
                0x0000f024                __divsi3
                0x0000f066                __modsi3
 .text          0x0000f070       0x28 /usr/lib/gcc/msp430/4.6.3/../../../../msp430/lib/mmpy-16/libc.a(strncmp.o)
                0x0000f070                strncmp
 .text          0x0000f098       0x20 /usr/lib/gcc/msp430/4.6.3/../../../../msp430/lib/mmpy-16/libc.a(memcmp.o)
                0x0000f098                memcmp
 .text          0x0000f0b8       0x2a /usr/lib/gcc/msp430/4.6.3/../../../../msp430/lib/mmpy-16/libc.a(strncpy.o)
                0x0000f0b8                strncpy
 .text          0x0000f0e2       0xfa /usr/lib/gcc/msp430/4.6.3/../../../../msp430/lib/mmpy-16/libc.a(memcpy.o)
                0x0000f0e2                memcpy
 .text          0x0000f1dc       0xfa /usr/lib/gcc/msp430/4.6.3/../../../../msp430/lib/mmpy-16/libc.a(memmove.o)
                0x0000f1dc                memmove
 .text          0x0000f2d6       0x6a /usr/lib/gcc/msp430/4.6.3/../../../../msp430/lib/mmpy-16/libc.a(memset.o)
                0x0000f2d6                memset
 .text          0x0000f340       0x1e /usr/lib/gcc/msp430/4.6.3/../../../../msp430/lib/mmpy-16/libc.a(printf.o)
                0x0000f340                printf
                0x0000f350                vprintf
 .text          0x0000f35e       0xbc /usr/lib/gcc/msp430/4.6.3/../../../../msp430/lib/mmpy-16/libc.a(sprintf.o)
                0x0000f3bc                sprintf
                0x0000f3d8                snprintf
                0x0000f3f2                vsprintf
                0x0000f408                vsnprintf
 .text          0x0000f41a      0x836 /usr/lib/gcc/msp430/4.6.3/../../../../msp430/lib/mmpy-16/libc.a(vuprintf.o)
                0x0000f5b2                vuprintf
 .text          0x0000fc50       0x2c /usr/lib/gcc/msp430/4.6.3/../../../../msp430/lib/mmpy-16/libc.a(puts.o)
                0x0000fc50                puts
 .text          0x0000fc7c       0x54 /usr/lib/gcc/msp430/4.6.3/../../../../msp430/lib/mmpy-16/libc.a(rand.o)
                0x0000fc7c                rand_r
                0x0000fca0                rand
                0x0000fcc6                srand
 .text.libgcc   0x0000fcd0       0xf0 /usr/lib/gcc/msp430/4.6.3/mmpy-16/libgcc.a(_udivmod64.o)
                0x0000fcd0                __xabi_udivmod64
                0x0000fd2e                __udivdi3
                0x0000fd54                __umoddi3
                0x0000fd82                __udivmoddi4
 .text.crt0     0x0000fdc0        0x2 /usr/lib/gcc/msp430/4.6.3/mmpy-16/libcrt0.a(_unexpected_.o)
                0x0000fdc0                _unexpected_
                0x0000fdc2                . = ALIGN (0x2)

.rodata         0x0000fdc2      0x76c
                0x0000fdc2                . = ALIGN (0x2)
 *(.rodata .rodata.* .gnu.linkonce.r.*)
 .rodata        0x0000fdc2       0x5a border-router.o
                0x0000fdfe                autostart_processes
 .rodata        0x0000fe1c       0xf2 obj_sky/contiki-main.o
 .rodata        0x0000ff0e       0x31 contiki-ng-sky.a(platform.o)
 .rodata        0x0000ff3f       0x31 contiki-ng-sky.a(rpl-border-rout)
 .rodata        0x0000ff70        0xf contiki-ng-sky.a(ctimer.o)
 .rodata        0x0000ff7f        0xc contiki-ng-sky.a(etimer.o)
 *fill*         0x0000ff8b        0x1 00
 .rodata        0x0000ff8c       0xb2 contiki-ng-sky.a(log.o)
 .rodata        0x0001003e        0x8 contiki-ng-sky.a(linkaddr.o)
                0x0001003e                linkaddr_null
 .rodata        0x00010046       0x12 contiki-ng-sky.a(csma.o)
                0x0001004c                csma_driver
 .rodata        0x00010058        0xd contiki-ng-sky.a(tcpip.o)
 *fill*         0x00010065        0x1 00
 .rodata        0x00010066       0x20 contiki-ng-sky.a(uip6.o)
 .rodata        0x00010086       0x26 contiki-ng-sky.a(sicslowpan.o)
                0x00010092                sicslowpan_driver
                0x0001009a                llprefix
                0x0001009c                unc_mxconf
                0x000100a0                unc_ctxconf
                0x000100a4                unc_llconf
 .rodata        0x000100ac       0x2d contiki-ng-sky.a(uiplib.o)
 *fill*         0x000100d9        0x1 00
 .rodata        0x000100da       0x32 contiki-ng-sky.a(rpl.o)
                0x000100e4                rpl_lite_driver
 .rodata        0x0001010c       0xe0 contiki-ng-sky.a(rpl-dag.o)
 .rodata        0x000101ec       0x16 contiki-ng-sky.a(slip-bridge.o)
                0x000101fe                rpl_interface
 .rodata        0x00010202       0x80 contiki-ng-sky.a(border-router-e)
 .rodata        0x00010282       0xc3 contiki-ng-sky.a(webserver.o)
 *fill*         0x00010345        0x1 00
 .rodata        0x00010346       0x10 contiki-ng-sky.a(button-sensor.o)
                0x0001034e                button_sensor
 .rodata        0x00010356        0x8 contiki-ng-sky.a(sensors.o)
 .rodata        0x0001035e       0x70 contiki-ng-sky.a(cc2420.o)
                0x00010390                cc2420_aes_128_driver
                0x00010394                cc2420_driver
 .rodata        0x000103ce        0xc contiki-ng-sky.a(slip.o)
 .rodata        0x000103da        0x6 contiki-ng-sky.a(framer-802154.o)
                0x000103da                framer_802154
 .rodata        0x000103e0        0x2 contiki-ng-sky.a(frame802154.o)
 .rodata        0x000103e2        0xc contiki-ng-sky.a(rpl-timers.o)
 .rodata        0x000103ee      0x139 contiki-ng-sky.a(httpd-simple.o)
                0x00010447                http_index_html
                0x00010453                http_get
                0x00010458                http_header_404
                0x000104b5                http_header_200
                0x0001050b                http_content_type_html
 .rodata        0x00010527        0x7 /usr/lib/gcc/msp430/4.6.3/../../../../msp430/lib/mmpy-16/libc.a(vuprintf.o)
                0x0001052e                . = ALIGN (0x2)
                0x0001052e                _etext = .

.data           0x00001100      0x152 load address 0x0001052e
                0x00001100                . = ALIGN (0x2)
                0x00001100                PROVIDE (__data_start, .)
 *(.data .data.* .gnu.linkonce.d.*)
 .data          0x00001100        0xa border-router.o
                0x00001100                contiki_ng_br
 .data          0x0000110a        0x2 contiki-ng-sky.a(msp430.o)
 .data          0x0000110c        0xa contiki-ng-sky.a(ctimer.o)
                0x0000110c                ctimer_process
 .data          0x00001116        0xa contiki-ng-sky.a(etimer.o)
                0x00001116                etimer_process
 .data          0x00001120       0x4a contiki-ng-sky.a(log.o)
                0x00001120                all_modules
                0x00001168                curr_log_level_main
 .data          0x0000116a       0x18 contiki-ng-sky.a(csma-output.o)
 .data          0x00001182        0xa contiki-ng-sky.a(tcpip.o)
                0x00001182                tcpip_process
 .data          0x0000118c        0x8 contiki-ng-sky.a(uip-ds6-route.o)
 .data          0x00001194        0xa contiki-ng-sky.a(uip-ds6-nbr.o)
                0x00001194                ds6_neighbors
 .data          0x0000119e        0x6 contiki-ng-sky.a(uip-nd6.o)
 .data          0x000011a4       0x18 contiki-ng-sky.a(rpl-icmp6.o)
 .data          0x000011bc        0xa contiki-ng-sky.a(border-router-e)
                0x000011bc                border_router_process
 .data          0x000011c6        0xa contiki-ng-sky.a(webserver.o)
                0x000011c6                webserver_nogui_process
 .data          0x000011d0        0x4 contiki-ng-sky.a(contiki-sky-pla)
                0x000011d0                sensors
 .data          0x000011d4        0xa contiki-ng-sky.a(sensors.o)
                0x000011d4                sensors_process
 .data          0x000011de        0xc contiki-ng-sky.a(cc2420.o)
                0x000011de                cc2420_process
 .data          0x000011ea        0xa contiki-ng-sky.a(slip.o)
                0x000011ea                slip_process
 .data          0x000011f4       0x10 contiki-ng-sky.a(queuebuf.o)
 .data          0x00001204        0x8 contiki-ng-sky.a(nbr-table.o)
 .data          0x0000120c        0x8 contiki-ng-sky.a(link-stats.o)
 .data          0x00001214        0x2 contiki-ng-sky.a(frame802154.o)
 .data          0x00001216        0xc contiki-ng-sky.a(uip-icmp6.o)
 .data          0x00001222        0x8 contiki-ng-sky.a(uip-sr.o)
 .data          0x0000122a        0xa contiki-ng-sky.a(rpl-neighbor.o)
                0x0000122a                rpl_neighbors
 .data          0x00001234       0x12 contiki-ng-sky.a(rpl-mrhof.o)
                0x00001234                rpl_mrhof
 .data          0x00001246        0x8 contiki-ng-sky.a(httpd-simple.o)
 .data          0x0000124e        0x4 /usr/lib/gcc/msp430/4.6.3/../../../../msp430/lib/mmpy-16/libc.a(rand.o)
                0x00001252                . = ALIGN (0x2)
                0x00001252                _edata = .
                0x0001052e                PROVIDE (__data_load_start, LOADADDR (.data))
                0x00000152                PROVIDE (__data_size, SIZEOF (.data))

.bss            0x00001252     0x1ed0 load address 0x00010680
                0x00001252                PROVIDE (__bss_start, .)
 *(.bss .bss.*)
 .bss           0x00001252        0x1 contiki-ng-sky.a(uart1-putchar.o)
 *fill*         0x00001253        0x1 00
 .bss           0x00001254        0x8 contiki-ng-sky.a(platform.o)
 .bss           0x0000125c        0xa contiki-ng-sky.a(clock.o)
 .bss           0x00001266        0x2 contiki-ng-sky.a(watchdog.o)
 .bss           0x00001268        0x4 contiki-ng-sky.a(ctimer.o)
 .bss           0x0000126c        0x6 contiki-ng-sky.a(etimer.o)
 .bss           0x00001272       0x14 contiki-ng-sky.a(log.o)
                0x00001272                curr_log_level_lwm2m
                0x00001274                curr_log_level_coap
                0x00001276                curr_log_level_6top
                0x00001278                curr_log_level_framer
                0x0000127a                curr_log_level_mac
                0x0000127c                curr_log_level_nullnet
                0x0000127e                curr_log_level_6lowpan
                0x00001280                curr_log_level_ipv6
                0x00001282                curr_log_level_tcpip
                0x00001284                curr_log_level_rpl
 .bss           0x00001286       0xc8 contiki-ng-sky.a(process.o)
                0x00001286                process_current
                0x00001288                process_list
 .bss           0x0000134e        0x2 contiki-ng-sky.a(rtimer.o)
 .bss           0x00001350        0x2 contiki-ng-sky.a(node-id.o)
                0x00001350                node_id
 .bss           0x00001352        0x2 contiki-ng-sky.a(netstack.o)
 .bss           0x00001354       0xbe contiki-ng-sky.a(csma-output.o)
 .bss           0x00001412       0x18 contiki-ng-sky.a(uip-ds6.o)
 .bss           0x0000142a       0x5e contiki-ng-sky.a(tcpip.o)
 .bss           0x00001488       0x3c contiki-ng-sky.a(uip-ds6-route.o)
 .bss           0x000014c4        0xc contiki-ng-sky.a(uip6.o)
                0x000014c4                uip_ext_opt_offset
                0x000014c6                uip_ext_len
                0x000014c8                uip_ext_bitmap
 .bss           0x000014d0      0x120 contiki-ng-sky.a(uip-ds6-nbr.o)
 .bss           0x000015f0        0x8 contiki-ng-sky.a(uip-nd6.o)
 .bss           0x000015f8      0x6e0 contiki-ng-sky.a(sicslowpan.o)
 .bss           0x00001cd8        0x1 contiki-ng-sky.a(rpl.o)
 *fill*         0x00001cd9        0x1 00
 .bss           0x00001cda       0x12 contiki-ng-sky.a(rpl-dag-root.o)
 .bss           0x00001cec       0x10 contiki-ng-sky.a(slip-bridge.o)
 .bss           0x00001cfc        0xc contiki-ng-sky.a(border-router-e)
 .bss           0x00001d08      0x106 contiki-ng-sky.a(webserver.o)
 .bss           0x00001e0e        0x8 contiki-ng-sky.a(button-sensor.o)
 .bss           0x00001e16        0x6 contiki-ng-sky.a(sensors.o)
 .bss           0x00001e1c        0xa contiki-ng-sky.a(cc2420.o)
 .bss           0x00001e26       0x9a contiki-ng-sky.a(uart1.o)
 .bss           0x00001ec0      0x10a contiki-ng-sky.a(slip.o)
 .bss           0x00001fca      0x580 contiki-ng-sky.a(queuebuf.o)
 .bss           0x0000254a       0xe4 contiki-ng-sky.a(nbr-table.o)
 .bss           0x0000262e       0x86 contiki-ng-sky.a(packetbuf.o)
 .bss           0x000026b4       0xa0 contiki-ng-sky.a(link-stats.o)
 .bss           0x00002754       0xe0 contiki-ng-sky.a(mac-sequence.o)
 .bss           0x00002834        0x2 contiki-ng-sky.a(framer-802154.o)
 .bss           0x00002836        0xc contiki-ng-sky.a(uipbuf.o)
 .bss           0x00002842       0x14 contiki-ng-sky.a(uip-icmp6.o)
 .bss           0x00002856      0x134 contiki-ng-sky.a(uip-sr.o)
 .bss           0x0000298a        0x8 contiki-ng-sky.a(rpl-nbr-policy.)
 .bss           0x00002992       0x80 contiki-ng-sky.a(rpl-neighbor.o)
 .bss           0x00002a12       0x28 contiki-ng-sky.a(rpl-timers.o)
 .bss           0x00002a3a       0xae contiki-ng-sky.a(httpd-simple.o)
 .bss           0x00002ae8        0x4 /usr/lib/gcc/msp430/4.6.3/../../../../msp430/lib/mmpy-16/libc.a(sprintf.o)
 *(COMMON)
 COMMON         0x00002aec        0x2 contiki-ng-sky.a(msp430.o)
                0x00002aec                msp430_dco_required
 COMMON         0x00002aee        0x1 contiki-ng-sky.a(rpl-border-rout)
                0x00002aee                prefix_set
 *fill*         0x00002aef        0x1 00
 COMMON         0x00002af0        0x8 contiki-ng-sky.a(linkaddr.o)
                0x00002af0                linkaddr_node_addr
 COMMON         0x00002af8      0x15c contiki-ng-sky.a(uip-ds6.o)
                0x00002af8                uip_ds6_timer_ra
                0x00002b00                uip_ds6_if
                0x00002bec                uip_ds6_netif_addr_list_offset
                0x00002bed                uip_ds6_addr_size
                0x00002bee                uip_ds6_prefix_list
                0x00002c48                uip_ds6_timer_periodic
 COMMON         0x00002c54        0x1 contiki-ng-sky.a(tcpip.o)
                0x00002c54                tcpip_event
 *fill*         0x00002c55        0x1 00
 COMMON         0x00002c56      0x364 contiki-ng-sky.a(uip6.o)
                0x00002c56                uip_len
                0x00002c58                uip_sappdata
                0x00002c5a                uip_acc32
                0x00002c5e                uip_lladdr
                0x00002c66                uip_aligned_buf
                0x00002d56                uip_flags
                0x00002d58                uip_next_hdr
                0x00002d5a                uip_udp_conn
                0x00002d5c                uip_appdata
                0x00002d5e                uip_conn
                0x00002d60                uip_conns
                0x00002ec0                uip_listenports
                0x00002ee8                uip_slen
                0x00002eea                uip_udp_conns
 COMMON         0x00002fba       0x10 contiki-ng-sky.a(rpl.o)
                0x00002fba                rpl_multicast_addr
 COMMON         0x00002fca       0xfe contiki-ng-sky.a(rpl-dag.o)
                0x00002fca                curr_instance
 COMMON         0x000030c8        0x2 contiki-ng-sky.a(contiki-sky-pla)
                0x000030c8                sensors_flags
 COMMON         0x000030ca        0x8 contiki-ng-sky.a(ds2411.o)
                0x000030ca                ds2411_id
 COMMON         0x000030d2        0x1 contiki-ng-sky.a(sensors.o)
                0x000030d2                sensors_event
 *fill*         0x000030d3        0x1 00
 COMMON         0x000030d4       0x10 contiki-ng-sky.a(cc2420.o)
                0x000030d4                cc2420_last_rssi
                0x000030d6                cc2420_sfd_start_time
                0x000030d8                cc2420_time_of_departure
                0x000030da                cc2420_time_of_arrival
                0x000030dc                cc2420_last_correlation
                0x000030de                cc2420_authority_level_of_sender
                0x000030e0                cc2420_sfd_counter
                0x000030e2                cc2420_sfd_end_time
 COMMON         0x000030e4       0x2a contiki-ng-sky.a(packetbuf.o)
                0x000030e4                packetbuf_addrs
                0x000030f4                packetbuf_attrs
 COMMON         0x0000310e       0x14 contiki-ng-sky.a(link-stats.o)
                0x0000310e                periodic_timer
                0x00003122                . = ALIGN (0x2)
                0x00003122                PROVIDE (__bss_end, .)
                0x00001ed0                PROVIDE (__bss_size, SIZEOF (.bss))

.noinit         0x00003122        0x2 load address 0x00010680
                0x00003122                PROVIDE (__noinit_start, .)
 *(.noinit .noinit.*)
 .noinit.crt0   0x00003122        0x2 /usr/lib/gcc/msp430/4.6.3/mmpy-16/libcrt0.a(__watchdog_support.o)
                0x00003122                __wdt_clear_value
                0x00003124                . = ALIGN (0x2)
                0x00003124                PROVIDE (__noinit_end, .)
                0x00003124                . = ALIGN (0x2)
                0x00003124                _end = .

.infomem        0x00001000        0x0
 *(.infomem)
                0x00001000                . = ALIGN (0x2)
 *(.infomem.*)

.infomemnobits  0x00001000        0x0
 *(.infomemnobits)
                0x00001000                . = ALIGN (0x2)
 *(.infomemnobits.*)

.infoa
 *(.infoa .infoa.*)

.infob
 *(.infob .infob.*)

.infoc
 *(.infoc .infoc.*)

.infod
 *(.infod .infod.*)

.vectors        0x0000ffe0       0x20
                0x0000ffe0                PROVIDE (__vectors_start, .)
 *(.vectors*)
 .vectors       0x0000ffe0       0x20 /usr/lib/gcc/msp430/4.6.3/mmpy-16/crt0ivtbl16.o
                0x0000ffe0                __ivtbl_16
                0x00010000                _vectors_end = .

.fartext        0x00000000        0x0