Archive member included to satisfy reference by file (symbol)

obj_cooja/mtype916.a(simEnvChange.o)
                              obj_cooja/mtype916.o (simDontFallAsleep)
obj_cooja/mtype916.a(cooja_mt.o)
                              obj_cooja/mtype916.o (cooja_mt_start)
obj_cooja/mtype916.a(cooja_mtarch.o)
                              obj_cooja/mtype916.a(cooja_mt.o) (cooja_mtarch_start)
obj_cooja/mtype916.a(rtimer-arch.o)
                              obj_cooja/mtype916.o (rtimer_arch_check)
obj_cooja/mtype916.a(beep.o)  obj_cooja/mtype916.o (beep_interface)
obj_cooja/mtype916.a(button-sensor.o)
                              obj_cooja/mtype916.o (button_interface)
obj_cooja/mtype916.a(leds-arch.o)
                              obj_cooja/mtype916.o (leds_interface)
obj_cooja/mtype916.a(moteid.o)
                              obj_cooja/mtype916.o (moteid_interface)
obj_cooja/mtype916.a(pir-sensor.o)
                              obj_cooja/mtype916.o (pir_interface)
obj_cooja/mtype916.a(rs232.o)
                              obj_cooja/mtype916.o (rs232_interface)
obj_cooja/mtype916.a(vib-sensor.o)
                              obj_cooja/mtype916.o (vib_interface)
obj_cooja/mtype916.a(clock.o)
                              obj_cooja/mtype916.o (clock_interface)
obj_cooja/mtype916.a(cooja-log.o)
                              obj_cooja/mtype916.o (simlog_interface)
obj_cooja/mtype916.a(cfs-cooja.o)
                              obj_cooja/mtype916.o (cfs_interface)
obj_cooja/mtype916.a(cooja-radio.o)
                              obj_cooja/mtype916.o (radio_interface)
obj_cooja/mtype916.a(eeprom.o)
                              obj_cooja/mtype916.o (eeprom_interface)
obj_cooja/mtype916.a(random.o)
                              obj_cooja/mtype916.a(moteid.o) (random_init)
obj_cooja/mtype916.a(sensors.o)
                              obj_cooja/mtype916.a(button-sensor.o) (sensors_changed)
obj_cooja/mtype916.a(leds.o)  temp_s.o (leds_on)
obj_cooja/mtype916.a(mqtt.o)  temp_s.o (mqtt_disconnect)
obj_cooja/mtype916.a(contiki-main.o)
                              obj_cooja/mtype916.o (main)
obj_cooja/mtype916.a(autostart.o)
                              obj_cooja/mtype916.a(contiki-main.o) (autostart_start)
obj_cooja/mtype916.a(ctimer.o)
                              obj_cooja/mtype916.a(contiki-main.o) (ctimer_init)
obj_cooja/mtype916.a(energest.o)
                              obj_cooja/mtype916.a(contiki-main.o) (energest_init)
obj_cooja/mtype916.a(etimer.o)
                              obj_cooja/mtype916.a(contiki-main.o) (etimer_process)
obj_cooja/mtype916.a(log.o)   obj_cooja/mtype916.a(contiki-main.o) (curr_log_level_main)
obj_cooja/mtype916.a(process.o)
                              obj_cooja/mtype916.a(mqtt.o) (process_current)
obj_cooja/mtype916.a(rtimer.o)
                              obj_cooja/mtype916.a(contiki-main.o) (rtimer_init)
obj_cooja/mtype916.a(node-id.o)
                              obj_cooja/mtype916.a(contiki-main.o) (node_id)
obj_cooja/mtype916.a(timer.o)
                              temp_s.o (timer_set)
obj_cooja/mtype916.a(serial-line.o)
                              obj_cooja/mtype916.a(rs232.o) (serial_line_input_byte)
obj_cooja/mtype916.a(list.o)  obj_cooja/mtype916.a(mqtt.o) (list_init)
obj_cooja/mtype916.a(ringbuf.o)
                              obj_cooja/mtype916.a(serial-line.o) (ringbuf_init)
obj_cooja/mtype916.a(packetbuf.o)
                              obj_cooja/mtype916.a(cooja-radio.o) (packetbuf_clear)
obj_cooja/mtype916.a(netstack.o)
                              obj_cooja/mtype916.a(contiki-main.o) (netstack_init)
obj_cooja/mtype916.a(linkaddr.o)
                              temp_s.o (linkaddr_node_addr)
obj_cooja/mtype916.a(csma.o)  obj_cooja/mtype916.a(cooja-radio.o) (csma_driver)
obj_cooja/mtype916.a(csma-output.o)
                              obj_cooja/mtype916.a(csma.o) (csma_output_packet)
obj_cooja/mtype916.a(uip-ds6.o)
                              obj_cooja/mtype916.a(contiki-main.o) (uip_ds6_get_link_local)
obj_cooja/mtype916.a(tcp-socket.o)
                              obj_cooja/mtype916.a(mqtt.o) (tcp_socket_register)
obj_cooja/mtype916.a(tcpip.o)
                              obj_cooja/mtype916.a(tcp-socket.o) (tcpip_event)
obj_cooja/mtype916.a(uip-ds6-route.o)
                              obj_cooja/mtype916.a(uip-ds6.o) (uip_ds6_route_init)
obj_cooja/mtype916.a(uip6.o)  obj_cooja/mtype916.a(contiki-main.o) (uip_lladdr)
obj_cooja/mtype916.a(uip-ds6-nbr.o)
                              obj_cooja/mtype916.a(uip-ds6.o) (uip_ds6_neighbors_init)
obj_cooja/mtype916.a(uip-nd6.o)
                              obj_cooja/mtype916.a(uip6.o) (uip_nd6_init)
obj_cooja/mtype916.a(sicslowpan.o)
                              obj_cooja/mtype916.a(contiki-main.o) (sicslowpan_driver)
obj_cooja/mtype916.a(uiplib.o)
                              obj_cooja/mtype916.a(mqtt.o) (uiplib_ip6addrconv)
[...]
Memory Configuration

Name             Origin             Length             Attributes
*default*        0x0000000000000000 0xffffffffffffffff

Linker script and memory map

LOAD /usr/lib/gcc/i686-linux-gnu/5/../../../i386-linux-gnu/crti.o
LOAD /usr/lib/gcc/i686-linux-gnu/5/crtbeginS.o
LOAD temp_s.o
LOAD obj_cooja/mtype916.o
LOAD obj_cooja/mtype916.a
LOAD /usr/lib/gcc/i686-linux-gnu/5/libgcc.a
LOAD /usr/lib/gcc/i686-linux-gnu/5/libgcc_s.so
LOAD /usr/lib/gcc/i686-linux-gnu/5/../../../i386-linux-gnu/libc.so
START GROUP
LOAD /lib/i386-linux-gnu/libc.so.6
LOAD /usr/lib/i386-linux-gnu/libc_nonshared.a
LOAD /lib/i386-linux-gnu/ld-linux.so.2
END GROUP
LOAD /usr/lib/gcc/i686-linux-gnu/5/libgcc.a
LOAD /usr/lib/gcc/i686-linux-gnu/5/libgcc_s.so
LOAD /usr/lib/gcc/i686-linux-gnu/5/crtendS.o
LOAD /usr/lib/gcc/i686-linux-gnu/5/../../../i386-linux-gnu/crtn.o
                0x0000000000000114                . = (0x0 + SIZEOF_HEADERS)

.note.gnu.build-id
                0x0000000000000114       0x24
 *(.note.gnu.build-id)
 .note.gnu.build-id
                0x0000000000000114       0x24 /usr/lib/gcc/i686-linux-gnu/5/../../../i386-linux-gnu/crti.o

.hash
 *(.hash)

.gnu.hash       0x0000000000000138     0x13c8
 *(.gnu.hash)
 .gnu.hash      0x0000000000000138     0x13c8 /usr/lib/gcc/i686-linux-gnu/5/../../../i386-linux-gnu/crti.o

.dynsym         0x0000000000001500     0x2780
 *(.dynsym)
 .dynsym        0x0000000000001500     0x2780 /usr/lib/gcc/i686-linux-gnu/5/../../../i386-linux-gnu/crti.o

.dynstr         0x0000000000003c80     0x2ade
 *(.dynstr)
 .dynstr        0x0000000000003c80     0x2ade /usr/lib/gcc/i686-linux-gnu/5/../../../i386-linux-gnu/crti.o

.gnu.version    0x000000000000675e      0x4f0
 *(.gnu.version)
 .gnu.version   0x000000000000675e      0x4f0 /usr/lib/gcc/i686-linux-gnu/5/../../../i386-linux-gnu/crti.o

.gnu.version_d  0x0000000000006c50        0x0
 *(.gnu.version_d)
 .gnu.version_d
                0x0000000000006c50        0x0 /usr/lib/gcc/i686-linux-gnu/5/../../../i386-linux-gnu/crti.o

.gnu.version_r  0x0000000000006c50       0x40
 *(.gnu.version_r)
 .gnu.version_r
                0x0000000000006c50       0x40 /usr/lib/gcc/i686-linux-gnu/5/../../../i386-linux-gnu/crti.o

.rel.dyn        0x0000000000006c90     0xa370
 *(.rel.init)
 .rel.init      0x0000000000006c90        0x0 /usr/lib/gcc/i686-linux-gnu/5/../../../i386-linux-gnu/crti.o
 *(.rel.text .rel.text.* .rel.gnu.linkonce.t.*)
 .rel.text      0x0000000000006c90     0x9a68 /usr/lib/gcc/i686-linux-gnu/5/../../../i386-linux-gnu/crti.o
 *(.rel.fini)
 .rel.fini      0x00000000000106f8        0x0 /usr/lib/gcc/i686-linux-gnu/5/../../../i386-linux-gnu/crti.o
 *(.rel.rodata .rel.rodata.* .rel.gnu.linkonce.r.*)
 .rel.rodata    0x00000000000106f8      0x578 /usr/lib/gcc/i686-linux-gnu/5/../../../i386-linux-gnu/crti.o
 *(.rel.data.rel.ro .rel.data.rel.ro.* .rel.gnu.linkonce.d.rel.ro.*)
 *(.rel.data .rel.data.* .rel.gnu.linkonce.d.*)
 .rel.data.rel.local
                0x0000000000010c70        0x8 /usr/lib/gcc/i686-linux-gnu/5/../../../i386-linux-gnu/crti.o
 .rel.data      0x0000000000010c78      0x350 /usr/lib/gcc/i686-linux-gnu/5/../../../i386-linux-gnu/crti.o
 *(.rel.tdata .rel.tdata.* .rel.gnu.linkonce.td.*)
 *(.rel.tbss .rel.tbss.* .rel.gnu.linkonce.tb.*)
 *(.rel.ctors)
 *(.rel.dtors)
 *(.rel.got)
 .rel.got       0x0000000000010fc8       0x28 /usr/lib/gcc/i686-linux-gnu/5/../../../i386-linux-gnu/crti.o
 *(.rel.bss .rel.bss.* .rel.gnu.linkonce.b.*)
 *(.rel.ifunc)
 .rel.ifunc     0x0000000000010ff0        0x0 /usr/lib/gcc/i686-linux-gnu/5/../../../i386-linux-gnu/crti.o
 .rel.fini_array
                0x0000000000010ff0        0x8 /usr/lib/gcc/i686-linux-gnu/5/../../../i386-linux-gnu/crti.o
 .rel.init_array
                0x0000000000010ff8        0x8 /usr/lib/gcc/i686-linux-gnu/5/../../../i386-linux-gnu/crti.o

.rel.plt        0x0000000000011000        0x0
 *(.rel.plt)
 .rel.plt       0x0000000000011000        0x0 /usr/lib/gcc/i686-linux-gnu/5/../../../i386-linux-gnu/crti.o
 *(.rel.iplt)

.init           0x0000000000011000       0x23
 *(SORT(.init))
 .init          0x0000000000011000       0x1e /usr/lib/gcc/i686-linux-gnu/5/../../../i386-linux-gnu/crti.o
                0x0000000000011000                _init
 .init          0x000000000001101e        0x5 /usr/lib/gcc/i686-linux-gnu/5/../../../i386-linux-gnu/crtn.o

.plt            0x0000000000011030       0x10
 *(.plt)
 .plt           0x0000000000011030       0x10 /usr/lib/gcc/i686-linux-gnu/5/../../../i386-linux-gnu/crti.o
 *(.iplt)

.plt.got        0x0000000000011040       0x10
 *(.plt.got)
 .plt.got       0x0000000000011040       0x10 /usr/lib/gcc/i686-linux-gnu/5/../../../i386-linux-gnu/crti.o

.text           0x0000000000011050    0x1995e
 *(.text.unlikely .text.*_unlikely .text.unlikely.*)
 .text.unlikely
                0x0000000000011050        0x0 /usr/lib/gcc/i686-linux-gnu/5/crtbeginS.o
 *(.text.exit .text.exit.*)
 *(.text.startup .text.startup.*)
 *(.text.hot .text.hot.*)
 *(.text .stub .text.* .gnu.linkonce.t.*)
 .text          0x0000000000011050        0x0 /usr/lib/gcc/i686-linux-gnu/5/../../../i386-linux-gnu/crti.o
 .gnu.linkonce.t.__x86.get_pc_thunk.bx
                0x0000000000011050        0x4 /usr/lib/gcc/i686-linux-gnu/5/../../../i386-linux-gnu/crti.o
                0x0000000000011050                __x86.get_pc_thunk.bx
 *fill*         0x0000000000011054        0xc 
 .text          0x0000000000011060      0x11c /usr/lib/gcc/i686-linux-gnu/5/crtbeginS.o
 .text.__x86.get_pc_thunk.dx
                0x000000000001117c        0x4 /usr/lib/gcc/i686-linux-gnu/5/crtbeginS.o
                0x000000000001117c                __x86.get_pc_thunk.dx
 .text          0x0000000000011180     0x1157 temp_s.o
                0x0000000000011180                ipaddr_sprintf
 .text          0x00000000000122d7      0x271 obj_cooja/mtype916.o
                0x0000000000012369                platform_init_stage_one
                0x000000000001236f                platform_init_stage_two
                0x000000000001237d                platform_init_stage_three
                0x0000000000012390                platform_main_loop
                0x0000000000012403                Java_org_contikios_cooja_corecomm_Lib2_init
                0x000000000001243a                Java_org_contikios_cooja_corecomm_Lib2_getMemory
                0x000000000001246d                Java_org_contikios_cooja_corecomm_Lib2_setMemory
                0x00000000000124cd                Java_org_contikios_cooja_corecomm_Lib2_tick
                0x0000000000012535                Java_org_contikios_cooja_corecomm_Lib2_setReferenceAddress
 .text          0x0000000000012548       0x65 obj_cooja/mtype916.a(simEnvChange.o)
                0x0000000000012548                doActionsBeforeTick
                0x000000000001257a                doActionsAfterTick
 .text          0x00000000000125ad       0x83 obj_cooja/mtype916.a(cooja_mt.o)
                0x00000000000125ad                cooja_mt_start
                0x00000000000125d7                cooja_mt_exec
                0x000000000001260d                cooja_mt_yield
 .text          0x0000000000012630       0xbe obj_cooja/mtype916.a(cooja_mtarch.o)
                0x0000000000012630                cooja_mtarch_start
                0x00000000000126a3                cooja_sw
                0x00000000000126c6                cooja_mtarch_exec
                0x00000000000126e3                cooja_mtarch_yield
 .text          0x00000000000126ee       0xc5 obj_cooja/mtype916.a(rtimer-arch.o)
                0x00000000000126ee                rtimer_arch_init
                0x0000000000012712                rtimer_arch_schedule
                0x0000000000012742                rtimer_arch_next
                0x0000000000012752                rtimer_arch_pending
                0x000000000001275c                rtimer_arch_check
                0x00000000000127a3                rtimer_arch_now
 .text          0x00000000000127b3       0x81 obj_cooja/mtype916.a(beep.o)
                0x00000000000127b3                beep_alarm
                0x00000000000127c0                beep_beep
                0x00000000000127cd                beep
                0x00000000000127da                beep_down
                0x00000000000127e7                beep_on
                0x00000000000127f4                beep_off
                0x0000000000012801                beep_spinup
                0x000000000001280e                beep_quick
                0x000000000001281b                beep_long
 .text          0x0000000000012834      0x10d obj_cooja/mtype916.a(button-sensor.o)
 .text          0x0000000000012941       0x49 obj_cooja/mtype916.a(leds-arch.o)
                0x0000000000012941                leds_arch_init
                0x000000000001294e                leds_arch_get
                0x000000000001295a                leds_arch_set
 .text          0x000000000001298a       0x35 obj_cooja/mtype916.a(moteid.o)
 .text          0x00000000000129bf       0xb7 obj_cooja/mtype916.a(pir-sensor.o)
 .text          0x0000000000012a76      0x148 obj_cooja/mtype916.a(rs232.o)
                0x0000000000012a76                rs232_init
                0x0000000000012a7c                rs232_set_speed
                0x0000000000012a8b                rs232_set_input
                0x0000000000012a99                rs232_send
                0x0000000000012abd                rs232_print
                0x0000000000012ad9                slip_arch_writeb
 .text          0x0000000000012bbe       0xb7 obj_cooja/mtype916.a(vib-sensor.o)
 .text          0x0000000000012c75       0x38 obj_cooja/mtype916.a(clock.o)
                0x0000000000012c75                clock_init
                0x0000000000012c7b                clock_time
                0x0000000000012c85                clock_seconds
                0x0000000000012c9b                clock_delay
 .text          0x0000000000012cad      0x219 obj_cooja/mtype916.a(cooja-log.o)
                0x0000000000012cad                simlog_char
                0x0000000000012cf0                simlog
                0x0000000000012d66                log_message
                0x0000000000012d97                log_set_putchar_with_slip
                0x0000000000012da5                log_putchar
                0x0000000000012e20                log_puts
                0x0000000000012e48                log_printf
 .text          0x0000000000012ec6      0x2b9 obj_cooja/mtype916.a(cfs-cooja.o)
                0x0000000000012ec6                cfs_open
                0x0000000000012f2f                cfs_close
                0x0000000000012f3c                cfs_read
                0x0000000000012fd1                cfs_write
                0x00000000000130ad                cfs_seek
                0x0000000000013135                cfs_remove
                0x0000000000013159                cfs_opendir
                0x0000000000013163                cfs_readdir
                0x000000000001316d                cfs_closedir
 .text          0x000000000001317f      0x605 obj_cooja/mtype916.a(cooja-radio.o)
                0x00000000000131c1                radio_set_channel
                0x00000000000131cf                radio_set_txpower
                0x00000000000131e7                radio_signal_strength_last
                0x00000000000131f1                radio_signal_strength_current
                0x00000000000131fb                radio_LQI
 .text          0x0000000000013784       0xee obj_cooja/mtype916.a(eeprom.o)
                0x0000000000013784                eeprom_init
                0x000000000001378a                eeprom_read
                0x00000000000137f8                eeprom_write
 .text          0x0000000000013872       0x2d obj_cooja/mtype916.a(random.o)
                0x0000000000013872                random_init
                0x0000000000013892                random_rand
 .text          0x000000000001389f      0x29c obj_cooja/mtype916.a(sensors.o)
                0x00000000000138da                sensors_first
                0x00000000000138e4                sensors_next
                0x00000000000138fe                sensors_changed
                0x0000000000013932                sensors_find
 .text          0x0000000000013b3b       0xf6 obj_cooja/mtype916.a(leds.o)
                0x0000000000013b3b                leds_init
                0x0000000000013b49                leds_blink
                0x0000000000013b8c                leds_get
                0x0000000000013b99                leds_set
                0x0000000000013bb8                leds_on
                0x0000000000013bde                leds_off
                0x0000000000013c0b                leds_toggle
 .text          0x0000000000013c31     0x3779 obj_cooja/mtype916.a(mqtt.o)
                0x0000000000016dd4                mqtt_init
                0x0000000000016e92                mqtt_register
                0x0000000000016f2f                mqtt_connect
                0x0000000000017041                mqtt_disconnect
                0x000000000001707f                mqtt_subscribe
                0x000000000001713c                mqtt_unsubscribe
                0x00000000000171ea                mqtt_publish
                0x00000000000172cb                mqtt_set_username_password
                0x0000000000017356                mqtt_set_last_will
 .text          0x00000000000173aa      0x328 obj_cooja/mtype916.a(contiki-main.o)
                0x00000000000173aa                main
 .text          0x00000000000176d2       0x92 obj_cooja/mtype916.a(autostart.o)
                0x00000000000176d2                autostart_start
                0x000000000001771c                autostart_exit
 .text          0x0000000000017764      0x355 obj_cooja/mtype916.a(ctimer.o)
                0x000000000001788c                ctimer_init
                0x00000000000178bf                ctimer_set
                0x00000000000178e5                ctimer_set_with_process
                0x0000000000017962                ctimer_reset
                0x00000000000179b6                ctimer_restart
                0x0000000000017a0a                ctimer_stop
                0x0000000000017a5a                ctimer_expired
 .text          0x0000000000017ab9       0x1b obj_cooja/mtype916.a(energest.o)
                0x0000000000017ab9                energest_init
                0x0000000000017abf                energest_flush
                0x0000000000017ac5                energest_get_total_time
 .text          0x0000000000017ad4      0x43f obj_cooja/mtype916.a(etimer.o)
                0x0000000000017cf8                etimer_request_poll
                0x0000000000017d81                etimer_set
                0x0000000000017daa                etimer_reset_with_new_interval
                0x0000000000017dd9                etimer_reset
                0x0000000000017dff                etimer_restart
                0x0000000000017e25                etimer_adjust
                0x0000000000017e42                etimer_expired
                0x0000000000017e55                etimer_expiration_time
                0x0000000000017e67                etimer_start_time
                0x0000000000017e71                etimer_pending
                0x0000000000017e83                etimer_next_expiration_time
                0x0000000000017e9d                etimer_stop
 .text          0x0000000000017f13      0x394 obj_cooja/mtype916.a(log.o)
                0x0000000000017f13                log_6addr
                0x0000000000017f66                log_6addr_compact_snprint
                0x0000000000018004                log_6addr_compact
                0x0000000000018057                log_lladdr
                0x00000000000180c9                log_lladdr_compact
                0x0000000000018131                log_set_level
                0x00000000000181ec                log_get_level
                0x0000000000018265                log_level_to_str
 .text          0x00000000000182a7      0x4fb obj_cooja/mtype916.a(process.o)
                0x00000000000182a7                process_alloc_event
                0x00000000000182bc                process_start
                0x0000000000018496                process_exit
                0x00000000000184b3                process_init
                0x0000000000018648                process_run
                0x000000000001867b                process_nevents
                0x0000000000018696                process_post
                0x0000000000018729                process_post_synch
                0x000000000001875e                process_poll
                0x000000000001878e                process_is_running
 .text          0x00000000000187a2       0xeb obj_cooja/mtype916.a(rtimer.o)
                0x00000000000187a2                rtimer_init
                0x00000000000187b0                rtimer_set
                0x000000000001882b                rtimer_run_next
 .text          0x000000000001888d       0x25 obj_cooja/mtype916.a(node-id.o)
                0x000000000001888d                node_id_init
 .text          0x00000000000188b2       0x9c obj_cooja/mtype916.a(timer.o)
                0x00000000000188b2                timer_set
                0x00000000000188d0                timer_reset
                0x00000000000188e8                timer_restart
                0x00000000000188fd                timer_expired
                0x000000000001892a                timer_remaining
 .text          0x000000000001894e      0x1eb obj_cooja/mtype916.a(serial-line.o)
                0x000000000001894e                serial_line_input_byte
                0x0000000000018b04                serial_line_init
 .text          0x0000000000018b39      0x28f obj_cooja/mtype916.a(list.o)
                0x0000000000018b39                list_init
                0x0000000000018b48                list_head
                0x0000000000018b52                list_copy
                0x0000000000018b62                list_tail
                0x0000000000018b98                list_add
                0x0000000000018be4                list_push
                0x0000000000018c10                list_chop
                0x0000000000018c7a                list_pop
                0x0000000000018ca2                list_remove
                0x0000000000018d0a                list_length
                0x0000000000018d38                list_insert
                0x0000000000018d7d                list_item_next
                0x0000000000018d94                list_contains
 .text          0x0000000000018dc8      0x156 obj_cooja/mtype916.a(ringbuf.o)
                0x0000000000018dc8                ringbuf_init
                0x0000000000018dfa                ringbuf_put
                0x0000000000018e78                ringbuf_get
                0x0000000000018ee5                ringbuf_size
                0x0000000000018ef7                ringbuf_elements
 .text          0x0000000000018f1e      0x407 obj_cooja/mtype916.a(packetbuf.o)
                0x0000000000018f1e                packetbuf_clear
                0x0000000000018f49                packetbuf_copyfrom
                0x0000000000018f98                packetbuf_copyto
                0x000000000001902b                packetbuf_hdralloc
                0x00000000000190a7                packetbuf_hdrreduce
                0x00000000000190ed                packetbuf_set_datalen
                0x0000000000019107                packetbuf_dataptr
                0x0000000000019124                packetbuf_hdrptr
                0x000000000001912e                packetbuf_datalen
                0x000000000001913a                packetbuf_hdrlen
                0x0000000000019151                packetbuf_totlen
                0x0000000000019167                packetbuf_remaininglen
                0x000000000001917a                packetbuf_attr_clear
                0x00000000000191c6                packetbuf_attr_copyto
                0x000000000001921e                packetbuf_attr_copyfrom
                0x0000000000019276                packetbuf_set_attr
                0x00000000000192a0                packetbuf_attr
                0x00000000000192ba                packetbuf_set_addr
                0x00000000000192eb                packetbuf_addr
                0x0000000000019308                packetbuf_holds_broadcast
 .text          0x0000000000019325       0xef obj_cooja/mtype916.a(netstack.o)
                0x0000000000019325                netstack_process_ip_callback
                0x00000000000193b6                netstack_ip_packet_processor_add
                0x00000000000193d9                uip_ds6_ip_packet_processor_rm
                0x00000000000193f6                netstack_init
 .text          0x0000000000019414       0x4f obj_cooja/mtype916.a(linkaddr.o)
                0x0000000000019414                linkaddr_copy
                0x000000000001942a                linkaddr_cmp
                0x000000000001944d                linkaddr_set_node_addr
 .text          0x0000000000019463      0x165 obj_cooja/mtype916.a(csma.o)
 .text          0x00000000000195c8      0x944 obj_cooja/mtype916.a(csma-output.o)
                0x0000000000019c41                csma_output_packet
                0x0000000000019ece                csma_output_init
 .text          0x0000000000019f0c      0xb25 obj_cooja/mtype916.a(uip-ds6.o)
                0x0000000000019f0c                uip_ds6_init
                0x000000000001a0b7                uip_ds6_periodic
                0x000000000001a13e                uip_ds6_list_loop
                0x000000000001a1fe                uip_ds6_prefix_add
                0x000000000001a2aa                uip_ds6_prefix_rm
                0x000000000001a2bd                uip_ds6_prefix_lookup
                0x000000000001a2fc                uip_ds6_is_addr_onlink
                0x000000000001a36f                uip_ds6_addr_add
                0x000000000001a48f                uip_ds6_addr_rm
                0x000000000001a538                uip_ds6_addr_lookup
                0x000000000001a571                uip_ds6_get_link_local
                0x000000000001a5f2                uip_ds6_get_global
                0x000000000001a673                uip_ds6_maddr_add
                0x000000000001a6d3                uip_ds6_maddr_rm
                0x000000000001a6e6                uip_ds6_maddr_lookup
                0x000000000001a71f                uip_ds6_aaddr_add
                0x000000000001a77f                uip_ds6_aaddr_rm
                0x000000000001a792                uip_ds6_aaddr_lookup
                0x000000000001a7cb                uip_ds6_select_src
                0x000000000001a914                uip_ds6_set_addr_iid
                0x000000000001a93f                uip_ds6_set_lladdr_from_iid
                0x000000000001a968                get_match_length
                0x000000000001a9f9                uip_ds6_compute_reachable_time
 .text          0x000000000001aa31      0x9d5 obj_cooja/mtype916.a(tcp-socket.o)
                0x000000000001b07c                tcp_socket_register
                0x000000000001b10d                tcp_socket_connect
                0x000000000001b1a4                tcp_socket_listen
                0x000000000001b21b                tcp_socket_unlisten
                0x000000000001b28f                tcp_socket_send
                0x000000000001b32f                tcp_socket_send_str
                0x000000000001b357                tcp_socket_close
                0x000000000001b380                tcp_socket_unregister
                0x000000000001b3da                tcp_socket_max_sendlen
                0x000000000001b3f7                tcp_socket_queuelen
 .text          0x000000000001b406      0xa72 obj_cooja/mtype916.a(tcpip.o)
                0x000000000001b420                tcpip_output
                0x000000000001b504                tcp_connect
                0x000000000001b55c                tcp_unlisten
                0x000000000001b5bc                tcp_listen
                0x000000000001b61a                tcp_attach
                0x000000000001b632                udp_attach
                0x000000000001b64a                udp_new
                0x000000000001b694                udp_broadcast_new
                0x000000000001b919                tcpip_input
                0x000000000001bab9                tcpip_ipv6_output
                0x000000000001bccd                tcpip_poll_udp
                0x000000000001bceb                tcpip_poll_tcp
                0x000000000001bd09                tcpip_uipcall
 .text          0x000000000001be78      0x35b obj_cooja/mtype916.a(uip-ds6-route.o)
                0x000000000001bec9                uip_ds6_route_init
                0x000000000001bef3                uip_ds6_route_nexthop
                0x000000000001befd                uip_ds6_route_head
                0x000000000001bf07                uip_ds6_route_next
                0x000000000001bf11                uip_ds6_route_is_nexthop
                0x000000000001bf1b                uip_ds6_route_num_routes
                0x000000000001bf25                uip_ds6_route_lookup
                0x000000000001bf2f                uip_ds6_route_add
                0x000000000001bf42                uip_ds6_route_rm
                0x000000000001bf48                uip_ds6_route_rm_by_nexthop
                0x000000000001bf4e                uip_ds6_defrt_head
                0x000000000001bf67                uip_ds6_defrt_add
                0x000000000001c015                uip_ds6_defrt_rm
                0x000000000001c07b                uip_ds6_defrt_lookup
                0x000000000001c0e2                uip_ds6_defrt_choose
                0x000000000001c158                uip_ds6_defrt_periodic
 .text          0x000000000001c1d3     0x2802 obj_cooja/mtype916.a(uip6.o)
                0x000000000001c1d3                uip_add32
                0x000000000001c36d                uip_chksum
                0x000000000001c44e                uip_icmp6chksum
                0x000000000001c463                uip_tcpchksum
                0x000000000001c478                uip_udpchksum
                0x000000000001c48d                uip_init
                0x000000000001c518                uip_connect
                0x000000000001c6a1                remove_ext_hdr
                0x000000000001c786                uip_udp_new
                0x000000000001c8a8                uip_unlisten
                0x000000000001c8ea                uip_listen
                0x000000000001cb8b                uip_process
                0x000000000001e8d0                uip_htons
                0x000000000001e8f2                uip_htonl
                0x000000000001e930                uip_send
 .text          0x000000000001e9d5      0x374 obj_cooja/mtype916.a(uip-ds6-nbr.o)
                0x000000000001e9d5                uip_ds6_neighbors_init
                0x000000000001e9f9                uip_ds6_nbr_add
                0x000000000001ea7f                uip_ds6_nbr_rm
                0x000000000001eaca                uip_ds6_nbr_update_ll
                0x000000000001ebb8                uip_ds6_nbr_get_ipaddr
                0x000000000001ebcd                uip_ds6_nbr_get_ll
                0x000000000001ebe9                uip_ds6_nbr_num
                0x000000000001ec32                uip_ds6_nbr_head
                0x000000000001ec4b                uip_ds6_nbr_next
                0x000000000001ec67                uip_ds6_nbr_lookup
                0x000000000001ecca                uip_ds6_nbr_ll_lookup
                0x000000000001ece6                uip_ds6_nbr_ipaddr_from_lladdr
                0x000000000001ed0f                uip_ds6_nbr_lladdr_from_ipaddr
                0x000000000001ed43                uip_ds6_link_callback
 .text          0x000000000001ed49      0x6b5 obj_cooja/mtype916.a(uip-nd6.o)
                0x000000000001f3e5                uip_nd6_init
 .text          0x000000000001f3fe     0x2a78 obj_cooja/mtype916.a(sicslowpan.o)
                0x000000000001f8fc                netstack_sniffer_add
                0x000000000001f90a                netstack_sniffer_remove
                0x0000000000021e42                sicslowpan_init
                0x0000000000021e6c                sicslowpan_get_last_rssi
 .text          0x0000000000021e76      0x4d1 obj_cooja/mtype916.a(uiplib.o)
                0x0000000000021e76                uiplib_ip6addrconv
                0x000000000002202e                uiplib_ip4addrconv
                0x00000000000220f1                uiplib_ipaddr_print
                0x0000000000022144                uiplib_ipaddr_snprint
 .text          0x0000000000022347      0x4c9 obj_cooja/mtype916.a(rpl.o)
                0x0000000000022347                rpl_lollipop_greater_than
                0x00000000000223a1                rpl_get_global_address
                0x0000000000022499                rpl_link_callback
                0x00000000000224dd                rpl_has_joined
                0x0000000000022502                rpl_is_reachable
                0x0000000000022583                rpl_reset_prefix
                0x00000000000225ed                rpl_set_prefix_from_addr
                0x00000000000226d2                rpl_set_prefix
                0x00000000000227ec                rpl_set_leaf_only
                0x0000000000022804                rpl_get_leaf_only
 .text          0x0000000000022810     0x13cb obj_cooja/mtype916.a(rpl-icmp6.o)
                0x0000000000022935                rpl_icmp6_update_nbr_table
                0x00000000000229ce                rpl_icmp6_dis_output
                0x0000000000023024                rpl_icmp6_dio_output
                0x0000000000023831                rpl_icmp6_dao_output
                0x0000000000023b22                rpl_icmp6_dao_ack_output
                0x0000000000023b92                rpl_icmp6_init
 .text          0x0000000000023bdb      0xe51 obj_cooja/mtype916.a(rpl-dag.o)
                0x0000000000023bdb                rpl_dag_state_to_str
                0x0000000000023c1a                rpl_dag_get_root_ipaddr
                0x0000000000023c62                rpl_dag_leave
                0x0000000000023ceb                rpl_dag_poison_and_leave
                0x0000000000023d03                rpl_dag_periodic
                0x0000000000023d8b                rpl_is_addr_in_our_dag
                0x0000000000023dcf                rpl_get_default_instance
                0x0000000000023deb                rpl_get_any_dag
                0x0000000000023e44                rpl_refresh_routes
                0x0000000000023e84                rpl_global_repair
                0x0000000000023f10                rpl_local_repair
                0x0000000000023f5a                rpl_dag_ready_to_advertise
                0x0000000000023f9d                rpl_dag_update_state
                0x00000000000246c1                rpl_process_dio
                0x0000000000024742                rpl_process_dis
                0x0000000000024787                rpl_process_dao
                0x0000000000024816                rpl_process_dao_ack
                0x00000000000248a8                rpl_process_hbh
                0x00000000000248f8                rpl_dag_init_root
                0x0000000000024a0c                rpl_dag_init
 .text          0x0000000000024a2c      0x286 obj_cooja/mtype916.a(rpl-dag-root.o)
                0x0000000000024a2c                rpl_dag_root_print_links
                0x0000000000024b7a                rpl_dag_root_set_prefix
                0x0000000000024ba6                rpl_dag_root_start
                0x0000000000024c83                rpl_dag_root_is_root
 .text          0x0000000000024cb2       0x1e obj_cooja/mtype916.a(watchdog.o)
                0x0000000000024cb2                watchdog_init
                0x0000000000024cb8                watchdog_start
                0x0000000000024cbe                watchdog_periodic
                0x0000000000024cc4                watchdog_stop
                0x0000000000024cca                watchdog_reboot
 .text          0x0000000000024cd0       0xb2 obj_cooja/mtype916.a(stimer.o)
                0x0000000000024cd0                stimer_set
                0x0000000000024cee                stimer_reset
                0x0000000000024d06                stimer_restart
                0x0000000000024d1b                stimer_expired
                0x0000000000024d46                stimer_remaining
                0x0000000000024d6a                stimer_elapsed
 .text          0x0000000000024d82      0x1b8 obj_cooja/mtype916.a(memb.o)
                0x0000000000024d82                memb_init
                0x0000000000024dd7                memb_alloc
                0x0000000000024e3c                memb_free
                0x0000000000024eb7                memb_inmemb
                0x0000000000024ef6                memb_numfree
 .text          0x0000000000024f3a      0x2e7 obj_cooja/mtype916.a(queuebuf.o)
                0x0000000000024f44                queuebuf_init
                0x0000000000024f6d                queuebuf_numfree
                0x0000000000024f85                queuebuf_new_from_packetbuf
                0x0000000000025024                queuebuf_update_attr_from_packetbuf
                0x0000000000025059                queuebuf_update_from_packetbuf
                0x00000000000250a9                queuebuf_free
                0x00000000000250f2                queuebuf_to_packetbuf
                0x000000000002515e                queuebuf_dataptr
                0x0000000000025198                queuebuf_datalen
                0x00000000000251bb                queuebuf_addr
                0x00000000000251f0                queuebuf_attr
                0x000000000002521b                queuebuf_debug_print
 .text          0x0000000000025221      0x78b obj_cooja/mtype916.a(nbr-table.o)
                0x000000000002569a                nbr_table_register
                0x0000000000025707                nbr_table_is_registered
                0x0000000000025742                nbr_table_head
                0x000000000002579d                nbr_table_next
                0x00000000000257fe                nbr_table_add_lladdr
                0x00000000000258c8                nbr_table_get_from_lladdr
                0x0000000000025914                nbr_table_remove
                0x000000000002594c                nbr_table_lock
                0x0000000000025966                nbr_table_unlock
                0x0000000000025980                nbr_table_get_lladdr
 .text          0x00000000000259ac      0x37c obj_cooja/mtype916.a(link-stats.o)
                0x00000000000259ac                link_stats_from_lladdr
                0x00000000000259c8                link_stats_is_fresh
                0x0000000000025a04                guess_etx_from_rssi
                0x0000000000025a80                link_stats_packet_sent
                0x0000000000025b93                link_stats_input_callback
                0x0000000000025ca3                link_stats_reset
                0x0000000000025cf3                link_stats_init
 .text          0x0000000000025d28      0x187 obj_cooja/mtype916.a(mac-sequence.o)
                0x0000000000025d28                mac_sequence_is_duplicate
                0x0000000000025dc8                mac_sequence_register_seqno
 .text          0x0000000000025eaf       0x23 obj_cooja/mtype916.a(mac.o)
                0x0000000000025eaf                mac_call_sent_callback
 .text          0x0000000000025ed2      0x41d obj_cooja/mtype916.a(framer-802154.o)
                0x0000000000026061                framer_802154_setup_params
 .text          0x00000000000262ef      0xb6f obj_cooja/mtype916.a(frame802154.o)
                0x0000000000026320                frame802154_get_pan_id
                0x000000000002632c                frame802154_set_pan_id
                0x0000000000026346                frame802154_has_panid
                0x00000000000264f5                frame802154_check_dest_panid
                0x000000000002657d                frame802154_is_broadcast_addr
                0x00000000000265ca                frame802154_extract_linkaddr
                0x000000000002682f                frame802154_hdrlen
                0x00000000000268a2                frame802154_create_fcf
                0x000000000002695a                frame802154_create
                0x0000000000026acf                frame802154_parse_fcf
                0x0000000000026bb1                frame802154_parse
 .text          0x0000000000026e5e      0x1ec obj_cooja/mtype916.a(uipbuf.o)
                0x0000000000026e5e                uipbuf_get_next_header
                0x0000000000026ecd                uipbuf_get_last_header
                0x0000000000026f54                uipbuf_get_attr
                0x0000000000026f7b                uipbuf_set_attr
                0x0000000000026fb2                uipbuf_clear_attr
                0x0000000000026fde                uipbuf_set_attr_flag
                0x0000000000026fff                uipbuf_clr_attr_flag
                0x0000000000027026                uipbuf_is_attr_flag
 .text          0x000000000002704a      0x96e obj_cooja/mtype916.a(uip-icmp6.o)
                0x00000000000270bf                uip_icmp6_input
                0x0000000000027116                uip_icmp6_register_input_handler
                0x0000000000027322                uip_icmp6_error_output
                0x0000000000027681                uip_icmp6_send
                0x0000000000027940                uip_icmp6_echo_reply_callback_add
                0x0000000000027972                uip_icmp6_echo_reply_callback_rm
                0x000000000002798f                uip_icmp6_init
 .text          0x00000000000279b8      0x69b obj_cooja/mtype916.a(uip-sr.o)
                0x00000000000279b8                uip_sr_num_nodes
                0x0000000000027a46                uip_sr_get_node
                0x0000000000027a9d                uip_sr_is_addr_reachable
                0x0000000000027b4b                uip_sr_expire_parent
                0x0000000000027b94                uip_sr_update_node
                0x0000000000027cc4                uip_sr_init
                0x0000000000027cf8                uip_sr_node_head
                0x0000000000027d11                uip_sr_node_next
                0x0000000000027d27                uip_sr_periodic
                0x0000000000027e2d                uip_sr_free_all
                0x0000000000027e9d                uip_sr_link_snprint
 .text          0x0000000000028053      0x146 obj_cooja/mtype916.a(uip-packetqueue)
                0x0000000000028081                uip_packetqueue_new
                0x0000000000028090                uip_packetqueue_alloc
                0x00000000000280eb                uip_packetqueue_free
                0x0000000000028132                uip_packetqueue_buf
                0x000000000002814f                uip_packetqueue_buflen
                0x0000000000028170                uip_packetqueue_set_buflen
 .text          0x0000000000028199      0x1c8 obj_cooja/mtype916.a(rpl-nbr-policy.)
                0x000000000002831e                rpl_nbr_policy_find_removable
 .text          0x0000000000028361      0x8ed obj_cooja/mtype916.a(rpl-neighbor.o)
                0x00000000000283dd                rpl_neighbor_snprint
                0x000000000002868a                rpl_neighbor_print_list
                0x000000000002873f                rpl_neighbor_count
                0x00000000000287e6                rpl_neighbor_get_from_lladdr
                0x0000000000028802                rpl_neighbor_is_acceptable_parent
                0x0000000000028836                rpl_neighbor_get_link_metric
                0x000000000002886a                rpl_neighbor_rank_via_nbr
                0x000000000002889e                rpl_neighbor_get_lladdr
                0x00000000000288ba                rpl_neighbor_get_ipaddr
                0x00000000000288e1                rpl_neighbor_get_link_stats
                0x0000000000028908                rpl_neighbor_is_fresh
                0x000000000002892f                rpl_neighbor_is_reachable
                0x000000000002897a                rpl_neighbor_is_parent
                0x00000000000289a4                rpl_neighbor_set_preferred_parent
                0x0000000000028a30                rpl_neighbor_remove_all
                0x0000000000028a7f                rpl_neighbor_get_from_ipaddr
                0x0000000000028b83                rpl_neighbor_select_best
                0x0000000000028c2f                rpl_neighbor_init
 .text          0x0000000000028c4e      0xa19 obj_cooja/mtype916.a(rpl-timers.o)
                0x0000000000028c4e                rpl_timers_schedule_periodic_dis
                0x0000000000028d9c                rpl_timers_dio_reset
                0x0000000000028e8d                rpl_timers_schedule_unicast_dio
                0x0000000000029013                rpl_timers_schedule_dao
                0x000000000002914d                rpl_timers_schedule_dao_ack
                0x00000000000291d3                get_probing_delay
                0x0000000000029207                get_probing_target
                0x00000000000293f1                rpl_schedule_probing
                0x000000000002941f                rpl_schedule_probing_now
                0x0000000000029489                rpl_timers_unschedule_leaving
                0x00000000000294c1                rpl_timers_schedule_leaving
                0x0000000000029502                rpl_timers_init
                0x0000000000029592                rpl_timers_stop_dag_timers
                0x000000000002960b                rpl_timers_unschedule_state_update
                0x000000000002962f                rpl_timers_schedule_state_update
 .text          0x0000000000029667     0x102c obj_cooja/mtype916.a(rpl-ext-header.)
                0x0000000000029667                rpl_ext_header_srh_get_next_hop
                0x00000000000297e3                rpl_ext_header_srh_update
                0x0000000000029edc                rpl_ext_header_hbh_update
                0x000000000002a431                rpl_ext_header_update
                0x000000000002a4ba                rpl_ext_header_remove
 .text          0x000000000002a693      0x31b obj_cooja/mtype916.a(rpl-mrhof.o)
 .text          0x000000000002a9ae        0x0 /usr/lib/gcc/i686-linux-gnu/5/crtendS.o
 .text          0x000000000002a9ae        0x0 /usr/lib/gcc/i686-linux-gnu/5/../../../i386-linux-gnu/crtn.o
 *(.gnu.warning)

.fini           0x000000000002a9b0       0x14
 *(SORT(.fini))
 .fini          0x000000000002a9b0        0xf /usr/lib/gcc/i686-linux-gnu/5/../../../i386-linux-gnu/crti.o
                0x000000000002a9b0                _fini
 .fini          0x000000000002a9bf        0x5 /usr/lib/gcc/i686-linux-gnu/5/../../../i386-linux-gnu/crtn.o
                [!provide]                        PROVIDE (__etext, .)
                [!provide]                        PROVIDE (_etext, .)
                [!provide]                        PROVIDE (etext, .)

.rodata         0x000000000002a9e0      0xc20
 *(.rodata .rodata.* .gnu.linkonce.r.*)
 .rodata        0x000000000002a9e0      0x4a8 temp_s.o
                0x000000000002a9e8                autostart_processes
 .rodata        0x000000000002ae88        0x8 obj_cooja/mtype916.a(beep.o)
                0x000000000002ae88                beep_interface
 .rodata        0x000000000002ae90       0x20 obj_cooja/mtype916.a(button-sensor.o)
                0x000000000002ae90                button_interface
                0x000000000002aea0                button_sensor
 .rodata        0x000000000002aeb0        0x8 obj_cooja/mtype916.a(leds-arch.o)
                0x000000000002aeb0                leds_interface
 .rodata        0x000000000002aeb8        0x8 obj_cooja/mtype916.a(moteid.o)
                0x000000000002aeb8                moteid_interface
 .rodata        0x000000000002aec0       0x1c obj_cooja/mtype916.a(pir-sensor.o)
                0x000000000002aec0                pir_interface
                0x000000000002aecc                pir_sensor
 .rodata        0x000000000002aedc        0xe obj_cooja/mtype916.a(rs232.o)
                0x000000000002aedc                rs232_interface
 *fill*         0x000000000002aeea        0x2 
 .rodata        0x000000000002aeec       0x24 obj_cooja/mtype916.a(vib-sensor.o)
                0x000000000002aeec                vib_interface
                0x000000000002af00                vib_sensor
 .rodata        0x000000000002af10        0x8 obj_cooja/mtype916.a(clock.o)
                0x000000000002af10                clock_interface
 .rodata        0x000000000002af18        0x8 obj_cooja/mtype916.a(cooja-log.o)
                0x000000000002af18                simlog_interface
 .rodata        0x000000000002af20       0x2f obj_cooja/mtype916.a(cfs-cooja.o)
                0x000000000002af20                cfs_interface
 *fill*         0x000000000002af4f       0x11 
 .rodata        0x000000000002af60       0x58 obj_cooja/mtype916.a(cooja-radio.o)
                0x000000000002af60                radio_interface
                0x000000000002af80                cooja_radio_driver
 .rodata        0x000000000002afb8        0x8 obj_cooja/mtype916.a(eeprom.o)
                0x000000000002afb8                eeprom_interface
 .rodata        0x000000000002afc0        0x8 obj_cooja/mtype916.a(sensors.o)
 .rodata        0x000000000002afc8       0x14 obj_cooja/mtype916.a(mqtt.o)
 .rodata        0x000000000002afdc       0xf8 obj_cooja/mtype916.a(contiki-main.o)
 .rodata        0x000000000002b0d4        0xf obj_cooja/mtype916.a(ctimer.o)
 .rodata        0x000000000002b0e3        0xc obj_cooja/mtype916.a(etimer.o)
 *fill*         0x000000000002b0ef        0x1 
 .rodata        0x000000000002b0f0       0xc0 obj_cooja/mtype916.a(log.o)
 .rodata        0x000000000002b1b0        0xe obj_cooja/mtype916.a(serial-line.o)
 *fill*         0x000000000002b1be        0x2 
 .rodata        0x000000000002b1c0        0x8 obj_cooja/mtype916.a(linkaddr.o)
                0x000000000002b1c0                linkaddr_null
 .rodata        0x000000000002b1c8       0x20 obj_cooja/mtype916.a(csma.o)
                0x000000000002b1d0                csma_driver
 .rodata        0x000000000002b1e8       0x13 obj_cooja/mtype916.a(tcp-socket.o)
 .rodata        0x000000000002b1fb        0xd obj_cooja/mtype916.a(tcpip.o)
 .rodata        0x000000000002b208       0x4d obj_cooja/mtype916.a(uip-ds6-route.o)
 *fill*         0x000000000002b255        0x3 
 .rodata        0x000000000002b258      0x13c obj_cooja/mtype916.a(uip6.o)
 .rodata        0x000000000002b394       0x30 obj_cooja/mtype916.a(sicslowpan.o)
                0x000000000002b394                unc_llconf
                0x000000000002b398                unc_ctxconf
                0x000000000002b39c                unc_mxconf
                0x000000000002b3a0                llprefix
                0x000000000002b3b4                sicslowpan_driver
 .rodata        0x000000000002b3c4       0x2d obj_cooja/mtype916.a(uiplib.o)
 *fill*         0x000000000002b3f1        0xf 
 .rodata        0x000000000002b400       0x70 obj_cooja/mtype916.a(rpl.o)
                0x000000000002b420                rpl_lite_driver
 .rodata        0x000000000002b470       0xdb obj_cooja/mtype916.a(rpl-dag.o)
 *fill*         0x000000000002b54b        0x1 
 .rodata        0x000000000002b54c        0xc obj_cooja/mtype916.a(framer-802154.o)
                0x000000000002b54c                framer_802154
 .rodata        0x000000000002b558       0x44 obj_cooja/mtype916.a(uip-sr.o)
 .rodata        0x000000000002b59c       0x58 obj_cooja/mtype916.a(rpl-neighbor.o)
 .rodata        0x000000000002b5f4        0xc obj_cooja/mtype916.a(rpl-timers.o)

.rodata1
 *(.rodata1)

.eh_frame_hdr   0x000000000002b600     0x1674
 *(.eh_frame_hdr)
 .eh_frame_hdr  0x000000000002b600     0x1674 temp_s.o
                0x000000000002b600                __GNU_EH_FRAME_HDR
 *(.eh_frame_entry .eh_frame_entry.*)

.eh_frame       0x000000000002cc74     0x5af0
 *(.eh_frame)
 .eh_frame      0x000000000002cc74       0x3c /usr/lib/gcc/i686-linux-gnu/5/../../../i386-linux-gnu/crti.o
                                         0x40 (size before relaxing)
 .eh_frame      0x000000000002ccb0      0x240 temp_s.o
                                        0x258 (size before relaxing)
 .eh_frame      0x000000000002cef0      0x178 obj_cooja/mtype916.o
                                        0x190 (size before relaxing)
 .eh_frame      0x000000000002d068       0x40 obj_cooja/mtype916.a(simEnvChange.o)
                                         0x58 (size before relaxing)
 .eh_frame      0x000000000002d0a8       0x60 obj_cooja/mtype916.a(cooja_mt.o)
                                         0x78 (size before relaxing)
 .eh_frame      0x000000000002d108       0x80 obj_cooja/mtype916.a(cooja_mtarch.o)
                                         0x98 (size before relaxing)
 .eh_frame      0x000000000002d188       0xc8 obj_cooja/mtype916.a(rtimer-arch.o)
                                         0xe0 (size before relaxing)
 .eh_frame      0x000000000002d250      0x160 obj_cooja/mtype916.a(beep.o)
                                        0x178 (size before relaxing)
 .eh_frame      0x000000000002d3b0       0xa0 obj_cooja/mtype916.a(button-sensor.o)
                                         0xb8 (size before relaxing)
 .eh_frame      0x000000000002d450       0xa0 obj_cooja/mtype916.a(leds-arch.o)
                                         0xb8 (size before relaxing)
 .eh_frame      0x000000000002d4f0       0x40 obj_cooja/mtype916.a(moteid.o)
                                         0x58 (size before relaxing)
 .eh_frame      0x000000000002d530       0xa0 obj_cooja/mtype916.a(pir-sensor.o)
                                         0xb8 (size before relaxing)
 .eh_frame      0x000000000002d5d0      0x100 obj_cooja/mtype916.a(rs232.o)
                                        0x118 (size before relaxing)
 .eh_frame      0x000000000002d6d0       0xa0 obj_cooja/mtype916.a(vib-sensor.o)
                                         0xb8 (size before relaxing)
 .eh_frame      0x000000000002d770       0xc0 obj_cooja/mtype916.a(clock.o)
                                         0xd8 (size before relaxing)
 .eh_frame      0x000000000002d830      0x120 obj_cooja/mtype916.a(cooja-log.o)
                                        0x138 (size before relaxing)
 .eh_frame      0x000000000002d950      0x160 obj_cooja/mtype916.a(cfs-cooja.o)
                                        0x178 (size before relaxing)
 .eh_frame      0x000000000002dab0      0x340 obj_cooja/mtype916.a(cooja-radio.o)
                                        0x358 (size before relaxing)
 .eh_frame      0x000000000002ddf0       0xa0 obj_cooja/mtype916.a(eeprom.o)
                                         0xb8 (size before relaxing)
 .eh_frame      0x000000000002de90       0x40 obj_cooja/mtype916.a(random.o)
                                         0x58 (size before relaxing)
 .eh_frame      0x000000000002ded0       0xc0 obj_cooja/mtype916.a(sensors.o)
                                         0xd8 (size before relaxing)
 .eh_frame      0x000000000002df90       0xe0 obj_cooja/mtype916.a(leds.o)
                                         0xf8 (size before relaxing)
 .eh_frame      0x000000000002e070      0x4a4 obj_cooja/mtype916.a(mqtt.o)
                                        0x4bc (size before relaxing)
 .eh_frame      0x000000000002e514       0x30 obj_cooja/mtype916.a(contiki-main.o)
                                         0x48 (size before relaxing)
 .eh_frame      0x000000000002e544       0x40 obj_cooja/mtype916.a(autostart.o)
                                         0x58 (size before relaxing)
 .eh_frame      0x000000000002e584      0x100 obj_cooja/mtype916.a(ctimer.o)
                                        0x118 (size before relaxing)
 .eh_frame      0x000000000002e684       0x60 obj_cooja/mtype916.a(energest.o)
                                         0x78 (size before relaxing)
 .eh_frame      0x000000000002e6e4      0x1e0 obj_cooja/mtype916.a(etimer.o)
                                        0x1f8 (size before relaxing)
 .eh_frame      0x000000000002e8c4      0x100 obj_cooja/mtype916.a(log.o)
                                        0x118 (size before relaxing)
 .eh_frame      0x000000000002e9c4      0x1c4 obj_cooja/mtype916.a(process.o)
                                        0x1dc (size before relaxing)
 .eh_frame      0x000000000002eb88       0x60 obj_cooja/mtype916.a(rtimer.o)
                                         0x78 (size before relaxing)
 .eh_frame      0x000000000002ebe8       0x20 obj_cooja/mtype916.a(node-id.o)
                                         0x38 (size before relaxing)
 .eh_frame      0x000000000002ec08       0xa4 obj_cooja/mtype916.a(timer.o)
                                         0xbc (size before relaxing)
 .eh_frame      0x000000000002ecac       0x60 obj_cooja/mtype916.a(serial-line.o)
                                         0x78 (size before relaxing)
 .eh_frame      0x000000000002ed0c      0x1a0 obj_cooja/mtype916.a(list.o)
                                        0x1b8 (size before relaxing)
 .eh_frame      0x000000000002eeac       0xa0 obj_cooja/mtype916.a(ringbuf.o)
                                         0xb8 (size before relaxing)
 .eh_frame      0x000000000002ef4c      0x28c obj_cooja/mtype916.a(packetbuf.o)
                                        0x2a4 (size before relaxing)
 .eh_frame      0x000000000002f1d8       0x80 obj_cooja/mtype916.a(netstack.o)
                                         0x98 (size before relaxing)
 .eh_frame      0x000000000002f258       0x60 obj_cooja/mtype916.a(linkaddr.o)
                                         0x78 (size before relaxing)
 .eh_frame      0x000000000002f2b8       0xa0 obj_cooja/mtype916.a(csma.o)
                                         0xb8 (size before relaxing)
 .eh_frame      0x000000000002f358      0x1d4 obj_cooja/mtype916.a(csma-output.o)
                                        0x1ec (size before relaxing)
 .eh_frame      0x000000000002f52c      0x2e8 obj_cooja/mtype916.a(uip-ds6.o)
                                        0x300 (size before relaxing)
 .eh_frame      0x000000000002f814      0x248 obj_cooja/mtype916.a(tcp-socket.o)
                                        0x260 (size before relaxing)
 .eh_frame      0x000000000002fa5c      0x308 obj_cooja/mtype916.a(tcpip.o)
                                        0x320 (size before relaxing)
 .eh_frame      0x000000000002fd64      0x220 obj_cooja/mtype916.a(uip-ds6-route.o)
                                        0x238 (size before relaxing)
 .eh_frame      0x000000000002ff84      0x274 obj_cooja/mtype916.a(uip6.o)
                                        0x28c (size before relaxing)
 .eh_frame      0x00000000000301f8      0x1c0 obj_cooja/mtype916.a(uip-ds6-nbr.o)
                                        0x1d8 (size before relaxing)
 .eh_frame      0x00000000000303b8       0x84 obj_cooja/mtype916.a(uip-nd6.o)
                                         0x9c (size before relaxing)
 .eh_frame      0x000000000003043c      0x2f8 obj_cooja/mtype916.a(sicslowpan.o)
                                        0x310 (size before relaxing)
 .eh_frame      0x0000000000030734       0x88 obj_cooja/mtype916.a(uiplib.o)
                                         0xa0 (size before relaxing)
 .eh_frame      0x00000000000307bc      0x1e0 obj_cooja/mtype916.a(rpl.o)
                                        0x1f8 (size before relaxing)
 .eh_frame      0x000000000003099c      0x1c4 obj_cooja/mtype916.a(rpl-icmp6.o)
                                        0x1dc (size before relaxing)
 .eh_frame      0x0000000000030b60      0x370 obj_cooja/mtype916.a(rpl-dag.o)
                                        0x388 (size before relaxing)
 .eh_frame      0x0000000000030ed0       0xa0 obj_cooja/mtype916.a(rpl-dag-root.o)
                                         0xb8 (size before relaxing)
 .eh_frame      0x0000000000030f70       0xa0 obj_cooja/mtype916.a(watchdog.o)
                                         0xb8 (size before relaxing)
 .eh_frame      0x0000000000031010       0xc4 obj_cooja/mtype916.a(stimer.o)
                                         0xdc (size before relaxing)
 .eh_frame      0x00000000000310d4       0xa0 obj_cooja/mtype916.a(memb.o)
                                         0xb8 (size before relaxing)
 .eh_frame      0x0000000000031174      0x1a0 obj_cooja/mtype916.a(queuebuf.o)
                                        0x1b8 (size before relaxing)
 .eh_frame      0x0000000000031314      0x2ac obj_cooja/mtype916.a(nbr-table.o)
                                        0x2c4 (size before relaxing)
 .eh_frame      0x00000000000315c0      0x100 obj_cooja/mtype916.a(link-stats.o)
                                        0x118 (size before relaxing)
 .eh_frame      0x00000000000316c0       0x48 obj_cooja/mtype916.a(mac-sequence.o)
                                         0x60 (size before relaxing)
 .eh_frame      0x0000000000031708       0x20 obj_cooja/mtype916.a(mac.o)
                                         0x38 (size before relaxing)
 .eh_frame      0x0000000000031728       0xa4 obj_cooja/mtype916.a(framer-802154.o)
                                         0xbc (size before relaxing)
 .eh_frame      0x00000000000317cc      0x1a4 obj_cooja/mtype916.a(frame802154.o)
                                        0x1bc (size before relaxing)
 .eh_frame      0x0000000000031970      0x100 obj_cooja/mtype916.a(uipbuf.o)
                                        0x118 (size before relaxing)
 .eh_frame      0x0000000000031a70      0x160 obj_cooja/mtype916.a(uip-icmp6.o)
                                        0x178 (size before relaxing)
 .eh_frame      0x0000000000031bd0      0x184 obj_cooja/mtype916.a(uip-sr.o)
                                        0x19c (size before relaxing)
 .eh_frame      0x0000000000031d54       0xe0 obj_cooja/mtype916.a(uip-packetqueue)
                                         0xf8 (size before relaxing)
 .eh_frame      0x0000000000031e34       0x80 obj_cooja/mtype916.a(rpl-nbr-policy.)
                                         0x98 (size before relaxing)
 .eh_frame      0x0000000000031eb4      0x2d4 obj_cooja/mtype916.a(rpl-neighbor.o)
                                        0x2ec (size before relaxing)
 .eh_frame      0x0000000000032188      0x368 obj_cooja/mtype916.a(rpl-timers.o)
                                        0x380 (size before relaxing)
 .eh_frame      0x00000000000324f0      0x128 obj_cooja/mtype916.a(rpl-ext-header.)
                                        0x140 (size before relaxing)
 .eh_frame      0x0000000000032618      0x148 obj_cooja/mtype916.a(rpl-mrhof.o)
                                        0x160 (size before relaxing)
 .eh_frame      0x0000000000032760        0x4 /usr/lib/gcc/i686-linux-gnu/5/crtendS.o
 *(.eh_frame.*)

.gcc_except_table
 *(.gcc_except_table .gcc_except_table.*)

.gnu_extab
 *(.gnu_extab*)

.exception_ranges
 *(.exception_ranges .exception_ranges*)
                0x0000000000033f10                . = DATA_SEGMENT_ALIGN (0x1000, 0x1000)

.eh_frame
 *(.eh_frame)
 *(.eh_frame.*)

.gnu_extab
 *(.gnu_extab)

.gcc_except_table
 *(.gcc_except_table .gcc_except_table.*)

.exception_ranges
 *(.exception_ranges .exception_ranges*)

.tdata
 *(.tdata .tdata.* .gnu.linkonce.td.*)

.tbss
 *(.tbss .tbss.* .gnu.linkonce.tb.*)
 *(.tcommon)

.preinit_array
 *(.preinit_array)

.init_array     0x0000000000033f10        0x4
 *(SORT(.init_array.*) SORT(.ctors.*))
 *(.init_array EXCLUDE_FILE(*crtend?.o *crtend.o *crtbegin?.o *crtbegin.o) .ctors)
 .init_array    0x0000000000033f10        0x4 /usr/lib/gcc/i686-linux-gnu/5/crtbeginS.o

.fini_array     0x0000000000033f14        0x4
 *(SORT(.fini_array.*) SORT(.dtors.*))
 *(.fini_array EXCLUDE_FILE(*crtend?.o *crtend.o *crtbegin?.o *crtbegin.o) .dtors)
 .fini_array    0x0000000000033f14        0x4 /usr/lib/gcc/i686-linux-gnu/5/crtbeginS.o

.ctors
 *crtbegin.o(.ctors)
 *crtbegin?.o(.ctors)
 *(EXCLUDE_FILE(*crtend?.o *crtend.o) .ctors)
 *(SORT(.ctors.*))
 *(.ctors)

.dtors
 *crtbegin.o(.dtors)
 *crtbegin?.o(.dtors)
 *(EXCLUDE_FILE(*crtend?.o *crtend.o) .dtors)
 *(SORT(.dtors.*))
 *(.dtors)

.jcr            0x0000000000033f18        0x4
 *(.jcr)
 .jcr           0x0000000000033f18        0x0 /usr/lib/gcc/i686-linux-gnu/5/crtbeginS.o
 .jcr           0x0000000000033f18        0x4 /usr/lib/gcc/i686-linux-gnu/5/crtendS.o

.data.rel.ro
 *(.data.rel.ro.local* .gnu.linkonce.d.rel.ro.local.*)
 *(.data.rel.ro .data.rel.ro.* .gnu.linkonce.d.rel.ro.*)

.dynamic        0x0000000000033f1c       0xd0
 *(.dynamic)
 .dynamic       0x0000000000033f1c       0xd0 /usr/lib/gcc/i686-linux-gnu/5/../../../i386-linux-gnu/crti.o
                0x0000000000033f1c                _DYNAMIC

.got            0x0000000000033fec       0x14
 *(.got)
 .got           0x0000000000033fec       0x14 /usr/lib/gcc/i686-linux-gnu/5/../../../i386-linux-gnu/crti.o
 *(.igot)
                0x0000000000034ff4                . = DATA_SEGMENT_RELRO_END (., (SIZEOF (.got.plt) >= 0xc)?0xc:0x0)

.got.plt        0x0000000000034000        0xc
 *(.got.plt)
 .got.plt       0x0000000000034000        0xc /usr/lib/gcc/i686-linux-gnu/5/../../../i386-linux-gnu/crti.o
                0x0000000000034000                _GLOBAL_OFFSET_TABLE_
 *(.igot.plt)

.data           0x0000000000034020      0x324
 *(.data .data.* .gnu.linkonce.d.*)
 .data          0x0000000000034020        0x0 /usr/lib/gcc/i686-linux-gnu/5/../../../i386-linux-gnu/crti.o
 .data          0x0000000000034020        0x0 /usr/lib/gcc/i686-linux-gnu/5/crtbeginS.o
 .data.rel.local
                0x0000000000034020        0x4 /usr/lib/gcc/i686-linux-gnu/5/crtbeginS.o
                0x0000000000034020                __dso_handle
 .data          0x0000000000034024       0x14 temp_s.o
                0x0000000000034028                mqtt_demo_process
 *fill*         0x0000000000034038        0x8 
 .data          0x0000000000034040       0x44 obj_cooja/mtype916.o
                0x0000000000034040                simInterfaces
                0x0000000000034074                sensors
 .data          0x0000000000034084        0x0 obj_cooja/mtype916.a(simEnvChange.o)
 .data          0x0000000000034084        0x0 obj_cooja/mtype916.a(cooja_mt.o)
 .data          0x0000000000034084        0x0 obj_cooja/mtype916.a(cooja_mtarch.o)
 .data          0x0000000000034084        0x0 obj_cooja/mtype916.a(rtimer-arch.o)
 .data          0x0000000000034084        0x0 obj_cooja/mtype916.a(beep.o)
 .data          0x0000000000034084        0x0 obj_cooja/mtype916.a(button-sensor.o)
 .data          0x0000000000034084        0x0 obj_cooja/mtype916.a(leds-arch.o)
 .data          0x0000000000034084        0x0 obj_cooja/mtype916.a(moteid.o)
 .data          0x0000000000034084        0x0 obj_cooja/mtype916.a(pir-sensor.o)
 .data          0x0000000000034084        0x0 obj_cooja/mtype916.a(rs232.o)
 .data          0x0000000000034084        0x0 obj_cooja/mtype916.a(vib-sensor.o)
 .data          0x0000000000034084        0x0 obj_cooja/mtype916.a(clock.o)
 .data          0x0000000000034084        0x0 obj_cooja/mtype916.a(cooja-log.o)
 .data          0x0000000000034084        0x0 obj_cooja/mtype916.a(cfs-cooja.o)
 .data          0x0000000000034084       0x2c obj_cooja/mtype916.a(cooja-radio.o)
                0x0000000000034084                simRadioHWOn
                0x0000000000034088                simSignalStrength
                0x000000000003408c                simLastSignalStrength
                0x0000000000034090                simPower
                0x0000000000034094                simRadioChannel
                0x0000000000034098                simLQI
                0x00000000000340a0                cooja_radio_process
 .data          0x00000000000340b0        0x0 obj_cooja/mtype916.a(eeprom.o)
 .data          0x00000000000340b0        0x0 obj_cooja/mtype916.a(random.o)
 .data          0x00000000000340b0       0x10 obj_cooja/mtype916.a(sensors.o)
                0x00000000000340b0                sensors_process
 .data          0x00000000000340c0        0x0 obj_cooja/mtype916.a(leds.o)
 .data          0x00000000000340c0       0x14 obj_cooja/mtype916.a(mqtt.o)
                0x00000000000340c4                mqtt_process
 .data          0x00000000000340d4        0x0 obj_cooja/mtype916.a(contiki-main.o)
 .data          0x00000000000340d4        0x0 obj_cooja/mtype916.a(autostart.o)
 .data          0x00000000000340d4       0x14 obj_cooja/mtype916.a(ctimer.o)
                0x00000000000340d8                ctimer_process
 .data          0x00000000000340e8        0x0 obj_cooja/mtype916.a(energest.o)
 .data          0x00000000000340e8       0x10 obj_cooja/mtype916.a(etimer.o)
                0x00000000000340e8                etimer_process
 *fill*         0x00000000000340f8        0x8 
 .data          0x0000000000034100       0xb0 obj_cooja/mtype916.a(log.o)
                0x0000000000034100                curr_log_level_main
                0x0000000000034120                all_modules
 .data          0x00000000000341b0        0x0 obj_cooja/mtype916.a(process.o)
 .data          0x00000000000341b0        0x0 obj_cooja/mtype916.a(rtimer.o)
 .data          0x00000000000341b0        0x0 obj_cooja/mtype916.a(node-id.o)
 .data          0x00000000000341b0        0x0 obj_cooja/mtype916.a(timer.o)
 .data          0x00000000000341b0       0x10 obj_cooja/mtype916.a(serial-line.o)
                0x00000000000341b0                serial_line_process
 .data          0x00000000000341c0        0x0 obj_cooja/mtype916.a(list.o)
 .data          0x00000000000341c0        0x0 obj_cooja/mtype916.a(ringbuf.o)
 .data          0x00000000000341c0        0x4 obj_cooja/mtype916.a(packetbuf.o)
 .data          0x00000000000341c4        0x4 obj_cooja/mtype916.a(netstack.o)
 .data          0x00000000000341c8        0x0 obj_cooja/mtype916.a(linkaddr.o)
 .data          0x00000000000341c8        0x0 obj_cooja/mtype916.a(csma.o)
 .data          0x00000000000341c8       0x28 obj_cooja/mtype916.a(csma-output.o)
 .data          0x00000000000341f0        0x0 obj_cooja/mtype916.a(uip-ds6.o)
 .data          0x00000000000341f0       0x14 obj_cooja/mtype916.a(tcp-socket.o)
                0x00000000000341f4                tcp_socket_process
 .data          0x0000000000034204       0x10 obj_cooja/mtype916.a(tcpip.o)
                0x0000000000034204                tcpip_process
 .data          0x0000000000034214       0x10 obj_cooja/mtype916.a(uip-ds6-route.o)
 .data          0x0000000000034224        0x0 obj_cooja/mtype916.a(uip6.o)
 .data          0x0000000000034224       0x14 obj_cooja/mtype916.a(uip-ds6-nbr.o)
                0x0000000000034234                ds6_neighbors
 .data          0x0000000000034238        0xc obj_cooja/mtype916.a(uip-nd6.o)
 .data          0x0000000000034244        0x0 obj_cooja/mtype916.a(sicslowpan.o)
 .data          0x0000000000034244        0x0 obj_cooja/mtype916.a(uiplib.o)
 .data          0x0000000000034244        0x0 obj_cooja/mtype916.a(rpl.o)
 .data          0x0000000000034244       0x30 obj_cooja/mtype916.a(rpl-icmp6.o)
 .data          0x0000000000034274        0x0 obj_cooja/mtype916.a(rpl-dag.o)
 .data          0x0000000000034274        0x0 obj_cooja/mtype916.a(rpl-dag-root.o)
 .data          0x0000000000034274        0x0 obj_cooja/mtype916.a(watchdog.o)
 .data          0x0000000000034274        0x0 obj_cooja/mtype916.a(stimer.o)
 .data          0x0000000000034274        0x0 obj_cooja/mtype916.a(memb.o)
 .data          0x0000000000034274       0x18 obj_cooja/mtype916.a(queuebuf.o)
 .data          0x000000000003428c       0x10 obj_cooja/mtype916.a(nbr-table.o)
 .data          0x000000000003429c       0x14 obj_cooja/mtype916.a(link-stats.o)
 .data          0x00000000000342b0        0x0 obj_cooja/mtype916.a(mac-sequence.o)
 .data          0x00000000000342b0        0x0 obj_cooja/mtype916.a(mac.o)
 .data          0x00000000000342b0        0x0 obj_cooja/mtype916.a(framer-802154.o)
 .data          0x00000000000342b0        0x2 obj_cooja/mtype916.a(frame802154.o)
 .data          0x00000000000342b2        0x0 obj_cooja/mtype916.a(uipbuf.o)
 *fill*         0x00000000000342b2        0x2 
 .data          0x00000000000342b4       0x20 obj_cooja/mtype916.a(uip-icmp6.o)
 .data          0x00000000000342d4       0x10 obj_cooja/mtype916.a(uip-sr.o)
 .data          0x00000000000342e4        0xc obj_cooja/mtype916.a(uip-packetqueue)
 .data          0x00000000000342f0        0x0 obj_cooja/mtype916.a(rpl-nbr-policy.)
 .data          0x00000000000342f0       0x14 obj_cooja/mtype916.a(rpl-neighbor.o)
                0x0000000000034300                rpl_neighbors
 .data          0x0000000000034304        0x0 obj_cooja/mtype916.a(rpl-timers.o)
 .data          0x0000000000034304        0x0 obj_cooja/mtype916.a(rpl-ext-header.)
 *fill*         0x0000000000034304       0x1c 
 .data          0x0000000000034320       0x24 obj_cooja/mtype916.a(rpl-mrhof.o)
                0x0000000000034320                rpl_mrhof
 .data          0x0000000000034344        0x0 /usr/lib/gcc/i686-linux-gnu/5/crtendS.o
 .data          0x0000000000034344        0x0 /usr/lib/gcc/i686-linux-gnu/5/../../../i386-linux-gnu/crtn.o

.tm_clone_table
                0x0000000000034344        0x0
 .tm_clone_table
                0x0000000000034344        0x0 /usr/lib/gcc/i686-linux-gnu/5/crtbeginS.o
 .tm_clone_table
                0x0000000000034344        0x0 /usr/lib/gcc/i686-linux-gnu/5/crtendS.o

.data1
 *(.data1)
                0x0000000000034344                _edata = .
                [!provide]                        PROVIDE (edata, .)
                0x0000000000034344                . = .
                0x0000000000034344                __bss_start = .

.bss            0x0000000000034360    0x14640
 *(.dynbss)
 .dynbss        0x0000000000034360        0x0 /usr/lib/gcc/i686-linux-gnu/5/../../../i386-linux-gnu/crti.o
 *(.bss .bss.* .gnu.linkonce.b.*)
 .bss           0x0000000000034360        0x0 /usr/lib/gcc/i686-linux-gnu/5/../../../i386-linux-gnu/crti.o
 .bss           0x0000000000034360        0x1 /usr/lib/gcc/i686-linux-gnu/5/crtbeginS.o
 *fill*         0x0000000000034361       0x1f 
 .bss           0x0000000000034380      0xbb0 temp_s.o
 *fill*         0x0000000000034f30       0x10 
 .bss           0x0000000000034f40     0x2030 obj_cooja/mtype916.o
 .bss           0x0000000000036f70        0x1 obj_cooja/mtype916.a(simEnvChange.o)
                0x0000000000036f70                simDontFallAsleep
 *fill*         0x0000000000036f71        0x3 
 .bss           0x0000000000036f74        0x4 obj_cooja/mtype916.a(cooja_mt.o)
 .bss           0x0000000000036f78        0x4 obj_cooja/mtype916.a(cooja_mtarch.o)
 .bss           0x0000000000036f7c        0x0 obj_cooja/mtype916.a(rtimer-arch.o)
 .bss           0x0000000000036f7c        0x0 obj_cooja/mtype916.a(beep.o)
 .bss           0x0000000000036f7c        0x8 obj_cooja/mtype916.a(button-sensor.o)
 .bss           0x0000000000036f84        0x0 obj_cooja/mtype916.a(leds-arch.o)
 .bss           0x0000000000036f84        0x0 obj_cooja/mtype916.a(moteid.o)
 .bss           0x0000000000036f84        0x1 obj_cooja/mtype916.a(pir-sensor.o)
                0x0000000000036f84                simPirValue
 *fill*         0x0000000000036f85        0x3 
 .bss           0x0000000000036f88        0x4 obj_cooja/mtype916.a(rs232.o)
 .bss           0x0000000000036f8c        0x1 obj_cooja/mtype916.a(vib-sensor.o)
                0x0000000000036f8c                simVibValue
 .bss           0x0000000000036f8d        0x0 obj_cooja/mtype916.a(clock.o)
 *fill*         0x0000000000036f8d       0x13 
 .bss           0x0000000000036fa0     0x2020 obj_cooja/mtype916.a(cooja-log.o)
 .bss           0x0000000000038fc0      0xfc0 obj_cooja/mtype916.a(cfs-cooja.o)
                0x0000000000038fc0                simCFSData
                0x0000000000039f60                simCFSSize
                0x0000000000039f64                simCFSChanged
                0x0000000000039f68                simCFSRead
                0x0000000000039f6c                simCFSWritten
 .bss           0x0000000000039f80       0x24 obj_cooja/mtype916.a(cooja-radio.o)
                0x0000000000039f80                simReceiving
                0x0000000000039f84                simInSize
                0x0000000000039f88                simLastPacketTimestamp
                0x0000000000039f90                simOutSize
 .bss           0x0000000000039fa4        0xc obj_cooja/mtype916.a(eeprom.o)
                0x0000000000039fa4                simEEPROMChanged
                0x0000000000039fa8                simEEPROMRead
                0x0000000000039fac                simEEPROMWritten
 .bss           0x0000000000039fb0        0x0 obj_cooja/mtype916.a(random.o)
 .bss           0x0000000000039fb0        0xc obj_cooja/mtype916.a(sensors.o)
 .bss           0x0000000000039fbc        0x0 obj_cooja/mtype916.a(leds.o)
 .bss           0x0000000000039fbc       0x15 obj_cooja/mtype916.a(mqtt.o)
 .bss           0x0000000000039fd1        0x0 obj_cooja/mtype916.a(contiki-main.o)
 .bss           0x0000000000039fd1        0x0 obj_cooja/mtype916.a(autostart.o)
 *fill*         0x0000000000039fd1        0x3 
 .bss           0x0000000000039fd4        0x5 obj_cooja/mtype916.a(ctimer.o)
 .bss           0x0000000000039fd9        0x0 obj_cooja/mtype916.a(energest.o)
 *fill*         0x0000000000039fd9        0x3 
 .bss           0x0000000000039fdc        0x8 obj_cooja/mtype916.a(etimer.o)
 .bss           0x0000000000039fe4       0x28 obj_cooja/mtype916.a(log.o)
                0x0000000000039fe4                curr_log_level_rpl
                0x0000000000039fe8                curr_log_level_tcpip
                0x0000000000039fec                curr_log_level_ipv6
                0x0000000000039ff0                curr_log_level_6lowpan
                0x0000000000039ff4                curr_log_level_nullnet
                0x0000000000039ff8                curr_log_level_mac
                0x0000000000039ffc                curr_log_level_framer
                0x000000000003a000                curr_log_level_6top
                0x000000000003a004                curr_log_level_coap
                0x000000000003a008                curr_log_level_lwm2m
 *fill*         0x000000000003a00c       0x14 
 .bss           0x000000000003a020      0x1a1 obj_cooja/mtype916.a(process.o)
                0x000000000003a020                process_list
                0x000000000003a024                process_current
 *fill*         0x000000000003a1c1        0x3 
 .bss           0x000000000003a1c4        0x4 obj_cooja/mtype916.a(rtimer.o)
 .bss           0x000000000003a1c8        0x2 obj_cooja/mtype916.a(node-id.o)
                0x000000000003a1c8                node_id
 .bss           0x000000000003a1ca        0x0 obj_cooja/mtype916.a(timer.o)
 *fill*         0x000000000003a1ca       0x16 
 .bss           0x000000000003a1e0      0x140 obj_cooja/mtype916.a(serial-line.o)
 .bss           0x000000000003a320        0x0 obj_cooja/mtype916.a(list.o)
 .bss           0x000000000003a320        0x0 obj_cooja/mtype916.a(ringbuf.o)
 .bss           0x000000000003a320       0xa0 obj_cooja/mtype916.a(packetbuf.o)
 .bss           0x000000000003a3c0        0x4 obj_cooja/mtype916.a(netstack.o)
 .bss           0x000000000003a3c4        0x0 obj_cooja/mtype916.a(linkaddr.o)
 .bss           0x000000000003a3c4        0x0 obj_cooja/mtype916.a(csma.o)
 *fill*         0x000000000003a3c4       0x1c 
 .bss           0x000000000003a3e0      0x726 obj_cooja/mtype916.a(csma-output.o)
 *fill*         0x000000000003ab06        0x2 
 .bss           0x000000000003ab08       0x20 obj_cooja/mtype916.a(uip-ds6.o)
 .bss           0x000000000003ab28        0x5 obj_cooja/mtype916.a(tcp-socket.o)
 *fill*         0x000000000003ab2d       0x13 
 .bss           0x000000000003ab40       0xc4 obj_cooja/mtype916.a(tcpip.o)
 *fill*         0x000000000003ac04       0x1c 
 .bss           0x000000000003ac20       0x60 obj_cooja/mtype916.a(uip-ds6-route.o)
 .bss           0x000000000003ac80        0xc obj_cooja/mtype916.a(uip6.o)
                0x000000000003ac80                uip_ext_bitmap
                0x000000000003ac81                uip_ext_len
                0x000000000003ac82                uip_ext_opt_offset
 *fill*         0x000000000003ac8c       0x14 
 .bss           0x000000000003aca0     0x1c20 obj_cooja/mtype916.a(uip-ds6-nbr.o)
 .bss           0x000000000003c8c0       0x10 obj_cooja/mtype916.a(uip-nd6.o)
 *fill*         0x000000000003c8d0       0x10 
 .bss           0x000000000003c8e0      0x724 obj_cooja/mtype916.a(sicslowpan.o)
 .bss           0x000000000003d004        0x0 obj_cooja/mtype916.a(uiplib.o)
 .bss           0x000000000003d004        0x1 obj_cooja/mtype916.a(rpl.o)
 .bss           0x000000000003d005        0x0 obj_cooja/mtype916.a(rpl-icmp6.o)
 .bss           0x000000000003d005        0x0 obj_cooja/mtype916.a(rpl-dag.o)
 *fill*         0x000000000003d005        0x3 
 .bss           0x000000000003d008       0x11 obj_cooja/mtype916.a(rpl-dag-root.o)
 .bss           0x000000000003d019        0x0 obj_cooja/mtype916.a(watchdog.o)
 .bss           0x000000000003d019        0x0 obj_cooja/mtype916.a(stimer.o)
 .bss           0x000000000003d019        0x0 obj_cooja/mtype916.a(memb.o)
 *fill*         0x000000000003d019        0x7 
 .bss           0x000000000003d020     0x2c80 obj_cooja/mtype916.a(queuebuf.o)
 .bss           0x000000000003fca0     0x1214 obj_cooja/mtype916.a(nbr-table.o)
 *fill*         0x0000000000040eb4        0xc 
 .bss           0x0000000000040ec0      0xe10 obj_cooja/mtype916.a(link-stats.o)
 *fill*         0x0000000000041cd0       0x10 
 .bss           0x0000000000041ce0      0x100 obj_cooja/mtype916.a(mac-sequence.o)
 .bss           0x0000000000041de0        0x0 obj_cooja/mtype916.a(mac.o)
 .bss           0x0000000000041de0        0x2 obj_cooja/mtype916.a(framer-802154.o)
 .bss           0x0000000000041de2        0x0 obj_cooja/mtype916.a(frame802154.o)
 *fill*         0x0000000000041de2        0x2 
 .bss           0x0000000000041de4        0xc obj_cooja/mtype916.a(uipbuf.o)
 .bss           0x0000000000041df0       0x18 obj_cooja/mtype916.a(uip-icmp6.o)
 *fill*         0x0000000000041e08       0x18 
 .bss           0x0000000000041e20     0x1d80 obj_cooja/mtype916.a(uip-sr.o)
 .bss           0x0000000000043ba0      0xa78 obj_cooja/mtype916.a(uip-packetqueue)
 .bss           0x0000000000044618        0xe obj_cooja/mtype916.a(rpl-nbr-policy.)
 *fill*         0x0000000000044626       0x1a 
 .bss           0x0000000000044640      0x960 obj_cooja/mtype916.a(rpl-neighbor.o)
 .bss           0x0000000000044fa0       0x40 obj_cooja/mtype916.a(rpl-timers.o)
 .bss           0x0000000000044fe0        0x0 obj_cooja/mtype916.a(rpl-ext-header.)
 .bss           0x0000000000044fe0        0x0 obj_cooja/mtype916.a(rpl-mrhof.o)
 .bss           0x0000000000044fe0        0x0 /usr/lib/gcc/i686-linux-gnu/5/crtendS.o
 .bss           0x0000000000044fe0        0x0 /usr/lib/gcc/i686-linux-gnu/5/../../../i386-linux-gnu/crtn.o
 *(COMMON)
 COMMON         0x0000000000044fe0        0x8 obj_cooja/mtype916.o
                0x0000000000044fe0                referenceVar
                0x0000000000044fe4                sensors_flags
 COMMON         0x0000000000044fe8        0xc obj_cooja/mtype916.a(simEnvChange.o)
                0x0000000000044fe8                simEtimerPending
                0x0000000000044fec                simProcessRunValue
                0x0000000000044ff0                simEtimerNextExpirationTime
 *fill*         0x0000000000044ff4        0x4 
 COMMON         0x0000000000044ff8       0x18 obj_cooja/mtype916.a(rtimer-arch.o)
                0x0000000000044ff8                simRtimerPending
                0x0000000000045000                simRtimerCurrentTicks
                0x0000000000045008                simRtimerNextExpirationTime
 COMMON         0x0000000000045010        0x1 obj_cooja/mtype916.a(beep.o)
                0x0000000000045010                simBeeped
 COMMON         0x0000000000045011        0x3 obj_cooja/mtype916.a(button-sensor.o)
                0x0000000000045011                simButtonIsActive
                0x0000000000045012                simButtonIsDown
                0x0000000000045013                simButtonChanged
 COMMON         0x0000000000045014        0x1 obj_cooja/mtype916.a(leds-arch.o)
                0x0000000000045014                simLedsValue
 *fill*         0x0000000000045015        0x3 
 COMMON         0x0000000000045018        0xc obj_cooja/mtype916.a(moteid.o)
                0x0000000000045018                simRandomSeed
                0x000000000004501c                simMoteIDChanged
                0x0000000000045020                simMoteID
 COMMON         0x0000000000045024        0x2 obj_cooja/mtype916.a(pir-sensor.o)
                0x0000000000045024                simPirIsActive
                0x0000000000045025                simPirChanged
 *fill*         0x0000000000045026       0x1a 
 COMMON         0x0000000000045040      0x820 obj_cooja/mtype916.a(rs232.o)
                0x0000000000045040                simSerialReceivingFlag
                0x0000000000045044                simSerialReceivingLength
                0x0000000000045060                simSerialReceivingData
 COMMON         0x0000000000045860        0x2 obj_cooja/mtype916.a(vib-sensor.o)
                0x0000000000045860                simVibChanged
                0x0000000000045861                simVibIsActive
 *fill*         0x0000000000045862        0x2 
 COMMON         0x0000000000045864        0x4 obj_cooja/mtype916.a(clock.o)
                0x0000000000045864                simCurrentTime
 *fill*         0x0000000000045868       0x18 
 COMMON         0x0000000000045880     0x2020 obj_cooja/mtype916.a(cooja-log.o)
                0x0000000000045880                simLoggedLength
                0x0000000000045884                simLoggedFlag
                0x00000000000458a0                simLoggedData
 COMMON         0x00000000000478a0      0x100 obj_cooja/mtype916.a(cooja-radio.o)
                0x00000000000478a0                simOutDataBuffer
                0x0000000000047920                simInDataBuffer
 COMMON         0x00000000000479a0      0x400 obj_cooja/mtype916.a(eeprom.o)
                0x00000000000479a0                simEEPROMData
 COMMON         0x0000000000047da0        0x1 obj_cooja/mtype916.a(sensors.o)
                0x0000000000047da0                sensors_event
 COMMON         0x0000000000047da1        0x1 obj_cooja/mtype916.a(mqtt.o)
                0x0000000000047da1                mqtt_update_event
 *fill*         0x0000000000047da2        0x2 
 COMMON         0x0000000000047da4       0x50 obj_cooja/mtype916.a(contiki-main.o)
                0x0000000000047da4                eb_per_time_source
                0x0000000000047db8                unicast_per_neighbor_rpl_storing
                0x0000000000047dcc                unicast_per_neighbor_rpl_ns
                0x0000000000047de0                default_common
 COMMON         0x0000000000047df4        0x1 obj_cooja/mtype916.a(serial-line.o)
                0x0000000000047df4                serial_line_event_message
 *fill*         0x0000000000047df5        0x3 
 COMMON         0x0000000000047df8       0x2c obj_cooja/mtype916.a(packetbuf.o)
                0x0000000000047df8                packetbuf_attrs
                0x0000000000047e14                packetbuf_addrs
 COMMON         0x0000000000047e24        0x8 obj_cooja/mtype916.a(linkaddr.o)
                0x0000000000047e24                linkaddr_node_addr
 *fill*         0x0000000000047e2c       0x14 
 COMMON         0x0000000000047e40      0x181 obj_cooja/mtype916.a(uip-ds6.o)
                0x0000000000047e40                uip_ds6_prefix_list
                0x0000000000047ea0                uip_ds6_timer_periodic
                0x0000000000047eb0                uip_ds6_netif_addr_list_offset
                0x0000000000047ec0                uip_ds6_if
                0x0000000000047fb8                uip_ds6_timer_ra
                0x0000000000047fc0                uip_ds6_addr_size
 COMMON         0x0000000000047fc1        0x1 obj_cooja/mtype916.a(tcpip.o)
                0x0000000000047fc1                tcpip_event
 *fill*         0x0000000000047fc2       0x1e 
 COMMON         0x0000000000047fe0      0x80c obj_cooja/mtype916.a(uip6.o)
                0x0000000000047fe0                uip_slen
                0x0000000000047fe4                uip_acc32
                0x0000000000048000                uip_conns
                0x0000000000048180                uip_lladdr
                0x0000000000048188                uip_appdata
                0x000000000004818c                uip_flags
                0x00000000000481a0                uip_aligned_buf
                0x00000000000486a0                uip_listenports
                0x00000000000486c8                uip_len
                0x00000000000486cc                uip_sappdata
                0x00000000000486e0                uip_udp_conns
                0x00000000000487e0                uip_udp_conn
                0x00000000000487e4                uip_next_hdr
                0x00000000000487e8                uip_conn
 COMMON         0x00000000000487ec       0x10 obj_cooja/mtype916.a(rpl.o)
                0x00000000000487ec                rpl_multicast_addr
 *fill*         0x00000000000487fc        0x4 
 COMMON         0x0000000000048800      0x164 obj_cooja/mtype916.a(rpl-dag.o)
                0x0000000000048800                curr_instance
 *fill*         0x0000000000048964       0x1c 
 COMMON         0x0000000000048980       0x20 obj_cooja/mtype916.a(link-stats.o)
                0x0000000000048980                periodic_timer
                0x00000000000489a0                . = ALIGN ((. != 0x0)?0x4:0x1)
                0x00000000000489a0                . = ALIGN (0x4)
                0x00000000000489a0                . = SEGMENT_START ("ldata-segment", .)
                0x00000000000489a0                . = ALIGN (0x4)
                0x00000000000489a0                _end = .
                [!provide]                        PROVIDE (end, .)
                0x00000000000489a0                . = DATA_SEGMENT_END (.)

.stab
 *(.stab)

.stabstr
 *(.stabstr)

.stab.excl
 *(.stab.excl)

.stab.exclstr
 *(.stab.exclstr)

.stab.index
 *(.stab.index)

.stab.indexstr
 *(.stab.indexstr)

.comment        0x0000000000000000       0x35
 *(.comment)
 .comment       0x0000000000000000       0x35 /usr/lib/gcc/i686-linux-gnu/5/crtbeginS.o
                                         0x36 (size before relaxing)
 .comment       0x0000000000000035       0x36 temp_s.o
 .comment       0x0000000000000035       0x36 obj_cooja/mtype916.o
 .comment       0x0000000000000035       0x36 obj_cooja/mtype916.a(simEnvChange.o)
 .comment       0x0000000000000035       0x36 obj_cooja/mtype916.a(cooja_mt.o)
 .comment       0x0000000000000035       0x36 obj_cooja/mtype916.a(cooja_mtarch.o)
 .comment       0x0000000000000035       0x36 obj_cooja/mtype916.a(rtimer-arch.o)
 .comment       0x0000000000000035       0x36 obj_cooja/mtype916.a(beep.o)
 .comment       0x0000000000000035       0x36 obj_cooja/mtype916.a(button-sensor.o)
 .comment       0x0000000000000035       0x36 obj_cooja/mtype916.a(leds-arch.o)
 .comment       0x0000000000000035       0x36 obj_cooja/mtype916.a(moteid.o)
 .comment       0x0000000000000035       0x36 obj_cooja/mtype916.a(pir-sensor.o)
 .comment       0x0000000000000035       0x36 obj_cooja/mtype916.a(rs232.o)
 .comment       0x0000000000000035       0x36 obj_cooja/mtype916.a(vib-sensor.o)
 .comment       0x0000000000000035       0x36 obj_cooja/mtype916.a(clock.o)
 .comment       0x0000000000000035       0x36 obj_cooja/mtype916.a(cooja-log.o)
 .comment       0x0000000000000035       0x36 obj_cooja/mtype916.a(cfs-cooja.o)
 .comment       0x0000000000000035       0x36 obj_cooja/mtype916.a(cooja-radio.o)
 .comment       0x0000000000000035       0x36 obj_cooja/mtype916.a(eeprom.o)
 .comment       0x0000000000000035       0x36 obj_cooja/mtype916.a(random.o)
 .comment       0x0000000000000035       0x36 obj_cooja/mtype916.a(sensors.o)
 .comment       0x0000000000000035       0x36 obj_cooja/mtype916.a(leds.o)
 .comment       0x0000000000000035       0x36 obj_cooja/mtype916.a(mqtt.o)
 .comment       0x0000000000000035       0x36 obj_cooja/mtype916.a(contiki-main.o)
 .comment       0x0000000000000035       0x36 obj_cooja/mtype916.a(autostart.o)
 .comment       0x0000000000000035       0x36 obj_cooja/mtype916.a(ctimer.o)
 .comment       0x0000000000000035       0x36 obj_cooja/mtype916.a(energest.o)
 .comment       0x0000000000000035       0x36 obj_cooja/mtype916.a(etimer.o)
 .comment       0x0000000000000035       0x36 obj_cooja/mtype916.a(log.o)
 .comment       0x0000000000000035       0x36 obj_cooja/mtype916.a(process.o)
 .comment       0x0000000000000035       0x36 obj_cooja/mtype916.a(rtimer.o)
 .comment       0x0000000000000035       0x36 obj_cooja/mtype916.a(node-id.o)
 .comment       0x0000000000000035       0x36 obj_cooja/mtype916.a(timer.o)
 .comment       0x0000000000000035       0x36 obj_cooja/mtype916.a(serial-line.o)
 .comment       0x0000000000000035       0x36 obj_cooja/mtype916.a(list.o)
 .comment       0x0000000000000035       0x36 obj_cooja/mtype916.a(ringbuf.o)
 .comment       0x0000000000000035       0x36 obj_cooja/mtype916.a(packetbuf.o)
 .comment       0x0000000000000035       0x36 obj_cooja/mtype916.a(netstack.o)
 .comment       0x0000000000000035       0x36 obj_cooja/mtype916.a(linkaddr.o)
 .comment       0x0000000000000035       0x36 obj_cooja/mtype916.a(csma.o)
 .comment       0x0000000000000035       0x36 obj_cooja/mtype916.a(csma-output.o)
 .comment       0x0000000000000035       0x36 obj_cooja/mtype916.a(uip-ds6.o)
 .comment       0x0000000000000035       0x36 obj_cooja/mtype916.a(tcp-socket.o)
 .comment       0x0000000000000035       0x36 obj_cooja/mtype916.a(tcpip.o)
 .comment       0x0000000000000035       0x36 obj_cooja/mtype916.a(uip-ds6-route.o)
 .comment       0x0000000000000035       0x36 obj_cooja/mtype916.a(uip6.o)
 .comment       0x0000000000000035       0x36 obj_cooja/mtype916.a(uip-ds6-nbr.o)
 .comment       0x0000000000000035       0x36 obj_cooja/mtype916.a(uip-nd6.o)
 .comment       0x0000000000000035       0x36 obj_cooja/mtype916.a(sicslowpan.o)
 .comment       0x0000000000000035       0x36 obj_cooja/mtype916.a(uiplib.o)
 .comment       0x0000000000000035       0x36 obj_cooja/mtype916.a(rpl.o)
 .comment       0x0000000000000035       0x36 obj_cooja/mtype916.a(rpl-icmp6.o)
 .comment       0x0000000000000035       0x36 obj_cooja/mtype916.a(rpl-dag.o)
 .comment       0x0000000000000035       0x36 obj_cooja/mtype916.a(rpl-dag-root.o)
 .comment       0x0000000000000035       0x36 obj_cooja/mtype916.a(watchdog.o)
 .comment       0x0000000000000035       0x36 obj_cooja/mtype916.a(stimer.o)
 .comment       0x0000000000000035       0x36 obj_cooja/mtype916.a(memb.o)
 .comment       0x0000000000000035       0x36 obj_cooja/mtype916.a(queuebuf.o)
 .comment       0x0000000000000035       0x36 obj_cooja/mtype916.a(nbr-table.o)
 .comment       0x0000000000000035       0x36 obj_cooja/mtype916.a(link-stats.o)
 .comment       0x0000000000000035       0x36 obj_cooja/mtype916.a(mac-sequence.o)
 .comment       0x0000000000000035       0x36 obj_cooja/mtype916.a(mac.o)
 .comment       0x0000000000000035       0x36 obj_cooja/mtype916.a(framer-802154.o)
 .comment       0x0000000000000035       0x36 obj_cooja/mtype916.a(frame802154.o)
 .comment       0x0000000000000035       0x36 obj_cooja/mtype916.a(uipbuf.o)
 .comment       0x0000000000000035       0x36 obj_cooja/mtype916.a(uip-icmp6.o)
 .comment       0x0000000000000035       0x36 obj_cooja/mtype916.a(uip-sr.o)
 .comment       0x0000000000000035       0x36 obj_cooja/mtype916.a(uip-packetqueue)
 .comment       0x0000000000000035       0x36 obj_cooja/mtype916.a(rpl-nbr-policy.)
 .comment       0x0000000000000035       0x36 obj_cooja/mtype916.a(rpl-neighbor.o)
 .comment       0x0000000000000035       0x36 obj_cooja/mtype916.a(rpl-timers.o)
 .comment       0x0000000000000035       0x36 obj_cooja/mtype916.a(rpl-ext-header.)
 .comment       0x0000000000000035       0x36 obj_cooja/mtype916.a(rpl-mrhof.o)
 .comment       0x0000000000000035       0x36 /usr/lib/gcc/i686-linux-gnu/5/crtendS.o

.debug
 *(.debug)

.line
 *(.line)

.debug_srcinfo
 *(.debug_srcinfo)

.debug_sfnames
 *(.debug_sfnames)

.debug_aranges  0x0000000000000000      0x900
 *(.debug_aranges)
 .debug_aranges
                0x0000000000000000       0x20 temp_s.o
 .debug_aranges
                0x0000000000000020       0x20 obj_cooja/mtype916.o
 .debug_aranges
                0x0000000000000040       0x20 obj_cooja/mtype916.a(simEnvChange.o)
 .debug_aranges
                0x0000000000000060       0x20 obj_cooja/mtype916.a(cooja_mt.o)
 .debug_aranges
                0x0000000000000080       0x20 obj_cooja/mtype916.a(cooja_mtarch.o)
 .debug_aranges
                0x00000000000000a0       0x20 obj_cooja/mtype916.a(rtimer-arch.o)
 .debug_aranges
                0x00000000000000c0       0x20 obj_cooja/mtype916.a(beep.o)
 .debug_aranges
                0x00000000000000e0       0x20 obj_cooja/mtype916.a(button-sensor.o)
 .debug_aranges
                0x0000000000000100       0x20 obj_cooja/mtype916.a(leds-arch.o)
 .debug_aranges
                0x0000000000000120       0x20 obj_cooja/mtype916.a(moteid.o)
 .debug_aranges
                0x0000000000000140       0x20 obj_cooja/mtype916.a(pir-sensor.o)
 .debug_aranges
                0x0000000000000160       0x20 obj_cooja/mtype916.a(rs232.o)
 .debug_aranges
                0x0000000000000180       0x20 obj_cooja/mtype916.a(vib-sensor.o)
 .debug_aranges